Component: ARM Compiler 5.06 update 6 (build 750) Tool: armlink [4d35ed]

==============================================================================

Section Cross References

    startup_stm32f401xc.o(STACK) refers (Special) to heapauxi.o(.text) for __use_two_region_memory
    startup_stm32f401xc.o(HEAP) refers (Special) to heapauxi.o(.text) for __use_two_region_memory
    startup_stm32f401xc.o(RESET) refers (Special) to heapauxi.o(.text) for __use_two_region_memory
    startup_stm32f401xc.o(RESET) refers to startup_stm32f401xc.o(STACK) for __initial_sp
    startup_stm32f401xc.o(RESET) refers to startup_stm32f401xc.o(.text) for Reset_Handler
    startup_stm32f401xc.o(RESET) refers to stm32f4xx_it.o(i.NMI_Handler) for NMI_Handler
    startup_stm32f401xc.o(RESET) refers to stm32f4xx_it.o(i.HardFault_Handler) for HardFault_Handler
    startup_stm32f401xc.o(RESET) refers to stm32f4xx_it.o(i.MemManage_Handler) for MemManage_Handler
    startup_stm32f401xc.o(RESET) refers to stm32f4xx_it.o(i.BusFault_Handler) for BusFault_Handler
    startup_stm32f401xc.o(RESET) refers to stm32f4xx_it.o(i.UsageFault_Handler) for UsageFault_Handler
    startup_stm32f401xc.o(RESET) refers to stm32f4xx_it.o(i.SVC_Handler) for SVC_Handler
    startup_stm32f401xc.o(RESET) refers to stm32f4xx_it.o(i.DebugMon_Handler) for DebugMon_Handler
    startup_stm32f401xc.o(RESET) refers to stm32f4xx_it.o(i.PendSV_Handler) for PendSV_Handler
    startup_stm32f401xc.o(RESET) refers to stm32f4xx_it.o(i.SysTick_Handler) for SysTick_Handler
    startup_stm32f401xc.o(RESET) refers to stm32f4xx_it.o(i.DMA1_Stream3_IRQHandler) for DMA1_Stream3_IRQHandler
    startup_stm32f401xc.o(RESET) refers to stm32f4xx_it.o(i.DMA1_Stream4_IRQHandler) for DMA1_Stream4_IRQHandler
    startup_stm32f401xc.o(RESET) refers to stm32f4xx_it.o(i.TIM4_IRQHandler) for TIM4_IRQHandler
    startup_stm32f401xc.o(RESET) refers to stm32f4xx_it.o(i.SPI2_IRQHandler) for SPI2_IRQHandler
    startup_stm32f401xc.o(.text) refers (Special) to heapauxi.o(.text) for __use_two_region_memory
    startup_stm32f401xc.o(.text) refers to system_stm32f4xx.o(i.SystemInit) for SystemInit
    startup_stm32f401xc.o(.text) refers to __main.o(!!!main) for __main
    startup_stm32f401xc.o(.text) refers to startup_stm32f401xc.o(HEAP) for Heap_Mem
    startup_stm32f401xc.o(.text) refers to startup_stm32f401xc.o(STACK) for Stack_Mem
    main.o(i.HAL_TIM_PeriodElapsedCallback) refers to main.o(.data) for .data
    main.o(i.MX_GPIO_Init) refers to rt_memclr_w.o(.text) for __aeabi_memclr4
    main.o(i.MX_GPIO_Init) refers to stm32f4xx_hal_gpio.o(i.HAL_GPIO_WritePin) for HAL_GPIO_WritePin
    main.o(i.MX_GPIO_Init) refers to stm32f4xx_hal_gpio.o(i.HAL_GPIO_Init) for HAL_GPIO_Init
    main.o(i.MX_SPI2_Init) refers to stm32f4xx_hal_spi.o(i.HAL_SPI_Init) for HAL_SPI_Init
    main.o(i.MX_SPI2_Init) refers to main.o(.bss) for .bss
    main.o(i.MX_TIM4_Init) refers to stm32f4xx_hal_tim.o(i.HAL_TIM_Base_Init) for HAL_TIM_Base_Init
    main.o(i.MX_TIM4_Init) refers to stm32f4xx_hal_tim.o(i.HAL_TIM_ConfigClockSource) for HAL_TIM_ConfigClockSource
    main.o(i.MX_TIM4_Init) refers to stm32f4xx_hal_tim_ex.o(i.HAL_TIMEx_MasterConfigSynchronization) for HAL_TIMEx_MasterConfigSynchronization
    main.o(i.MX_TIM4_Init) refers to dflt_clz.o(x$fpl$dfltu) for __aeabi_ui2d
    main.o(i.MX_TIM4_Init) refers to ddiv.o(x$fpl$ddiv) for __aeabi_ddiv
    main.o(i.MX_TIM4_Init) refers to daddsub_clz.o(x$fpl$dsub) for __aeabi_dsub
    main.o(i.MX_TIM4_Init) refers to dfixu.o(x$fpl$dfixu) for __aeabi_d2uiz
    main.o(i.MX_TIM4_Init) refers to stm32f4xx_hal_tim.o(i.HAL_TIM_Base_Start_IT) for HAL_TIM_Base_Start_IT
    main.o(i.MX_TIM4_Init) refers to main.o(.bss) for .bss
    main.o(i.MX_TIM4_Init) refers to system_stm32f4xx.o(.data) for SystemCoreClock
    main.o(i.SystemClock_Config) refers to rt_memclr_w.o(.text) for __aeabi_memclr4
    main.o(i.SystemClock_Config) refers to stm32f4xx_hal_rcc.o(i.HAL_RCC_OscConfig) for HAL_RCC_OscConfig
    main.o(i.SystemClock_Config) refers to stm32f4xx_hal_rcc.o(i.HAL_RCC_ClockConfig) for HAL_RCC_ClockConfig
    main.o(i.main) refers to stm32f4xx_hal.o(i.HAL_Init) for HAL_Init
    main.o(i.main) refers to main.o(i.SystemClock_Config) for SystemClock_Config
    main.o(i.main) refers to main.o(i.MX_GPIO_Init) for MX_GPIO_Init
    main.o(i.main) refers to stm32f4xx_hal_cortex.o(i.HAL_NVIC_SetPriority) for HAL_NVIC_SetPriority
    main.o(i.main) refers to stm32f4xx_hal_cortex.o(i.HAL_NVIC_EnableIRQ) for HAL_NVIC_EnableIRQ
    main.o(i.main) refers to main.o(i.MX_SPI2_Init) for MX_SPI2_Init
    main.o(i.main) refers to main.o(i.MX_TIM4_Init) for MX_TIM4_Init
    main.o(i.main) refers to stm32f4xx_hal_uart.o(i.HAL_UART_Init) for HAL_UART_Init
    main.o(i.main) refers to stm32f4xx_hal.o(i.HAL_Delay) for HAL_Delay
    main.o(i.main) refers to icm_20948.o(i.icm_20948_init) for icm_20948_init
[...]
    DMA_SetConfig                            0x0800066d   Thumb Code    40  stm32f4xx_hal_dma.o(i.DMA_SetConfig)
    i.DebugMon_Handler                       0x08000694   Section        0  stm32f4xx_it.o(i.DebugMon_Handler)
    i.Error_Handler                          0x08000696   Section        0  main.o(i.Error_Handler)
    i.HAL_DMA_Abort_IT                       0x0800069a   Section        0  stm32f4xx_hal_dma.o(i.HAL_DMA_Abort_IT)
    i.HAL_DMA_IRQHandler                     0x080006c0   Section        0  stm32f4xx_hal_dma.o(i.HAL_DMA_IRQHandler)
    i.HAL_DMA_Init                           0x08000860   Section        0  stm32f4xx_hal_dma.o(i.HAL_DMA_Init)
    i.HAL_DMA_Start_IT                       0x08000934   Section        0  stm32f4xx_hal_dma.o(i.HAL_DMA_Start_IT)
    i.HAL_Delay                              0x080009a4   Section        0  stm32f4xx_hal.o(i.HAL_Delay)
    i.HAL_GPIO_Init                          0x080009c8   Section        0  stm32f4xx_hal_gpio.o(i.HAL_GPIO_Init)
    i.HAL_GPIO_WritePin                      0x08000ba8   Section        0  stm32f4xx_hal_gpio.o(i.HAL_GPIO_WritePin)
    i.HAL_GetTick                            0x08000bb4   Section        0  stm32f4xx_hal.o(i.HAL_GetTick)
    i.HAL_IncTick                            0x08000bc0   Section        0  stm32f4xx_hal.o(i.HAL_IncTick)
    i.HAL_Init                               0x08000bd0   Section        0  stm32f4xx_hal.o(i.HAL_Init)
    i.HAL_InitTick                           0x08000c04   Section        0  stm32f4xx_hal.o(i.HAL_InitTick)
    i.HAL_MspInit                            0x08000c44   Section        0  stm32f4xx_hal_msp.o(i.HAL_MspInit)
    i.HAL_NVIC_EnableIRQ                     0x08000c74   Section        0  stm32f4xx_hal_cortex.o(i.HAL_NVIC_EnableIRQ)
    i.HAL_NVIC_SetPriority                   0x08000c90   Section        0  stm32f4xx_hal_cortex.o(i.HAL_NVIC_SetPriority)
    i.HAL_NVIC_SetPriorityGrouping           0x08000cd0   Section        0  stm32f4xx_hal_cortex.o(i.HAL_NVIC_SetPriorityGrouping)
    i.HAL_RCC_ClockConfig                    0x08000cf4   Section        0  stm32f4xx_hal_rcc.o(i.HAL_RCC_ClockConfig)
    i.HAL_RCC_GetPCLK1Freq                   0x08000e28   Section        0  stm32f4xx_hal_rcc.o(i.HAL_RCC_GetPCLK1Freq)
    i.HAL_RCC_GetPCLK2Freq                   0x08000e48   Section        0  stm32f4xx_hal_rcc.o(i.HAL_RCC_GetPCLK2Freq)
    i.HAL_RCC_GetSysClockFreq                0x08000e68   Section        0  stm32f4xx_hal_rcc.o(i.HAL_RCC_GetSysClockFreq)
    i.HAL_RCC_OscConfig                      0x08000ecc   Section        0  stm32f4xx_hal_rcc.o(i.HAL_RCC_OscConfig)
    i.HAL_SPI_ErrorCallback                  0x08001238   Section        0  stm32f4xx_hal_spi.o(i.HAL_SPI_ErrorCallback)
    i.HAL_SPI_IRQHandler                     0x0800123c   Section        0  stm32f4xx_hal_spi.o(i.HAL_SPI_IRQHandler)
    i.HAL_SPI_Init                           0x08001338   Section        0  stm32f4xx_hal_spi.o(i.HAL_SPI_Init)
    i.HAL_SPI_MspInit                        0x080013f4   Section        0  stm32f4xx_hal_msp.o(i.HAL_SPI_MspInit)
    i.HAL_SPI_Receive                        0x080014d0   Section        0  stm32f4xx_hal_spi.o(i.HAL_SPI_Receive)
    i.HAL_SPI_Receive_DMA                    0x08001624   Section        0  stm32f4xx_hal_spi.o(i.HAL_SPI_Receive_DMA)
    i.HAL_SPI_RxCpltCallback                 0x0800170c   Section        0  icm_20948.o(i.HAL_SPI_RxCpltCallback)
    i.HAL_SPI_RxHalfCpltCallback             0x0800171c   Section        0  stm32f4xx_hal_spi.o(i.HAL_SPI_RxHalfCpltCallback)
    i.HAL_SPI_Transmit                       0x0800171e   Section        0  stm32f4xx_hal_spi.o(i.HAL_SPI_Transmit)
    i.HAL_SPI_TransmitReceive                0x08001884   Section        0  stm32f4xx_hal_spi.o(i.HAL_SPI_TransmitReceive)
    i.HAL_SPI_TransmitReceive_DMA            0x08001a74   Section        0  stm32f4xx_hal_spi.o(i.HAL_SPI_TransmitReceive_DMA)
    i.HAL_SPI_TxRxCpltCallback               0x08001b84   Section        0  stm32f4xx_hal_spi.o(i.HAL_SPI_TxRxCpltCallback)
    i.HAL_SPI_TxRxHalfCpltCallback           0x08001b86   Section        0  stm32f4xx_hal_spi.o(i.HAL_SPI_TxRxHalfCpltCallback)
    i.HAL_SYSTICK_Config                     0x08001b88   Section        0  stm32f4xx_hal_cortex.o(i.HAL_SYSTICK_Config)
    i.HAL_TIMEx_BreakCallback                0x08001bb0   Section        0  stm32f4xx_hal_tim_ex.o(i.HAL_TIMEx_BreakCallback)
    i.HAL_TIMEx_CommutCallback               0x08001bb2   Section        0  stm32f4xx_hal_tim_ex.o(i.HAL_TIMEx_CommutCallback)
    i.HAL_TIMEx_MasterConfigSynchronization  0x08001bb4   Section        0  stm32f4xx_hal_tim_ex.o(i.HAL_TIMEx_MasterConfigSynchronization)
    i.HAL_TIM_Base_Init                      0x08001c30   Section        0  stm32f4xx_hal_tim.o(i.HAL_TIM_Base_Init)
    i.HAL_TIM_Base_MspInit                   0x08001c8c   Section        0  stm32f4xx_hal_msp.o(i.HAL_TIM_Base_MspInit)
    i.HAL_TIM_Base_Start_IT                  0x08001cc8   Section        0  stm32f4xx_hal_tim.o(i.HAL_TIM_Base_Start_IT)
    i.HAL_TIM_ConfigClockSource              0x08001d34   Section        0  stm32f4xx_hal_tim.o(i.HAL_TIM_ConfigClockSource)
    i.HAL_TIM_IC_CaptureCallback             0x08001e10   Section        0  stm32f4xx_hal_tim.o(i.HAL_TIM_IC_CaptureCallback)
    i.HAL_TIM_IRQHandler                     0x08001e12   Section        0  stm32f4xx_hal_tim.o(i.HAL_TIM_IRQHandler)
    i.HAL_TIM_OC_DelayElapsedCallback        0x08001f42   Section        0  stm32f4xx_hal_tim.o(i.HAL_TIM_OC_DelayElapsedCallback)
    i.HAL_TIM_PWM_PulseFinishedCallback      0x08001f44   Section        0  stm32f4xx_hal_tim.o(i.HAL_TIM_PWM_PulseFinishedCallback)
    i.HAL_TIM_PeriodElapsedCallback          0x08001f48   Section        0  main.o(i.HAL_TIM_PeriodElapsedCallback)
    i.HAL_TIM_TriggerCallback                0x08001f54   Section        0  stm32f4xx_hal_tim.o(i.HAL_TIM_TriggerCallback)
    i.HAL_UART_Init                          0x08001f56   Section        0  stm32f4xx_hal_uart.o(i.HAL_UART_Init)
    i.HAL_UART_MspInit                       0x08001fbc   Section        0  stm32f4xx_hal_msp.o(i.HAL_UART_MspInit)
    i.HAL_UART_Transmit                      0x08002024   Section        0  stm32f4xx_hal_uart.o(i.HAL_UART_Transmit)
    i.HardFault_Handler                      0x080020c4   Section        0  stm32f4xx_it.o(i.HardFault_Handler)
    i.MX_GPIO_Init                           0x080020c8   Section        0  main.o(i.MX_GPIO_Init)
    MX_GPIO_Init                             0x080020c9   Thumb Code    86  main.o(i.MX_GPIO_Init)
    i.MX_SPI2_Init                           0x08002128   Section        0  main.o(i.MX_SPI2_Init)
    MX_SPI2_Init                             0x08002129   Thumb Code    56  main.o(i.MX_SPI2_Init)
    i.MX_TIM4_Init                           0x08002168   Section        0  main.o(i.MX_TIM4_Init)
    MX_TIM4_Init                             0x08002169   Thumb Code   148  main.o(i.MX_TIM4_Init)
    i.MemManage_Handler                      0x08002218   Section        0  stm32f4xx_it.o(i.MemManage_Handler)
    i.NMI_Handler                            0x0800221a   Section        0  stm32f4xx_it.o(i.NMI_Handler)
    i.PendSV_Handler                         0x0800221c   Section        0  stm32f4xx_it.o(i.PendSV_Handler)
    i.SPI2_IRQHandler                        0x08002220   Section        0  stm32f4xx_it.o(i.SPI2_IRQHandler)
    i.SPI_DMAAbortOnError                    0x0800222c   Section        0  stm32f4xx_hal_spi.o(i.SPI_DMAAbortOnError)
    SPI_DMAAbortOnError                      0x0800222d   Thumb Code    16  stm32f4xx_hal_spi.o(i.SPI_DMAAbortOnError)
    i.SPI_DMAError                           0x0800223c   Section        0  stm32f4xx_hal_spi.o(i.SPI_DMAError)
    SPI_DMAError                             0x0800223d   Thumb Code    34  stm32f4xx_hal_spi.o(i.SPI_DMAError)
    i.SPI_DMAHalfReceiveCplt                 0x0800225e   Section        0  stm32f4xx_hal_spi.o(i.SPI_DMAHalfReceiveCplt)
    SPI_DMAHalfReceiveCplt                   0x0800225f   Thumb Code    10  stm32f4xx_hal_spi.o(i.SPI_DMAHalfReceiveCplt)
    i.SPI_DMAHalfTransmitReceiveCplt         0x08002268   Section        0  stm32f4xx_hal_spi.o(i.SPI_DMAHalfTransmitReceiveCplt)
    SPI_DMAHalfTransmitReceiveCplt           0x08002269   Thumb Code    10  stm32f4xx_hal_spi.o(i.SPI_DMAHalfTransmitReceiveCplt)
    i.SPI_DMAReceiveCplt                     0x08002272   Section        0  stm32f4xx_hal_spi.o(i.SPI_DMAReceiveCplt)
    SPI_DMAReceiveCplt                       0x08002273   Thumb Code   106  stm32f4xx_hal_spi.o(i.SPI_DMAReceiveCplt)
    i.SPI_DMATransmitReceiveCplt             0x080022dc   Section        0  stm32f4xx_hal_spi.o(i.SPI_DMATransmitReceiveCplt)
    SPI_DMATransmitReceiveCplt               0x080022dd   Thumb Code    90  stm32f4xx_hal_spi.o(i.SPI_DMATransmitReceiveCplt)
    i.SPI_EndRxTransaction                   0x08002336   Section        0  stm32f4xx_hal_spi.o(i.SPI_EndRxTransaction)
    SPI_EndRxTransaction                     0x08002337   Thumb Code    92  stm32f4xx_hal_spi.o(i.SPI_EndRxTransaction)
    i.SPI_EndRxTxTransaction                 0x08002394   Section        0  stm32f4xx_hal_spi.o(i.SPI_EndRxTxTransaction)
    SPI_EndRxTxTransaction                   0x08002395   Thumb Code    98  stm32f4xx_hal_spi.o(i.SPI_EndRxTxTransaction)
    i.SPI_WaitFlagStateUntilTimeout          0x08002400   Section        0  stm32f4xx_hal_spi.o(i.SPI_WaitFlagStateUntilTimeout)
    SPI_WaitFlagStateUntilTimeout            0x08002401   Thumb Code   182  stm32f4xx_hal_spi.o(i.SPI_WaitFlagStateUntilTimeout)
    i.SVC_Handler                            0x080024bc   Section        0  stm32f4xx_it.o(i.SVC_Handler)
    i.SysTick_Handler                        0x080024be   Section        0  stm32f4xx_it.o(i.SysTick_Handler)
    i.SystemClock_Config                     0x080024c4   Section        0  main.o(i.SystemClock_Config)
    i.SystemInit                             0x08002544   Section        0  system_stm32f4xx.o(i.SystemInit)
    i.TIM4_IRQHandler                        0x08002554   Section        0  stm32f4xx_it.o(i.TIM4_IRQHandler)
    i.TIM_Base_SetConfig                     0x08002560   Section        0  stm32f4xx_hal_tim.o(i.TIM_Base_SetConfig)
    i.TIM_ETR_SetConfig                      0x08002600   Section        0  stm32f4xx_hal_tim.o(i.TIM_ETR_SetConfig)
    i.TIM_ITRx_SetConfig                     0x08002614   Section        0  stm32f4xx_hal_tim.o(i.TIM_ITRx_SetConfig)
    TIM_ITRx_SetConfig                       0x08002615   Thumb Code    16  stm32f4xx_hal_tim.o(i.TIM_ITRx_SetConfig)
    i.TIM_TI1_ConfigInputStage               0x08002624   Section        0  stm32f4xx_hal_tim.o(i.TIM_TI1_ConfigInputStage)
    TIM_TI1_ConfigInputStage                 0x08002625   Thumb Code    34  stm32f4xx_hal_tim.o(i.TIM_TI1_ConfigInputStage)
    i.TIM_TI2_ConfigInputStage               0x08002646   Section        0  stm32f4xx_hal_tim.o(i.TIM_TI2_ConfigInputStage)
    TIM_TI2_ConfigInputStage                 0x08002647   Thumb Code    36  stm32f4xx_hal_tim.o(i.TIM_TI2_ConfigInputStage)
    i.UART_EndRxTransfer                     0x0800266a   Section        0  stm32f4xx_hal_uart.o(i.UART_EndRxTransfer)
    UART_EndRxTransfer                       0x0800266b   Thumb Code    78  stm32f4xx_hal_uart.o(i.UART_EndRxTransfer)
    i.UART_SetConfig                         0x080026b8   Section        0  stm32f4xx_hal_uart.o(i.UART_SetConfig)
    UART_SetConfig                           0x080026b9   Thumb Code   258  stm32f4xx_hal_uart.o(i.UART_SetConfig)
    i.UART_WaitOnFlagUntilTimeout            0x080027c4   Section        0  stm32f4xx_hal_uart.o(i.UART_WaitOnFlagUntilTimeout)
    UART_WaitOnFlagUntilTimeout              0x080027c5   Thumb Code   114  stm32f4xx_hal_uart.o(i.UART_WaitOnFlagUntilTimeout)
    i.UsageFault_Handler                     0x08002836   Section        0  stm32f4xx_it.o(i.UsageFault_Handler)
    i.__ARM_fpclassify                       0x08002838   Section        0  fpclassify.o(i.__ARM_fpclassify)
    i.__NVIC_SetPriority                     0x08002868   Section        0  stm32f4xx_hal_cortex.o(i.__NVIC_SetPriority)
    __NVIC_SetPriority                       0x08002869   Thumb Code    32  stm32f4xx_hal_cortex.o(i.__NVIC_SetPriority)
    i.__hardfp_atan                          0x08002888   Section        0  atan.o(i.__hardfp_atan)
    i.__hardfp_atan2                         0x08002b60   Section        0  atan2.o(i.__hardfp_atan2)
    i.__hardfp_pow                           0x08002d50   Section        0  pow.o(i.__hardfp_pow)
    i.__kernel_poly                          0x080039a0   Section        0  poly.o(i.__kernel_poly)
    i.__mathlib_dbl_divzero                  0x08003a98   Section        0  dunder.o(i.__mathlib_dbl_divzero)
    i.__mathlib_dbl_infnan                   0x08003ac8   Section        0  dunder.o(i.__mathlib_dbl_infnan)
    i.__mathlib_dbl_infnan2                  0x08003adc   Section        0  dunder.o(i.__mathlib_dbl_infnan2)
    i.__mathlib_dbl_invalid                  0x08003af0   Section        0  dunder.o(i.__mathlib_dbl_invalid)
    i.__mathlib_dbl_overflow                 0x08003b10   Section        0  dunder.o(i.__mathlib_dbl_overflow)
    i.__mathlib_dbl_underflow                0x08003b30   Section        0  dunder.o(i.__mathlib_dbl_underflow)
    i.acc_mag2euler                          0x08003b50   Section        0  euler_angles.o(i.acc_mag2euler)
    i.activate_imu                           0x08003c70   Section        0  icm_20948.o(i.activate_imu)
    activate_imu                             0x08003c71   Thumb Code    12  icm_20948.o(i.activate_imu)
    i.ak09916_mag_init                       0x08003c80   Section        0  icm_20948.o(i.ak09916_mag_init)
    ak09916_mag_init                         0x08003c81   Thumb Code   178  icm_20948.o(i.ak09916_mag_init)
    i.ak09916_write_reg                      0x08003d32   Section        0  icm_20948.o(i.ak09916_write_reg)
    ak09916_write_reg                        0x08003d33   Thumb Code    62  icm_20948.o(i.ak09916_write_reg)
    i.atan                                   0x08003d70   Section        0  atan.o(i.atan)
    i.complementary_filter_euler             0x08003d80   Section        0  euler_angles.o(i.complementary_filter_euler)
    i.deactivate_imu                         0x08003e0c   Section        0  icm_20948.o(i.deactivate_imu)
    deactivate_imu                           0x08003e0d   Thumb Code    10  icm_20948.o(i.deactivate_imu)
    i.fabs                                   0x08003e1c   Section        0  fabs.o(i.fabs)
    i.icm_20948_init                         0x08003e34   Section        0  icm_20948.o(i.icm_20948_init)
    i.icm_20948_read_data                    0x08003ed0   Section        0  icm_20948.o(i.icm_20948_read_data)
    i.icm_20948_read_reg                     0x08003f4c   Section        0  icm_20948.o(i.icm_20948_read_reg)
    i.icm_20948_write_reg                    0x08003f84   Section        0  icm_20948.o(i.icm_20948_write_reg)
    i.main                                   0x08003fb0   Section        0  main.o(i.main)
    i.remove_gyro_bias                       0x080040c0   Section        0  icm_20948.o(i.remove_gyro_bias)
    remove_gyro_bias                         0x080040c1   Thumb Code   154  icm_20948.o(i.remove_gyro_bias)
    i.sel_user_bank                          0x0800415c   Section        0  icm_20948.o(i.sel_user_bank)
    sel_user_bank                            0x0800415d   Thumb Code    46  icm_20948.o(i.sel_user_bank)
    i.sensor2imu                             0x08004190   Section        0  imu_data.o(i.sensor2imu)
    i.sqrt                                   0x080043bc   Section        0  sqrt.o(i.sqrt)
    i.update_euler_gyro                      0x0800442c   Section        0  euler_angles.o(i.update_euler_gyro)
    x$fpl$basic                              0x08004580   Section       24  basic.o(x$fpl$basic)
    $v0                                      0x08004580   Number         0  basic.o(x$fpl$basic)
    x$fpl$d2f                                0x08004598   Section       98  d2f.o(x$fpl$d2f)
    $v0                                      0x08004598   Number         0  d2f.o(x$fpl$d2f)
    x$fpl$dadd                               0x080045fc   Section      336  daddsub_clz.o(x$fpl$dadd)
    $v0                                      0x080045fc   Number         0  daddsub_clz.o(x$fpl$dadd)
    _dadd1                                   0x0800460d   Thumb Code     0  daddsub_clz.o(x$fpl$dadd)
    x$fpl$dcheck1                            0x0800474c   Section       16  dcheck1.o(x$fpl$dcheck1)
    $v0                                      0x0800474c   Number         0  dcheck1.o(x$fpl$dcheck1)
    x$fpl$dcmpinf                            0x0800475c   Section       24  dcmpi.o(x$fpl$dcmpinf)
    $v0                                      0x0800475c   Number         0  dcmpi.o(x$fpl$dcmpinf)
    x$fpl$ddiv                               0x08004774   Section      688  ddiv.o(x$fpl$ddiv)
    $v0                                      0x08004774   Number         0  ddiv.o(x$fpl$ddiv)
    ddiv_entry                               0x0800477b   Thumb Code     0  ddiv.o(x$fpl$ddiv)
    x$fpl$dfixu                              0x08004a24   Section       90  dfixu.o(x$fpl$dfixu)
    $v0                                      0x08004a24   Number         0  dfixu.o(x$fpl$dfixu)
    x$fpl$dflt                               0x08004a7e   Section       46  dflt_clz.o(x$fpl$dflt)
    $v0                                      0x08004a7e   Number         0  dflt_clz.o(x$fpl$dflt)
    x$fpl$dfltu                              0x08004aac   Section       38  dflt_clz.o(x$fpl$dfltu)
    $v0                                      0x08004aac   Number         0  dflt_clz.o(x$fpl$dfltu)
    x$fpl$dleqf                              0x08004ad4   Section      120  dleqf.o(x$fpl$dleqf)
    $v0                                      0x08004ad4   Number         0  dleqf.o(x$fpl$dleqf)
    x$fpl$dmul                               0x08004b4c   Section      340  dmul.o(x$fpl$dmul)
    $v0                                      0x08004b4c   Number         0  dmul.o(x$fpl$dmul)
    x$fpl$dnaninf                            0x08004ca0   Section      156  dnaninf.o(x$fpl$dnaninf)
    $v0                                      0x08004ca0   Number         0  dnaninf.o(x$fpl$dnaninf)
    x$fpl$dretinf                            0x08004d3c   Section       12  dretinf.o(x$fpl$dretinf)
    $v0                                      0x08004d3c   Number         0  dretinf.o(x$fpl$dretinf)
    x$fpl$drleqf                             0x08004d48   Section      108  drleqf.o(x$fpl$drleqf)
    $v0                                      0x08004d48   Number         0  drleqf.o(x$fpl$drleqf)
    x$fpl$drsb                               0x08004db4   Section       22  daddsub_clz.o(x$fpl$drsb)
    $v0                                      0x08004db4   Number         0  daddsub_clz.o(x$fpl$drsb)
    x$fpl$dsqrt                              0x08004dcc   Section      408  dsqrt_umaal.o(x$fpl$dsqrt)
    $v0                                      0x08004dcc   Number         0  dsqrt_umaal.o(x$fpl$dsqrt)
    x$fpl$dsub                               0x08004f64   Section      468  daddsub_clz.o(x$fpl$dsub)
    $v0                                      0x08004f64   Number         0  daddsub_clz.o(x$fpl$dsub)
    _dsub1                                   0x08004f75   Thumb Code     0  daddsub_clz.o(x$fpl$dsub)
    x$fpl$f2d                                0x08005138   Section       86  f2d.o(x$fpl$f2d)
    $v0                                      0x08005138   Number         0  f2d.o(x$fpl$f2d)
    x$fpl$fnaninf                            0x0800518e   Section      140  fnaninf.o(x$fpl$fnaninf)
    $v0                                      0x0800518e   Number         0  fnaninf.o(x$fpl$fnaninf)
    x$fpl$fpinit                             0x0800521a   Section       10  fpinit.o(x$fpl$fpinit)
    $v0                                      0x0800521a   Number         0  fpinit.o(x$fpl$fpinit)
    x$fpl$fretinf                            0x08005224   Section       10  fretinf.o(x$fpl$fretinf)
    $v0                                      0x08005224   Number         0  fretinf.o(x$fpl$fretinf)
    x$fpl$retnan                             0x0800522e   Section      100  retnan.o(x$fpl$retnan)
    $v0                                      0x0800522e   Number         0  retnan.o(x$fpl$retnan)
    x$fpl$scalbn                             0x08005292   Section       92  scalbn.o(x$fpl$scalbn)
    $v0                                      0x08005292   Number         0  scalbn.o(x$fpl$scalbn)
    x$fpl$trapveneer                         0x080052ee   Section       48  trapv.o(x$fpl$trapveneer)
    $v0                                      0x080052ee   Number         0  trapv.o(x$fpl$trapveneer)
    .constdata                               0x0800531e   Section        8  stm32f4xx_hal_dma.o(.constdata)
    x$fpl$usenofp                            0x0800531e   Section        0  usenofp.o(x$fpl$usenofp)
    flagBitshiftOffset                       0x0800531e   Data           8  stm32f4xx_hal_dma.o(.constdata)
    .constdata                               0x08005326   Section       16  system_stm32f4xx.o(.constdata)
    .constdata                               0x08005336   Section        8  system_stm32f4xx.o(.constdata)
    .constdata                               0x08005340   Section      136  pow.o(.constdata)
    bp                                       0x08005340   Data          16  pow.o(.constdata)
    dp_h                                     0x08005350   Data          16  pow.o(.constdata)
    dp_l                                     0x08005360   Data          16  pow.o(.constdata)
    L                                        0x08005370   Data          48  pow.o(.constdata)
    P                                        0x080053a0   Data          40  pow.o(.constdata)
    .constdata                               0x080053c8   Section      152  atan.o(.constdata)
    atanhi                                   0x080053c8   Data          32  atan.o(.constdata)
    atanlo                                   0x080053e8   Data          32  atan.o(.constdata)
    aTodd                                    0x08005408   Data          40  atan.o(.constdata)
    aTeven                                   0x08005430   Data          48  atan.o(.constdata)
    .constdata                               0x08005460   Section        8  qnan.o(.constdata)
    .data                                    0x20000000   Section       20  main.o(.data)
    timer_flag                               0x20000000   Data           1  main.o(.data)
    .data                                    0x20000014   Section       12  stm32f4xx_hal.o(.data)
    .data                                    0x20000020   Section        4  system_stm32f4xx.o(.data)
    .data                                    0x20000024   Section        1  euler_angles.o(.data)
    first_time                               0x20000024   Data           1  euler_angles.o(.data)
    .bss                                     0x20000028   Section      280  main.o(.bss)
    .bss                                     0x20000140   Section       96  main.o(.bss)
    .bss                                     0x200001a0   Section       96  main.o(.bss)
    .bss                                     0x20000200   Section       20  icm_20948.o(.bss)
    data_rx                                  0x20000200   Data          20  icm_20948.o(.bss)
    .bss                                     0x20000214   Section       12  euler_angles.o(.bss)
    euler_gyro                               0x20000214   Data          12  euler_angles.o(.bss)
    .bss                                     0x20000220   Section       96  libspace.o(.bss)
    HEAP                                     0x20000280   Section      512  startup_stm32f401xc.o(HEAP)
    Heap_Mem                                 0x20000280   Data         512  startup_stm32f401xc.o(HEAP)
    STACK                                    0x20000480   Section     1024  startup_stm32f401xc.o(STACK)
    Stack_Mem                                0x20000480   Data        1024  startup_stm32f401xc.o(STACK)
    __initial_sp                             0x20000880   Data           0  startup_stm32f401xc.o(STACK)

    Global Symbols

    Symbol Name                              Value     Ov Type        Size  Object(Section)

    BuildAttributes$$THM_ISAv4$E$P$D$K$B$S$7EM$VFPi3$EXTD16$VFPS$VFMA$PE$A:L22UL41UL21$X:L11$S22US41US21$IEEE1$IW$USESV6$~STKCKD$USESV7$~SHL$OTIME$ROPI$IEEEX$EBA8$UX$STANDARDLIB$REQ8$PRES8$EABIv2 0x00000000   Number         0  anon$$obj.o ABSOLUTE
    __ARM_use_no_argv                        0x00000000   Number         0  main.o ABSOLUTE
    __ARM_exceptions_init                     - Undefined Weak Reference
    __alloca_initialize                       - Undefined Weak Reference
    __arm_preinit_                            - Undefined Weak Reference
    __cpp_initialize__aeabi_                  - Undefined Weak Reference
    __cxa_finalize                            - Undefined Weak Reference
    __rt_locale                               - Undefined Weak Reference
    __sigvec_lookup                           - Undefined Weak Reference
    _atexit_init                              - Undefined Weak Reference
    _call_atexit_fns                          - Undefined Weak Reference
    _clock_init                               - Undefined Weak Reference
    _fp_trap_init                             - Undefined Weak Reference
    _fp_trap_shutdown                         - Undefined Weak Reference
    _get_lc_collate                           - Undefined Weak Reference
    _get_lc_ctype                             - Undefined Weak Reference
    _get_lc_monetary                          - Undefined Weak Reference
    _get_lc_numeric                           - Undefined Weak Reference
    _get_lc_time                              - Undefined Weak Reference
    _getenv_init                              - Undefined Weak Reference
    _handle_redirection                       - Undefined Weak Reference
    _init_alloc                               - Undefined Weak Reference
    _init_user_alloc                          - Undefined Weak Reference
    _initio                                   - Undefined Weak Reference
    _rand_init                                - Undefined Weak Reference
    _signal_finish                            - Undefined Weak Reference
    _signal_init                              - Undefined Weak Reference
    _terminate_alloc                          - Undefined Weak Reference
    _terminate_user_alloc                     - Undefined Weak Reference
    _terminateio                              - Undefined Weak Reference
    __Vectors_Size                           0x00000194   Number         0  startup_stm32f401xc.o ABSOLUTE
    __Vectors                                0x08000000   Data           4  startup_stm32f401xc.o(RESET)
    __Vectors_End                            0x08000194   Data           0  startup_stm32f401xc.o(RESET)
    __main                                   0x08000195   Thumb Code     8  __main.o(!!!main)
    __scatterload                            0x0800019d   Thumb Code     0  __scatter.o(!!!scatter)
    __scatterload_rt2                        0x0800019d   Thumb Code    44  __scatter.o(!!!scatter)
    __scatterload_rt2_thumb_only             0x0800019d   Thumb Code     0  __scatter.o(!!!scatter)
    __scatterload_null                       0x080001ab   Thumb Code     0  __scatter.o(!!!scatter)
    __scatterload_copy                       0x080001d1   Thumb Code    26  __scatter_copy.o(!!handler_copy)
    __scatterload_zeroinit                   0x080001ed   Thumb Code    28  __scatter_zi.o(!!handler_zi)
    __rt_lib_init                            0x08000209   Thumb Code     0  libinit.o(.ARM.Collect$$libinit$$00000000)
    __rt_lib_init_fp_1                       0x0800020b   Thumb Code     0  libinit2.o(.ARM.Collect$$libinit$$00000001)
    __rt_lib_init_alloca_1                   0x0800020f   Thumb Code     0  libinit2.o(.ARM.Collect$$libinit$$0000002E)
    __rt_lib_init_argv_1                     0x0800020f   Thumb Code     0  libinit2.o(.ARM.Collect$$libinit$$0000002C)
    __rt_lib_init_atexit_1                   0x0800020f   Thumb Code     0  libinit2.o(.ARM.Collect$$libinit$$0000001B)
    __rt_lib_init_clock_1                    0x0800020f   Thumb Code     0  libinit2.o(.ARM.Collect$$libinit$$00000021)
    __rt_lib_init_cpp_1                      0x0800020f   Thumb Code     0  libinit2.o(.ARM.Collect$$libinit$$00000032)
    __rt_lib_init_exceptions_1               0x0800020f   Thumb Code     0  libinit2.o(.ARM.Collect$$libinit$$00000030)
    __rt_lib_init_fp_trap_1                  0x0800020f   Thumb Code     0  libinit2.o(.ARM.Collect$$libinit$$0000001F)
    __rt_lib_init_getenv_1                   0x0800020f   Thumb Code     0  libinit2.o(.ARM.Collect$$libinit$$00000023)
    __rt_lib_init_heap_1                     0x0800020f   Thumb Code     0  libinit2.o(.ARM.Collect$$libinit$$0000000A)
    __rt_lib_init_lc_collate_1               0x0800020f   Thumb Code     0  libinit2.o(.ARM.Collect$$libinit$$00000011)
    __rt_lib_init_lc_ctype_1                 0x0800020f   Thumb Code     0  libinit2.o(.ARM.Collect$$libinit$$00000013)
    __rt_lib_init_lc_monetary_1              0x0800020f   Thumb Code     0  libinit2.o(.ARM.Collect$$libinit$$00000015)
    __rt_lib_init_lc_numeric_1               0x0800020f   Thumb Code     0  libinit2.o(.ARM.Collect$$libinit$$00000017)
    __rt_lib_init_lc_time_1                  0x0800020f   Thumb Code     0  libinit2.o(.ARM.Collect$$libinit$$00000019)
    __rt_lib_init_preinit_1                  0x0800020f   Thumb Code     0  libinit2.o(.ARM.Collect$$libinit$$00000004)
    __rt_lib_init_rand_1                     0x0800020f   Thumb Code     0  libinit2.o(.ARM.Collect$$libinit$$0000000E)
    __rt_lib_init_return                     0x0800020f   Thumb Code     0  libinit2.o(.ARM.Collect$$libinit$$00000033)
    __rt_lib_init_signal_1                   0x0800020f   Thumb Code     0  libinit2.o(.ARM.Collect$$libinit$$0000001D)
    __rt_lib_init_stdio_1                    0x0800020f   Thumb Code     0  libinit2.o(.ARM.Collect$$libinit$$00000025)
    __rt_lib_init_user_alloc_1               0x0800020f   Thumb Code     0  libinit2.o(.ARM.Collect$$libinit$$0000000C)
    __rt_lib_shutdown                        0x08000211   Thumb Code     0  libshutdown.o(.ARM.Collect$$libshutdown$$00000000)
    __rt_lib_shutdown_cpp_1                  0x08000213   Thumb Code     0  libshutdown2.o(.ARM.Collect$$libshutdown$$00000002)
    __rt_lib_shutdown_fp_trap_1              0x08000213   Thumb Code     0  libshutdown2.o(.ARM.Collect$$libshutdown$$00000007)
    __rt_lib_shutdown_heap_1                 0x08000213   Thumb Code     0  libshutdown2.o(.ARM.Collect$$libshutdown$$0000000F)
    __rt_lib_shutdown_return                 0x08000213   Thumb Code     0  libshutdown2.o(.ARM.Collect$$libshutdown$$00000010)
    __rt_lib_shutdown_signal_1               0x08000213   Thumb Code     0  libshutdown2.o(.ARM.Collect$$libshutdown$$0000000A)
    __rt_lib_shutdown_stdio_1                0x08000213   Thumb Code     0  libshutdown2.o(.ARM.Collect$$libshutdown$$00000004)
    __rt_lib_shutdown_user_alloc_1           0x08000213   Thumb Code     0  libshutdown2.o(.ARM.Collect$$libshutdown$$0000000C)
    __rt_entry                               0x08000215   Thumb Code     0  __rtentry.o(.ARM.Collect$$rtentry$$00000000)
    __rt_entry_presh_1                       0x08000215   Thumb Code     0  __rtentry2.o(.ARM.Collect$$rtentry$$00000002)
    __rt_entry_sh                            0x08000215   Thumb Code     0  __rtentry4.o(.ARM.Collect$$rtentry$$00000004)
    __rt_entry_li                            0x0800021b   Thumb Code     0  __rtentry2.o(.ARM.Collect$$rtentry$$0000000A)
    __rt_entry_postsh_1                      0x0800021b   Thumb Code     0  __rtentry2.o(.ARM.Collect$$rtentry$$00000009)
    __rt_entry_main                          0x0800021f   Thumb Code     0  __rtentry2.o(.ARM.Collect$$rtentry$$0000000D)
    __rt_entry_postli_1                      0x0800021f   Thumb Code     0  __rtentry2.o(.ARM.Collect$$rtentry$$0000000C)
    __rt_exit                                0x08000227   Thumb Code     0  rtexit.o(.ARM.Collect$$rtexit$$00000000)
    __rt_exit_ls                             0x08000229   Thumb Code     0  rtexit2.o(.ARM.Collect$$rtexit$$00000003)
    __rt_exit_prels_1                        0x08000229   Thumb Code     0  rtexit2.o(.ARM.Collect$$rtexit$$00000002)
    __rt_exit_exit                           0x0800022d   Thumb Code     0  rtexit2.o(.ARM.Collect$$rtexit$$00000004)
    Reset_Handler                            0x08000235   Thumb Code     8  startup_stm32f401xc.o(.text)
    ADC_IRQHandler                           0x0800024f   Thumb Code     0  startup_stm32f401xc.o(.text)
    DMA1_Stream0_IRQHandler                  0x0800024f   Thumb Code     0  startup_stm32f401xc.o(.text)
    DMA1_Stream1_IRQHandler                  0x0800024f   Thumb Code     0  startup_stm32f401xc.o(.text)
    DMA1_Stream2_IRQHandler                  0x0800024f   Thumb Code     0  startup_stm32f401xc.o(.text)
    DMA1_Stream5_IRQHandler                  0x0800024f   Thumb Code     0  startup_stm32f401xc.o(.text)
    DMA1_Stream6_IRQHandler                  0x0800024f   Thumb Code     0  startup_stm32f401xc.o(.text)
    DMA1_Stream7_IRQHandler                  0x0800024f   Thumb Code     0  startup_stm32f401xc.o(.text)
    DMA2_Stream0_IRQHandler                  0x0800024f   Thumb Code     0  startup_stm32f401xc.o(.text)
    DMA2_Stream1_IRQHandler                  0x0800024f   Thumb Code     0  startup_stm32f401xc.o(.text)
    DMA2_Stream2_IRQHandler                  0x0800024f   Thumb Code     0  startup_stm32f401xc.o(.text)
    DMA2_Stream3_IRQHandler                  0x0800024f   Thumb Code     0  startup_stm32f401xc.o(.text)
    DMA2_Stream4_IRQHandler                  0x0800024f   Thumb Code     0  startup_stm32f401xc.o(.text)
    DMA2_Stream5_IRQHandler                  0x0800024f   Thumb Code     0  startup_stm32f401xc.o(.text)
    DMA2_Stream6_IRQHandler                  0x0800024f   Thumb Code     0  startup_stm32f401xc.o(.text)
    DMA2_Stream7_IRQHandler                  0x0800024f   Thumb Code     0  startup_stm32f401xc.o(.text)
    EXTI0_IRQHandler                         0x0800024f   Thumb Code     0  startup_stm32f401xc.o(.text)
    EXTI15_10_IRQHandler                     0x0800024f   Thumb Code     0  startup_stm32f401xc.o(.text)
    EXTI1_IRQHandler                         0x0800024f   Thumb Code     0  startup_stm32f401xc.o(.text)
    EXTI2_IRQHandler                         0x0800024f   Thumb Code     0  startup_stm32f401xc.o(.text)
    EXTI3_IRQHandler                         0x0800024f   Thumb Code     0  startup_stm32f401xc.o(.text)
    EXTI4_IRQHandler                         0x0800024f   Thumb Code     0  startup_stm32f401xc.o(.text)
    EXTI9_5_IRQHandler                       0x0800024f   Thumb Code     0  startup_stm32f401xc.o(.text)
    FLASH_IRQHandler                         0x0800024f   Thumb Code     0  startup_stm32f401xc.o(.text)
    FPU_IRQHandler                           0x0800024f   Thumb Code     0  startup_stm32f401xc.o(.text)
    I2C1_ER_IRQHandler                       0x0800024f   Thumb Code     0  startup_stm32f401xc.o(.text)
    I2C1_EV_IRQHandler                       0x0800024f   Thumb Code     0  startup_stm32f401xc.o(.text)
    I2C2_ER_IRQHandler                       0x0800024f   Thumb Code     0  startup_stm32f401xc.o(.text)
    I2C2_EV_IRQHandler                       0x0800024f   Thumb Code     0  startup_stm32f401xc.o(.text)
    I2C3_ER_IRQHandler                       0x0800024f   Thumb Code     0  startup_stm32f401xc.o(.text)
    I2C3_EV_IRQHandler                       0x0800024f   Thumb Code     0  startup_stm32f401xc.o(.text)
    OTG_FS_IRQHandler                        0x0800024f   Thumb Code     0  startup_stm32f401xc.o(.text)
    OTG_FS_WKUP_IRQHandler                   0x0800024f   Thumb Code     0  startup_stm32f401xc.o(.text)
    PVD_IRQHandler                           0x0800024f   Thumb Code     0  startup_stm32f401xc.o(.text)
    RCC_IRQHandler                           0x0800024f   Thumb Code     0  startup_stm32f401xc.o(.text)
    RTC_Alarm_IRQHandler                     0x0800024f   Thumb Code     0  startup_stm32f401xc.o(.text)
    RTC_WKUP_IRQHandler                      0x0800024f   Thumb Code     0  startup_stm32f401xc.o(.text)
    SDIO_IRQHandler                          0x0800024f   Thumb Code     0  startup_stm32f401xc.o(.text)
    SPI1_IRQHandler                          0x0800024f   Thumb Code     0  startup_stm32f401xc.o(.text)
    SPI3_IRQHandler                          0x0800024f   Thumb Code     0  startup_stm32f401xc.o(.text)
    SPI4_IRQHandler                          0x0800024f   Thumb Code     0  startup_stm32f401xc.o(.text)
    TAMP_STAMP_IRQHandler                    0x0800024f   Thumb Code     0  startup_stm32f401xc.o(.text)
    TIM1_BRK_TIM9_IRQHandler                 0x0800024f   Thumb Code     0  startup_stm32f401xc.o(.text)
    TIM1_CC_IRQHandler                       0x0800024f   Thumb Code     0  startup_stm32f401xc.o(.text)
    TIM1_TRG_COM_TIM11_IRQHandler            0x0800024f   Thumb Code     0  startup_stm32f401xc.o(.text)
    TIM1_UP_TIM10_IRQHandler                 0x0800024f   Thumb Code     0  startup_stm32f401xc.o(.text)
    TIM2_IRQHandler                          0x0800024f   Thumb Code     0  startup_stm32f401xc.o(.text)
    TIM3_IRQHandler                          0x0800024f   Thumb Code     0  startup_stm32f401xc.o(.text)
    TIM5_IRQHandler                          0x0800024f   Thumb Code     0  startup_stm32f401xc.o(.text)
    USART1_IRQHandler                        0x0800024f   Thumb Code     0  startup_stm32f401xc.o(.text)
    USART2_IRQHandler                        0x0800024f   Thumb Code     0  startup_stm32f401xc.o(.text)
    USART6_IRQHandler                        0x0800024f   Thumb Code     0  startup_stm32f401xc.o(.text)
    WWDG_IRQHandler                          0x0800024f   Thumb Code     0  startup_stm32f401xc.o(.text)
    __user_initial_stackheap                 0x08000251   Thumb Code     0  startup_stm32f401xc.o(.text)
    __aeabi_uldivmod                         0x08000275   Thumb Code     0  lludivv7m.o(.text)
    _ll_udiv                                 0x08000275   Thumb Code   238  lludivv7m.o(.text)
    __aeabi_memcpy4                          0x08000363   Thumb Code     0  rt_memcpy_w.o(.text)
    __aeabi_memcpy8                          0x08000363   Thumb Code     0  rt_memcpy_w.o(.text)
    __rt_memcpy_w                            0x08000363   Thumb Code   100  rt_memcpy_w.o(.text)
    _memcpy_lastbytes_aligned                0x080003ab   Thumb Code     0  rt_memcpy_w.o(.text)
    __aeabi_memclr4                          0x080003c7   Thumb Code     0  rt_memclr_w.o(.text)
    __aeabi_memclr8                          0x080003c7   Thumb Code     0  rt_memclr_w.o(.text)
    __rt_memclr_w                            0x080003c7   Thumb Code    78  rt_memclr_w.o(.text)
    _memset_w                                0x080003cb   Thumb Code     0  rt_memclr_w.o(.text)
    __use_two_region_memory                  0x08000415   Thumb Code     2  heapauxi.o(.text)
    __rt_heap_escrow$2region                 0x08000417   Thumb Code     2  heapauxi.o(.text)
    __rt_heap_expand$2region                 0x08000419   Thumb Code     2  heapauxi.o(.text)
    __read_errno                             0x0800041b   Thumb Code    10  _rserrno.o(.text)
    __set_errno                              0x08000425   Thumb Code    12  _rserrno.o(.text)
    __aeabi_errno_addr                       0x08000431   Thumb Code     8  rt_errno_addr_intlibspace.o(.text)
    __errno$intlibspace                      0x08000431   Thumb Code     0  rt_errno_addr_intlibspace.o(.text)
    __rt_errno_addr$intlibspace              0x08000431   Thumb Code     0  rt_errno_addr_intlibspace.o(.text)
    __user_libspace                          0x08000439   Thumb Code     8  libspace.o(.text)
    __user_perproc_libspace                  0x08000439   Thumb Code     0  libspace.o(.text)
    __user_perthread_libspace                0x08000439   Thumb Code     0  libspace.o(.text)
    __user_setup_stackheap                   0x08000441   Thumb Code    74  sys_stackheap_outer.o(.text)
    exit                                     0x0800048b   Thumb Code    18  exit.o(.text)
    _sys_exit                                0x0800049d   Thumb Code     8  sys_exit.o(.text)
    __I$use$semihosting                      0x080004a9   Thumb Code     0  use_no_semi.o(.text)
    __use_no_semihosting_swi                 0x080004a9   Thumb Code     2  use_no_semi.o(.text)
    __semihosting_library_function           0x080004ab   Thumb Code     0  indicate_semi.o(.text)
    arm_cos_f32                              0x080004ad   Thumb Code   152  arm_cos_f32.o(.text.arm_cos_f32)
    arm_sin_f32                              0x08000545   Thumb Code   144  arm_sin_f32.o(.text.arm_sin_f32)
    BusFault_Handler                         0x080005d5   Thumb Code     2  stm32f4xx_it.o(i.BusFault_Handler)
    DMA1_Stream3_IRQHandler                  0x080005d9   Thumb Code     6  stm32f4xx_it.o(i.DMA1_Stream3_IRQHandler)
    DMA1_Stream4_IRQHandler                  0x080005e5   Thumb Code     6  stm32f4xx_it.o(i.DMA1_Stream4_IRQHandler)
    DebugMon_Handler                         0x08000695   Thumb Code     2  stm32f4xx_it.o(i.DebugMon_Handler)
    Error_Handler                            0x08000697   Thumb Code     4  main.o(i.Error_Handler)
    HAL_DMA_Abort_IT                         0x0800069b   Thumb Code    36  stm32f4xx_hal_dma.o(i.HAL_DMA_Abort_IT)
    HAL_DMA_IRQHandler                       0x080006c1   Thumb Code   412  stm32f4xx_hal_dma.o(i.HAL_DMA_IRQHandler)
    HAL_DMA_Init                             0x08000861   Thumb Code   206  stm32f4xx_hal_dma.o(i.HAL_DMA_Init)
    HAL_DMA_Start_IT                         0x08000935   Thumb Code   110  stm32f4xx_hal_dma.o(i.HAL_DMA_Start_IT)
    HAL_Delay                                0x080009a5   Thumb Code    32  stm32f4xx_hal.o(i.HAL_Delay)
    HAL_GPIO_Init                            0x080009c9   Thumb Code   446  stm32f4xx_hal_gpio.o(i.HAL_GPIO_Init)
    HAL_GPIO_WritePin                        0x08000ba9   Thumb Code    10  stm32f4xx_hal_gpio.o(i.HAL_GPIO_WritePin)
    HAL_GetTick                              0x08000bb5   Thumb Code     6  stm32f4xx_hal.o(i.HAL_GetTick)
    HAL_IncTick                              0x08000bc1   Thumb Code    12  stm32f4xx_hal.o(i.HAL_IncTick)
    HAL_Init                                 0x08000bd1   Thumb Code    48  stm32f4xx_hal.o(i.HAL_Init)
    HAL_InitTick                             0x08000c05   Thumb Code    54  stm32f4xx_hal.o(i.HAL_InitTick)
    HAL_MspInit                              0x08000c45   Thumb Code    42  stm32f4xx_hal_msp.o(i.HAL_MspInit)
    HAL_NVIC_EnableIRQ                       0x08000c75   Thumb Code    26  stm32f4xx_hal_cortex.o(i.HAL_NVIC_EnableIRQ)
    HAL_NVIC_SetPriority                     0x08000c91   Thumb Code    60  stm32f4xx_hal_cortex.o(i.HAL_NVIC_SetPriority)
    HAL_NVIC_SetPriorityGrouping             0x08000cd1   Thumb Code    26  stm32f4xx_hal_cortex.o(i.HAL_NVIC_SetPriorityGrouping)
    HAL_RCC_ClockConfig                      0x08000cf5   Thumb Code   288  stm32f4xx_hal_rcc.o(i.HAL_RCC_ClockConfig)
    HAL_RCC_GetPCLK1Freq                     0x08000e29   Thumb Code    20  stm32f4xx_hal_rcc.o(i.HAL_RCC_GetPCLK1Freq)
    HAL_RCC_GetPCLK2Freq                     0x08000e49   Thumb Code    20  stm32f4xx_hal_rcc.o(i.HAL_RCC_GetPCLK2Freq)
    HAL_RCC_GetSysClockFreq                  0x08000e69   Thumb Code    88  stm32f4xx_hal_rcc.o(i.HAL_RCC_GetSysClockFreq)
    HAL_RCC_OscConfig                        0x08000ecd   Thumb Code   856  stm32f4xx_hal_rcc.o(i.HAL_RCC_OscConfig)
    HAL_SPI_ErrorCallback                    0x08001239   Thumb Code     2  stm32f4xx_hal_spi.o(i.HAL_SPI_ErrorCallback)
    HAL_SPI_IRQHandler                       0x0800123d   Thumb Code   246  stm32f4xx_hal_spi.o(i.HAL_SPI_IRQHandler)
    HAL_SPI_Init                             0x08001339   Thumb Code   188  stm32f4xx_hal_spi.o(i.HAL_SPI_Init)
    HAL_SPI_MspInit                          0x080013f5   Thumb Code   194  stm32f4xx_hal_msp.o(i.HAL_SPI_MspInit)
    HAL_SPI_Receive                          0x080014d1   Thumb Code   340  stm32f4xx_hal_spi.o(i.HAL_SPI_Receive)
    HAL_SPI_Receive_DMA                      0x08001625   Thumb Code   218  stm32f4xx_hal_spi.o(i.HAL_SPI_Receive_DMA)
    HAL_SPI_RxCpltCallback                   0x0800170d   Thumb Code    12  icm_20948.o(i.HAL_SPI_RxCpltCallback)
    HAL_SPI_RxHalfCpltCallback               0x0800171d   Thumb Code     2  stm32f4xx_hal_spi.o(i.HAL_SPI_RxHalfCpltCallback)
    HAL_SPI_Transmit                         0x0800171f   Thumb Code   358  stm32f4xx_hal_spi.o(i.HAL_SPI_Transmit)
    HAL_SPI_TransmitReceive                  0x08001885   Thumb Code   496  stm32f4xx_hal_spi.o(i.HAL_SPI_TransmitReceive)
    HAL_SPI_TransmitReceive_DMA              0x08001a75   Thumb Code   252  stm32f4xx_hal_spi.o(i.HAL_SPI_TransmitReceive_DMA)
    HAL_SPI_TxRxCpltCallback                 0x08001b85   Thumb Code     2  stm32f4xx_hal_spi.o(i.HAL_SPI_TxRxCpltCallback)
    HAL_SPI_TxRxHalfCpltCallback             0x08001b87   Thumb Code     2  stm32f4xx_hal_spi.o(i.HAL_SPI_TxRxHalfCpltCallback)
    HAL_SYSTICK_Config                       0x08001b89   Thumb Code    40  stm32f4xx_hal_cortex.o(i.HAL_SYSTICK_Config)
    HAL_TIMEx_BreakCallback                  0x08001bb1   Thumb Code     2  stm32f4xx_hal_tim_ex.o(i.HAL_TIMEx_BreakCallback)
    HAL_TIMEx_CommutCallback                 0x08001bb3   Thumb Code     2  stm32f4xx_hal_tim_ex.o(i.HAL_TIMEx_CommutCallback)
    HAL_TIMEx_MasterConfigSynchronization    0x08001bb5   Thumb Code   104  stm32f4xx_hal_tim_ex.o(i.HAL_TIMEx_MasterConfigSynchronization)
    HAL_TIM_Base_Init                        0x08001c31   Thumb Code    90  stm32f4xx_hal_tim.o(i.HAL_TIM_Base_Init)
    HAL_TIM_Base_MspInit                     0x08001c8d   Thumb Code    50  stm32f4xx_hal_msp.o(i.HAL_TIM_Base_MspInit)
    HAL_TIM_Base_Start_IT                    0x08001cc9   Thumb Code    88  stm32f4xx_hal_tim.o(i.HAL_TIM_Base_Start_IT)
    HAL_TIM_ConfigClockSource                0x08001d35   Thumb Code   220  stm32f4xx_hal_tim.o(i.HAL_TIM_ConfigClockSource)
    HAL_TIM_IC_CaptureCallback               0x08001e11   Thumb Code     2  stm32f4xx_hal_tim.o(i.HAL_TIM_IC_CaptureCallback)
    HAL_TIM_IRQHandler                       0x08001e13   Thumb Code   304  stm32f4xx_hal_tim.o(i.HAL_TIM_IRQHandler)
    HAL_TIM_OC_DelayElapsedCallback          0x08001f43   Thumb Code     2  stm32f4xx_hal_tim.o(i.HAL_TIM_OC_DelayElapsedCallback)
    HAL_TIM_PWM_PulseFinishedCallback        0x08001f45   Thumb Code     2  stm32f4xx_hal_tim.o(i.HAL_TIM_PWM_PulseFinishedCallback)
    HAL_TIM_PeriodElapsedCallback            0x08001f49   Thumb Code     8  main.o(i.HAL_TIM_PeriodElapsedCallback)
    HAL_TIM_TriggerCallback                  0x08001f55   Thumb Code     2  stm32f4xx_hal_tim.o(i.HAL_TIM_TriggerCallback)
    HAL_UART_Init                            0x08001f57   Thumb Code   100  stm32f4xx_hal_uart.o(i.HAL_UART_Init)
    HAL_UART_MspInit                         0x08001fbd   Thumb Code    92  stm32f4xx_hal_msp.o(i.HAL_UART_MspInit)
    HAL_UART_Transmit                        0x08002025   Thumb Code   160  stm32f4xx_hal_uart.o(i.HAL_UART_Transmit)
    HardFault_Handler                        0x080020c5   Thumb Code     2  stm32f4xx_it.o(i.HardFault_Handler)
    MemManage_Handler                        0x08002219   Thumb Code     2  stm32f4xx_it.o(i.MemManage_Handler)
    NMI_Handler                              0x0800221b   Thumb Code     2  stm32f4xx_it.o(i.NMI_Handler)
    PendSV_Handler                           0x0800221d   Thumb Code     2  stm32f4xx_it.o(i.PendSV_Handler)
    SPI2_IRQHandler                          0x08002221   Thumb Code     6  stm32f4xx_it.o(i.SPI2_IRQHandler)
    SVC_Handler                              0x080024bd   Thumb Code     2  stm32f4xx_it.o(i.SVC_Handler)
    SysTick_Handler                          0x080024bf   Thumb Code     4  stm32f4xx_it.o(i.SysTick_Handler)
    SystemClock_Config                       0x080024c5   Thumb Code   120  main.o(i.SystemClock_Config)
    SystemInit                               0x08002545   Thumb Code    12  system_stm32f4xx.o(i.SystemInit)
    TIM4_IRQHandler                          0x08002555   Thumb Code     6  stm32f4xx_it.o(i.TIM4_IRQHandler)
    TIM_Base_SetConfig                       0x08002561   Thumb Code   130  stm32f4xx_hal_tim.o(i.TIM_Base_SetConfig)
    TIM_ETR_SetConfig                        0x08002601   Thumb Code    20  stm32f4xx_hal_tim.o(i.TIM_ETR_SetConfig)
    UsageFault_Handler                       0x08002837   Thumb Code     2  stm32f4xx_it.o(i.UsageFault_Handler)
    __ARM_fpclassify                         0x08002839   Thumb Code    48  fpclassify.o(i.__ARM_fpclassify)
    __hardfp_atan                            0x08002889   Thumb Code   622  atan.o(i.__hardfp_atan)
    __hardfp_atan2                           0x08002b61   Thumb Code   432  atan2.o(i.__hardfp_atan2)
    __hardfp_pow                             0x08002d51   Thumb Code  3072  pow.o(i.__hardfp_pow)
    __kernel_poly                            0x080039a1   Thumb Code   248  poly.o(i.__kernel_poly)
    __mathlib_dbl_divzero                    0x08003a99   Thumb Code    28  dunder.o(i.__mathlib_dbl_divzero)
    __mathlib_dbl_infnan                     0x08003ac9   Thumb Code    20  dunder.o(i.__mathlib_dbl_infnan)
    __mathlib_dbl_infnan2                    0x08003add   Thumb Code    20  dunder.o(i.__mathlib_dbl_infnan2)
    __mathlib_dbl_invalid                    0x08003af1   Thumb Code    24  dunder.o(i.__mathlib_dbl_invalid)
    __mathlib_dbl_overflow                   0x08003b11   Thumb Code    24  dunder.o(i.__mathlib_dbl_overflow)
    __mathlib_dbl_underflow                  0x08003b31   Thumb Code    24  dunder.o(i.__mathlib_dbl_underflow)
    acc_mag2euler                            0x08003b51   Thumb Code   274  euler_angles.o(i.acc_mag2euler)
    atan                                     0x08003d71   Thumb Code    16  atan.o(i.atan)
    complementary_filter_euler               0x08003d81   Thumb Code   130  euler_angles.o(i.complementary_filter_euler)
    fabs                                     0x08003e1d   Thumb Code    24  fabs.o(i.fabs)
    icm_20948_init                           0x08003e35   Thumb Code   156  icm_20948.o(i.icm_20948_init)
    icm_20948_read_data                      0x08003ed1   Thumb Code   116  icm_20948.o(i.icm_20948_read_data)
    icm_20948_read_reg                       0x08003f4d   Thumb Code    50  icm_20948.o(i.icm_20948_read_reg)
    icm_20948_write_reg                      0x08003f85   Thumb Code    40  icm_20948.o(i.icm_20948_write_reg)
    main                                     0x08003fb1   Thumb Code   254  main.o(i.main)
    sensor2imu                               0x08004191   Thumb Code   524  imu_data.o(i.sensor2imu)
    sqrt                                     0x080043bd   Thumb Code   110  sqrt.o(i.sqrt)
    update_euler_gyro                        0x0800442d   Thumb Code   322  euler_angles.o(i.update_euler_gyro)
    __aeabi_dneg                             0x08004581   Thumb Code     0  basic.o(x$fpl$basic)
    _dneg                                    0x08004581   Thumb Code     6  basic.o(x$fpl$basic)
    __aeabi_fneg                             0x08004587   Thumb Code     0  basic.o(x$fpl$basic)
    _fneg                                    0x08004587   Thumb Code     6  basic.o(x$fpl$basic)
    _dabs                                    0x0800458d   Thumb Code     6  basic.o(x$fpl$basic)
    _fabs                                    0x08004593   Thumb Code     6  basic.o(x$fpl$basic)
    __aeabi_d2f                              0x08004599   Thumb Code     0  d2f.o(x$fpl$d2f)
    _d2f                                     0x08004599   Thumb Code    98  d2f.o(x$fpl$d2f)
    __aeabi_dadd                             0x080045fd   Thumb Code     0  daddsub_clz.o(x$fpl$dadd)
    _dadd                                    0x080045fd   Thumb Code   332  daddsub_clz.o(x$fpl$dadd)
    __fpl_dcheck_NaN1                        0x0800474d   Thumb Code    10  dcheck1.o(x$fpl$dcheck1)
    __fpl_dcmp_Inf                           0x0800475d   Thumb Code    24  dcmpi.o(x$fpl$dcmpinf)
    __aeabi_ddiv                             0x08004775   Thumb Code     0  ddiv.o(x$fpl$ddiv)
    _ddiv                                    0x08004775   Thumb Code   552  ddiv.o(x$fpl$ddiv)
    __aeabi_d2uiz                            0x08004a25   Thumb Code     0  dfixu.o(x$fpl$dfixu)
    _dfixu                                   0x08004a25   Thumb Code    90  dfixu.o(x$fpl$dfixu)
    __aeabi_i2d                              0x08004a7f   Thumb Code     0  dflt_clz.o(x$fpl$dflt)
    _dflt                                    0x08004a7f   Thumb Code    46  dflt_clz.o(x$fpl$dflt)
    __aeabi_ui2d                             0x08004aad   Thumb Code     0  dflt_clz.o(x$fpl$dfltu)
    _dfltu                                   0x08004aad   Thumb Code    38  dflt_clz.o(x$fpl$dfltu)
    __aeabi_cdcmple                          0x08004ad5   Thumb Code     0  dleqf.o(x$fpl$dleqf)
    _dcmple                                  0x08004ad5   Thumb Code   120  dleqf.o(x$fpl$dleqf)
    __fpl_dcmple_InfNaN                      0x08004b37   Thumb Code     0  dleqf.o(x$fpl$dleqf)
    __aeabi_dmul                             0x08004b4d   Thumb Code     0  dmul.o(x$fpl$dmul)
    _dmul                                    0x08004b4d   Thumb Code   332  dmul.o(x$fpl$dmul)
    __fpl_dnaninf                            0x08004ca1   Thumb Code   156  dnaninf.o(x$fpl$dnaninf)
    __fpl_dretinf                            0x08004d3d   Thumb Code    12  dretinf.o(x$fpl$dretinf)
    __aeabi_cdrcmple                         0x08004d49   Thumb Code     0  drleqf.o(x$fpl$drleqf)
    _drcmple                                 0x08004d49   Thumb Code   108  drleqf.o(x$fpl$drleqf)
    __aeabi_drsub                            0x08004db5   Thumb Code     0  daddsub_clz.o(x$fpl$drsb)
    _drsb                                    0x08004db5   Thumb Code    22  daddsub_clz.o(x$fpl$drsb)
    _dsqrt                                   0x08004dcd   Thumb Code   404  dsqrt_umaal.o(x$fpl$dsqrt)
    __aeabi_dsub                             0x08004f65   Thumb Code     0  daddsub_clz.o(x$fpl$dsub)
    _dsub                                    0x08004f65   Thumb Code   464  daddsub_clz.o(x$fpl$dsub)
    __aeabi_f2d                              0x08005139   Thumb Code     0  f2d.o(x$fpl$f2d)
    _f2d                                     0x08005139   Thumb Code    86  f2d.o(x$fpl$f2d)
    __fpl_fnaninf                            0x0800518f   Thumb Code   140  fnaninf.o(x$fpl$fnaninf)
    _fp_init                                 0x0800521b   Thumb Code    10  fpinit.o(x$fpl$fpinit)
    __fplib_config_fpu_vfp                   0x08005223   Thumb Code     0  fpinit.o(x$fpl$fpinit)
    __fplib_config_pureend_doubles           0x08005223   Thumb Code     0  fpinit.o(x$fpl$fpinit)
    __fpl_fretinf                            0x08005225   Thumb Code    10  fretinf.o(x$fpl$fretinf)
    __fpl_return_NaN                         0x0800522f   Thumb Code   100  retnan.o(x$fpl$retnan)
    __ARM_scalbn                             0x08005293   Thumb Code    92  scalbn.o(x$fpl$scalbn)
    __fpl_cmpreturn                          0x080052ef   Thumb Code    48  trapv.o(x$fpl$trapveneer)
    __I$use$fp                               0x0800531e   Number         0  usenofp.o(x$fpl$usenofp)
    AHBPrescTable                            0x08005326   Data          16  system_stm32f4xx.o(.constdata)
    APBPrescTable                            0x08005336   Data           8  system_stm32f4xx.o(.constdata)
    __mathlib_zero                           0x08005460   Data           8  qnan.o(.constdata)
    sinTable_f32                             0x08005468   Data        2052  arm_common_tables.o(.rodata.sinTable_f32)
    Region$$Table$$Base                      0x08005c6c   Number         0  anon$$obj.o(Region$$Table)
    Region$$Table$$Limit                     0x08005c8c   Number         0  anon$$obj.o(Region$$Table)
    kq                                       0x20000002   Data           2  main.o(.data)
    kq2                                      0x20000004   Data           2  main.o(.data)
    sum_gyro_x                               0x20000008   Data           4  main.o(.data)
    sum_gyro_y                               0x2000000c   Data           4  main.o(.data)
    sum_gyro_z                               0x20000010   Data           4  main.o(.data)
    uwTickFreq                               0x20000014   Data           1  stm32f4xx_hal.o(.data)
    uwTickPrio                               0x20000018   Data           4  stm32f4xx_hal.o(.data)
    uwTick                                   0x2000001c   Data           4  stm32f4xx_hal.o(.data)
    SystemCoreClock                          0x20000020   Data           4  system_stm32f4xx.o(.data)
    hspi2                                    0x20000028   Data          88  main.o(.bss)
    htim4                                    0x20000080   Data          72  main.o(.bss)
    huart2                                   0x200000c8   Data          72  main.o(.bss)
    imu_norm_var                             0x20000110   Data          36  main.o(.bss)
    euler_temp                               0x20000134   Data          12  main.o(.bss)
    hdma_spi2_rx                             0x20000140   Data          96  main.o(.bss)
    hdma_spi2_tx                             0x200001a0   Data          96  main.o(.bss)
    __libspace_start                         0x20000220   Data          96  libspace.o(.bss)
    __temporary_stack_top$libspace           0x20000280   Data           0  libspace.o(.bss)



==============================================================================

Memory Map of the image

  Image Entry point : 0x08000195

  Load Region LR_IROM1 (Base: 0x08000000, Size: 0x00005cb4, Max: 0x00040000, ABSOLUTE)

    Execution Region ER_IROM1 (Exec base: 0x08000000, Load base: 0x08000000, Size: 0x00005c8c, Max: 0x00040000, ABSOLUTE)

    Exec Addr    Load Addr    Size         Type   Attr      Idx    E Section Name        Object

    0x08000000   0x08000000   0x00000194   Data   RO            3    RESET               startup_stm32f401xc.o
    0x08000194   0x08000194   0x00000008   Code   RO         3567  * !!!main             c_w.l(__main.o)
    0x0800019c   0x0800019c   0x00000034   Code   RO         3871    !!!scatter          c_w.l(__scatter.o)
    0x080001d0   0x080001d0   0x0000001a   Code   RO         3873    !!handler_copy      c_w.l(__scatter_copy.o)
    0x080001ea   0x080001ea   0x00000002   PAD
    0x080001ec   0x080001ec   0x0000001c   Code   RO         3875    !!handler_zi        c_w.l(__scatter_zi.o)
    0x08000208   0x08000208   0x00000002   Code   RO         3738    .ARM.Collect$$libinit$$00000000  c_w.l(libinit.o)
    0x0800020a   0x0800020a   0x00000004   Code   RO         3751    .ARM.Collect$$libinit$$00000001  c_w.l(libinit2.o)
    0x0800020e   0x0800020e   0x00000000   Code   RO         3754    .ARM.Collect$$libinit$$00000004  c_w.l(libinit2.o)
    0x0800020e   0x0800020e   0x00000000   Code   RO         3757    .ARM.Collect$$libinit$$0000000A  c_w.l(libinit2.o)
    0x0800020e   0x0800020e   0x00000000   Code   RO         3759    .ARM.Collect$$libinit$$0000000C  c_w.l(libinit2.o)
    0x0800020e   0x0800020e   0x00000000   Code   RO         3761    .ARM.Collect$$libinit$$0000000E  c_w.l(libinit2.o)
    0x0800020e   0x0800020e   0x00000000   Code   RO         3764    .ARM.Collect$$libinit$$00000011  c_w.l(libinit2.o)
    0x0800020e   0x0800020e   0x00000000   Code   RO         3766    .ARM.Collect$$libinit$$00000013  c_w.l(libinit2.o)
    0x0800020e   0x0800020e   0x00000000   Code   RO         3768    .ARM.Collect$$libinit$$00000015  c_w.l(libinit2.o)
    0x0800020e   0x0800020e   0x00000000   Code   RO         3770    .ARM.Collect$$libinit$$00000017  c_w.l(libinit2.o)
    0x0800020e   0x0800020e   0x00000000   Code   RO         3772    .ARM.Collect$$libinit$$00000019  c_w.l(libinit2.o)
    0x0800020e   0x0800020e   0x00000000   Code   RO         3774    .ARM.Collect$$libinit$$0000001B  c_w.l(libinit2.o)
    0x0800020e   0x0800020e   0x00000000   Code   RO         3776    .ARM.Collect$$libinit$$0000001D  c_w.l(libinit2.o)
    0x0800020e   0x0800020e   0x00000000   Code   RO         3778    .ARM.Collect$$libinit$$0000001F  c_w.l(libinit2.o)
    0x0800020e   0x0800020e   0x00000000   Code   RO         3780    .ARM.Collect$$libinit$$00000021  c_w.l(libinit2.o)
    0x0800020e   0x0800020e   0x00000000   Code   RO         3782    .ARM.Collect$$libinit$$00000023  c_w.l(libinit2.o)
    0x0800020e   0x0800020e   0x00000000   Code   RO         3784    .ARM.Collect$$libinit$$00000025  c_w.l(libinit2.o)
    0x0800020e   0x0800020e   0x00000000   Code   RO         3788    .ARM.Collect$$libinit$$0000002C  c_w.l(libinit2.o)
    0x0800020e   0x0800020e   0x00000000   Code   RO         3790    .ARM.Collect$$libinit$$0000002E  c_w.l(libinit2.o)
    0x0800020e   0x0800020e   0x00000000   Code   RO         3792    .ARM.Collect$$libinit$$00000030  c_w.l(libinit2.o)
    0x0800020e   0x0800020e   0x00000000   Code   RO         3794    .ARM.Collect$$libinit$$00000032  c_w.l(libinit2.o)
    0x0800020e   0x0800020e   0x00000002   Code   RO         3795    .ARM.Collect$$libinit$$00000033  c_w.l(libinit2.o)
    0x08000210   0x08000210   0x00000002   Code   RO         3828    .ARM.Collect$$libshutdown$$00000000  c_w.l(libshutdown.o)
    0x08000212   0x08000212   0x00000000   Code   RO         3854    .ARM.Collect$$libshutdown$$00000002  c_w.l(libshutdown2.o)
    0x08000212   0x08000212   0x00000000   Code   RO         3856    .ARM.Collect$$libshutdown$$00000004  c_w.l(libshutdown2.o)
    0x08000212   0x08000212   0x00000000   Code   RO         3859    .ARM.Collect$$libshutdown$$00000007  c_w.l(libshutdown2.o)
    0x08000212   0x08000212   0x00000000   Code   RO         3862    .ARM.Collect$$libshutdown$$0000000A  c_w.l(libshutdown2.o)
    0x08000212   0x08000212   0x00000000   Code   RO         3864    .ARM.Collect$$libshutdown$$0000000C  c_w.l(libshutdown2.o)
    0x08000212   0x08000212   0x00000000   Code   RO         3867    .ARM.Collect$$libshutdown$$0000000F  c_w.l(libshutdown2.o)
    0x08000212   0x08000212   0x00000002   Code   RO         3868    .ARM.Collect$$libshutdown$$00000010  c_w.l(libshutdown2.o)
    0x08000214   0x08000214   0x00000000   Code   RO         3621    .ARM.Collect$$rtentry$$00000000  c_w.l(__rtentry.o)
    0x08000214   0x08000214   0x00000000   Code   RO         3695    .ARM.Collect$$rtentry$$00000002  c_w.l(__rtentry2.o)
    0x08000214   0x08000214   0x00000006   Code   RO         3707    .ARM.Collect$$rtentry$$00000004  c_w.l(__rtentry4.o)
    0x0800021a   0x0800021a   0x00000000   Code   RO         3697    .ARM.Collect$$rtentry$$00000009  c_w.l(__rtentry2.o)
    0x0800021a   0x0800021a   0x00000004   Code   RO         3698    .ARM.Collect$$rtentry$$0000000A  c_w.l(__rtentry2.o)
    0x0800021e   0x0800021e   0x00000000   Code   RO         3700    .ARM.Collect$$rtentry$$0000000C  c_w.l(__rtentry2.o)
    0x0800021e   0x0800021e   0x00000008   Code   RO         3701    .ARM.Collect$$rtentry$$0000000D  c_w.l(__rtentry2.o)
    0x08000226   0x08000226   0x00000002   Code   RO         3743    .ARM.Collect$$rtexit$$00000000  c_w.l(rtexit.o)
    0x08000228   0x08000228   0x00000000   Code   RO         3801    .ARM.Collect$$rtexit$$00000002  c_w.l(rtexit2.o)
    0x08000228   0x08000228   0x00000004   Code   RO         3802    .ARM.Collect$$rtexit$$00000003  c_w.l(rtexit2.o)
    0x0800022c   0x0800022c   0x00000006   Code   RO         3803    .ARM.Collect$$rtexit$$00000004  c_w.l(rtexit2.o)
    0x08000232   0x08000232   0x00000002   PAD
    0x08000234   0x08000234   0x00000040   Code   RO            4    .text               startup_stm32f401xc.o
    0x08000274   0x08000274   0x000000ee   Code   RO         3559    .text               c_w.l(lludivv7m.o)
    0x08000362   0x08000362   0x00000064   Code   RO         3561    .text               c_w.l(rt_memcpy_w.o)
    0x080003c6   0x080003c6   0x0000004e   Code   RO         3563    .text               c_w.l(rt_memclr_w.o)
    0x08000414   0x08000414   0x00000006   Code   RO         3565    .text               c_w.l(heapauxi.o)
    0x0800041a   0x0800041a   0x00000016   Code   RO         3626    .text               c_w.l(_rserrno.o)
    0x08000430   0x08000430   0x00000008   Code   RO         3714    .text               c_w.l(rt_errno_addr_intlibspace.o)
    0x08000438   0x08000438   0x00000008   Code   RO         3722    .text               c_w.l(libspace.o)
    0x08000440   0x08000440   0x0000004a   Code   RO         3725    .text               c_w.l(sys_stackheap_outer.o)
    0x0800048a   0x0800048a   0x00000012   Code   RO         3727    .text               c_w.l(exit.o)
    0x0800049c   0x0800049c   0x0000000c   Code   RO         3798    .text               c_w.l(sys_exit.o)
    0x080004a8   0x080004a8   0x00000002   Code   RO         3817    .text               c_w.l(use_no_semi.o)
    0x080004aa   0x080004aa   0x00000000   Code   RO         3819    .text               c_w.l(indicate_semi.o)
    0x080004aa   0x080004aa   0x00000002   PAD
    0x080004ac   0x080004ac   0x00000098   Code   RO         3420    .text.arm_cos_f32   arm_cortexM4lf_math.lib(arm_cos_f32.o)
    0x08000544   0x08000544   0x00000090   Code   RO         3429    .text.arm_sin_f32   arm_cortexM4lf_math.lib(arm_sin_f32.o)
    0x080005d4   0x080005d4   0x00000002   Code   RO          208    i.BusFault_Handler  stm32f4xx_it.o
    0x080005d6   0x080005d6   0x00000002   PAD
    0x080005d8   0x080005d8   0x0000000c   Code   RO          209    i.DMA1_Stream3_IRQHandler  stm32f4xx_it.o
    0x080005e4   0x080005e4   0x0000000c   Code   RO          210    i.DMA1_Stream4_IRQHandler  stm32f4xx_it.o
    0x080005f0   0x080005f0   0x00000028   Code   RO         1174    i.DMA_CalcBaseAndBitshift  stm32f4xx_hal_dma.o
    0x08000618   0x08000618   0x00000054   Code   RO         1175    i.DMA_CheckFifoParam  stm32f4xx_hal_dma.o
    0x0800066c   0x0800066c   0x00000028   Code   RO         1176    i.DMA_SetConfig     stm32f4xx_hal_dma.o
    0x08000694   0x08000694   0x00000002   Code   RO          211    i.DebugMon_Handler  stm32f4xx_it.o
    0x08000696   0x08000696   0x00000004   Code   RO           13    i.Error_Handler     main.o
    0x0800069a   0x0800069a   0x00000024   Code   RO         1178    i.HAL_DMA_Abort_IT  stm32f4xx_hal_dma.o
    0x080006be   0x080006be   0x00000002   PAD
    0x080006c0   0x080006c0   0x000001a0   Code   RO         1182    i.HAL_DMA_IRQHandler  stm32f4xx_hal_dma.o
    0x08000860   0x08000860   0x000000d4   Code   RO         1183    i.HAL_DMA_Init      stm32f4xx_hal_dma.o
    0x08000934   0x08000934   0x0000006e   Code   RO         1187    i.HAL_DMA_Start_IT  stm32f4xx_hal_dma.o
    0x080009a2   0x080009a2   0x00000002   PAD
    0x080009a4   0x080009a4   0x00000024   Code   RO         1638    i.HAL_Delay         stm32f4xx_hal.o
    0x080009c8   0x080009c8   0x000001e0   Code   RO         1070    i.HAL_GPIO_Init     stm32f4xx_hal_gpio.o
    0x08000ba8   0x08000ba8   0x0000000a   Code   RO         1074    i.HAL_GPIO_WritePin  stm32f4xx_hal_gpio.o
    0x08000bb2   0x08000bb2   0x00000002   PAD
    0x08000bb4   0x08000bb4   0x0000000c   Code   RO         1644    i.HAL_GetTick       stm32f4xx_hal.o
    0x08000bc0   0x08000bc0   0x00000010   Code   RO         1650    i.HAL_IncTick       stm32f4xx_hal.o
    0x08000bd0   0x08000bd0   0x00000034   Code   RO         1651    i.HAL_Init          stm32f4xx_hal.o
    0x08000c04   0x08000c04   0x00000040   Code   RO         1652    i.HAL_InitTick      stm32f4xx_hal.o
    0x08000c44   0x08000c44   0x00000030   Code   RO          308    i.HAL_MspInit       stm32f4xx_hal_msp.o
    0x08000c74   0x08000c74   0x0000001a   Code   RO         1486    i.HAL_NVIC_EnableIRQ  stm32f4xx_hal_cortex.o
    0x08000c8e   0x08000c8e   0x00000002   PAD
    0x08000c90   0x08000c90   0x00000040   Code   RO         1492    i.HAL_NVIC_SetPriority  stm32f4xx_hal_cortex.o
    0x08000cd0   0x08000cd0   0x00000024   Code   RO         1493    i.HAL_NVIC_SetPriorityGrouping  stm32f4xx_hal_cortex.o
    0x08000cf4   0x08000cf4   0x00000134   Code   RO          692    i.HAL_RCC_ClockConfig  stm32f4xx_hal_rcc.o
    0x08000e28   0x08000e28   0x00000020   Code   RO          699    i.HAL_RCC_GetPCLK1Freq  stm32f4xx_hal_rcc.o
    0x08000e48   0x08000e48   0x00000020   Code   RO          700    i.HAL_RCC_GetPCLK2Freq  stm32f4xx_hal_rcc.o
    0x08000e68   0x08000e68   0x00000064   Code   RO          701    i.HAL_RCC_GetSysClockFreq  stm32f4xx_hal_rcc.o
    0x08000ecc   0x08000ecc   0x0000036c   Code   RO          704    i.HAL_RCC_OscConfig  stm32f4xx_hal_rcc.o
    0x08001238   0x08001238   0x00000002   Code   RO          376    i.HAL_SPI_ErrorCallback  stm32f4xx_hal_spi.o
    0x0800123a   0x0800123a   0x00000002   PAD
    0x0800123c   0x0800123c   0x000000fc   Code   RO          379    i.HAL_SPI_IRQHandler  stm32f4xx_hal_spi.o
    0x08001338   0x08001338   0x000000bc   Code   RO          380    i.HAL_SPI_Init      stm32f4xx_hal_spi.o
    0x080013f4   0x080013f4   0x000000dc   Code   RO          310    i.HAL_SPI_MspInit   stm32f4xx_hal_msp.o
    0x080014d0   0x080014d0   0x00000154   Code   RO          383    i.HAL_SPI_Receive   stm32f4xx_hal_spi.o
    0x08001624   0x08001624   0x000000e8   Code   RO          384    i.HAL_SPI_Receive_DMA  stm32f4xx_hal_spi.o
    0x0800170c   0x0800170c   0x00000010   Code   RO         3263    i.HAL_SPI_RxCpltCallback  icm_20948.o
    0x0800171c   0x0800171c   0x00000002   Code   RO          387    i.HAL_SPI_RxHalfCpltCallback  stm32f4xx_hal_spi.o
    0x0800171e   0x0800171e   0x00000166   Code   RO          388    i.HAL_SPI_Transmit  stm32f4xx_hal_spi.o
    0x08001884   0x08001884   0x000001f0   Code   RO          389    i.HAL_SPI_TransmitReceive  stm32f4xx_hal_spi.o
    0x08001a74   0x08001a74   0x00000110   Code   RO          390    i.HAL_SPI_TransmitReceive_DMA  stm32f4xx_hal_spi.o
    0x08001b84   0x08001b84   0x00000002   Code   RO          396    i.HAL_SPI_TxRxCpltCallback  stm32f4xx_hal_spi.o
    0x08001b86   0x08001b86   0x00000002   Code   RO          397    i.HAL_SPI_TxRxHalfCpltCallback  stm32f4xx_hal_spi.o
    0x08001b88   0x08001b88   0x00000028   Code   RO         1497    i.HAL_SYSTICK_Config  stm32f4xx_hal_cortex.o
    0x08001bb0   0x08001bb0   0x00000002   Code   RO         2595    i.HAL_TIMEx_BreakCallback  stm32f4xx_hal_tim_ex.o
    0x08001bb2   0x08001bb2   0x00000002   Code   RO         2596    i.HAL_TIMEx_CommutCallback  stm32f4xx_hal_tim_ex.o
    0x08001bb4   0x08001bb4   0x0000007c   Code   RO         2614    i.HAL_TIMEx_MasterConfigSynchronization  stm32f4xx_hal_tim_ex.o
    0x08001c30   0x08001c30   0x0000005a   Code   RO         1891    i.HAL_TIM_Base_Init  stm32f4xx_hal_tim.o
    0x08001c8a   0x08001c8a   0x00000002   PAD
    0x08001c8c   0x08001c8c   0x0000003c   Code   RO          312    i.HAL_TIM_Base_MspInit  stm32f4xx_hal_msp.o
    0x08001cc8   0x08001cc8   0x0000006c   Code   RO         1896    i.HAL_TIM_Base_Start_IT  stm32f4xx_hal_tim.o
    0x08001d34   0x08001d34   0x000000dc   Code   RO         1900    i.HAL_TIM_ConfigClockSource  stm32f4xx_hal_tim.o
    0x08001e10   0x08001e10   0x00000002   Code   RO         1925    i.HAL_TIM_IC_CaptureCallback  stm32f4xx_hal_tim.o
    0x08001e12   0x08001e12   0x00000130   Code   RO         1939    i.HAL_TIM_IRQHandler  stm32f4xx_hal_tim.o
    0x08001f42   0x08001f42   0x00000002   Code   RO         1942    i.HAL_TIM_OC_DelayElapsedCallback  stm32f4xx_hal_tim.o
    0x08001f44   0x08001f44   0x00000002   Code   RO         1969    i.HAL_TIM_PWM_PulseFinishedCallback  stm32f4xx_hal_tim.o
    0x08001f46   0x08001f46   0x00000002   PAD
    0x08001f48   0x08001f48   0x0000000c   Code   RO           14    i.HAL_TIM_PeriodElapsedCallback  main.o
    0x08001f54   0x08001f54   0x00000002   Code   RO         1982    i.HAL_TIM_TriggerCallback  stm32f4xx_hal_tim.o
    0x08001f56   0x08001f56   0x00000064   Code   RO         2892    i.HAL_UART_Init     stm32f4xx_hal_uart.o
    0x08001fba   0x08001fba   0x00000002   PAD
    0x08001fbc   0x08001fbc   0x00000068   Code   RO          314    i.HAL_UART_MspInit  stm32f4xx_hal_msp.o
    0x08002024   0x08002024   0x000000a0   Code   RO         2900    i.HAL_UART_Transmit  stm32f4xx_hal_uart.o
    0x080020c4   0x080020c4   0x00000002   Code   RO          212    i.HardFault_Handler  stm32f4xx_it.o
    0x080020c6   0x080020c6   0x00000002   PAD
    0x080020c8   0x080020c8   0x00000060   Code   RO           15    i.MX_GPIO_Init      main.o
    0x08002128   0x08002128   0x00000040   Code   RO           16    i.MX_SPI2_Init      main.o
    0x08002168   0x08002168   0x000000b0   Code   RO           17    i.MX_TIM4_Init      main.o
    0x08002218   0x08002218   0x00000002   Code   RO          213    i.MemManage_Handler  stm32f4xx_it.o
    0x0800221a   0x0800221a   0x00000002   Code   RO          214    i.NMI_Handler       stm32f4xx_it.o
    0x0800221c   0x0800221c   0x00000002   Code   RO          215    i.PendSV_Handler    stm32f4xx_it.o
    0x0800221e   0x0800221e   0x00000002   PAD
    0x08002220   0x08002220   0x0000000c   Code   RO          216    i.SPI2_IRQHandler   stm32f4xx_it.o
    0x0800222c   0x0800222c   0x00000010   Code   RO          407    i.SPI_DMAAbortOnError  stm32f4xx_hal_spi.o
    0x0800223c   0x0800223c   0x00000022   Code   RO          408    i.SPI_DMAError      stm32f4xx_hal_spi.o
    0x0800225e   0x0800225e   0x0000000a   Code   RO          409    i.SPI_DMAHalfReceiveCplt  stm32f4xx_hal_spi.o
    0x08002268   0x08002268   0x0000000a   Code   RO          411    i.SPI_DMAHalfTransmitReceiveCplt  stm32f4xx_hal_spi.o
    0x08002272   0x08002272   0x0000006a   Code   RO          412    i.SPI_DMAReceiveCplt  stm32f4xx_hal_spi.o
    0x080022dc   0x080022dc   0x0000005a   Code   RO          415    i.SPI_DMATransmitReceiveCplt  stm32f4xx_hal_spi.o
    0x08002336   0x08002336   0x0000005c   Code   RO          417    i.SPI_EndRxTransaction  stm32f4xx_hal_spi.o
    0x08002392   0x08002392   0x00000002   PAD
    0x08002394   0x08002394   0x0000006c   Code   RO          418    i.SPI_EndRxTxTransaction  stm32f4xx_hal_spi.o
    0x08002400   0x08002400   0x000000bc   Code   RO          423    i.SPI_WaitFlagStateUntilTimeout  stm32f4xx_hal_spi.o
    0x080024bc   0x080024bc   0x00000002   Code   RO          217    i.SVC_Handler       stm32f4xx_it.o
    0x080024be   0x080024be   0x00000004   Code   RO          218    i.SysTick_Handler   stm32f4xx_it.o
    0x080024c2   0x080024c2   0x00000002   PAD
    0x080024c4   0x080024c4   0x00000080   Code   RO           18    i.SystemClock_Config  main.o
    0x08002544   0x08002544   0x00000010   Code   RO         3226    i.SystemInit        system_stm32f4xx.o
    0x08002554   0x08002554   0x0000000c   Code   RO          219    i.TIM4_IRQHandler   stm32f4xx_it.o
    0x08002560   0x08002560   0x000000a0   Code   RO         1984    i.TIM_Base_SetConfig  stm32f4xx_hal_tim.o
    0x08002600   0x08002600   0x00000014   Code   RO         1995    i.TIM_ETR_SetConfig  stm32f4xx_hal_tim.o
    0x08002614   0x08002614   0x00000010   Code   RO         1996    i.TIM_ITRx_SetConfig  stm32f4xx_hal_tim.o
    0x08002624   0x08002624   0x00000022   Code   RO         2002    i.TIM_TI1_ConfigInputStage  stm32f4xx_hal_tim.o
    0x08002646   0x08002646   0x00000024   Code   RO         2004    i.TIM_TI2_ConfigInputStage  stm32f4xx_hal_tim.o
    0x0800266a   0x0800266a   0x0000004e   Code   RO         2915    i.UART_EndRxTransfer  stm32f4xx_hal_uart.o
    0x080026b8   0x080026b8   0x0000010c   Code   RO         2918    i.UART_SetConfig    stm32f4xx_hal_uart.o
    0x080027c4   0x080027c4   0x00000072   Code   RO         2921    i.UART_WaitOnFlagUntilTimeout  stm32f4xx_hal_uart.o
    0x08002836   0x08002836   0x00000002   Code   RO          220    i.UsageFault_Handler  stm32f4xx_it.o
    0x08002838   0x08002838   0x00000030   Code   RO         3677    i.__ARM_fpclassify  m_wm.l(fpclassify.o)
    0x08002868   0x08002868   0x00000020   Code   RO         1499    i.__NVIC_SetPriority  stm32f4xx_hal_cortex.o
    0x08002888   0x08002888   0x000002d8   Code   RO         3643    i.__hardfp_atan     m_wm.l(atan.o)
    0x08002b60   0x08002b60   0x000001f0   Code   RO         3595    i.__hardfp_atan2    m_wm.l(atan2.o)
    0x08002d50   0x08002d50   0x00000c50   Code   RO         3607    i.__hardfp_pow      m_wm.l(pow.o)
    0x080039a0   0x080039a0   0x000000f8   Code   RO         3679    i.__kernel_poly     m_wm.l(poly.o)
    0x08003a98   0x08003a98   0x00000030   Code   RO         3657    i.__mathlib_dbl_divzero  m_wm.l(dunder.o)
    0x08003ac8   0x08003ac8   0x00000014   Code   RO         3658    i.__mathlib_dbl_infnan  m_wm.l(dunder.o)
    0x08003adc   0x08003adc   0x00000014   Code   RO         3659    i.__mathlib_dbl_infnan2  m_wm.l(dunder.o)
    0x08003af0   0x08003af0   0x00000020   Code   RO         3660    i.__mathlib_dbl_invalid  m_wm.l(dunder.o)
    0x08003b10   0x08003b10   0x00000020   Code   RO         3661    i.__mathlib_dbl_overflow  m_wm.l(dunder.o)
    0x08003b30   0x08003b30   0x00000020   Code   RO         3663    i.__mathlib_dbl_underflow  m_wm.l(dunder.o)
    0x08003b50   0x08003b50   0x00000120   Code   RO         3381    i.acc_mag2euler     euler_angles.o
    0x08003c70   0x08003c70   0x00000010   Code   RO         3264    i.activate_imu      icm_20948.o
    0x08003c80   0x08003c80   0x000000b2   Code   RO         3265    i.ak09916_mag_init  icm_20948.o
    0x08003d32   0x08003d32   0x0000003e   Code   RO         3266    i.ak09916_write_reg  icm_20948.o
    0x08003d70   0x08003d70   0x00000010   Code   RO         3645    i.atan              m_wm.l(atan.o)
    0x08003d80   0x08003d80   0x0000008c   Code   RO         3382    i.complementary_filter_euler  euler_angles.o
    0x08003e0c   0x08003e0c   0x00000010   Code   RO         3267    i.deactivate_imu    icm_20948.o
    0x08003e1c   0x08003e1c   0x00000018   Code   RO         3673    i.fabs              m_wm.l(fabs.o)
    0x08003e34   0x08003e34   0x0000009c   Code   RO         3268    i.icm_20948_init    icm_20948.o
    0x08003ed0   0x08003ed0   0x0000007c   Code   RO         3269    i.icm_20948_read_data  icm_20948.o
    0x08003f4c   0x08003f4c   0x00000038   Code   RO         3270    i.icm_20948_read_reg  icm_20948.o
    0x08003f84   0x08003f84   0x0000002c   Code   RO         3271    i.icm_20948_write_reg  icm_20948.o
    0x08003fb0   0x08003fb0   0x00000110   Code   RO           19    i.main              main.o
    0x080040c0   0x080040c0   0x0000009a   Code   RO         3272    i.remove_gyro_bias  icm_20948.o
    0x0800415a   0x0800415a   0x00000002   PAD
    0x0800415c   0x0800415c   0x00000034   Code   RO         3273    i.sel_user_bank     icm_20948.o
    0x08004190   0x08004190   0x0000022c   Code   RO         3351    i.sensor2imu        imu_data.o
    0x080043bc   0x080043bc   0x0000006e   Code   RO         3684    i.sqrt              m_wm.l(sqrt.o)
    0x0800442a   0x0800442a   0x00000002   PAD
    0x0800442c   0x0800442c   0x00000154   Code   RO         3383    i.update_euler_gyro  euler_angles.o
    0x08004580   0x08004580   0x00000018   Code   RO         3628    x$fpl$basic         fz_wm.l(basic.o)
    0x08004598   0x08004598   0x00000062   Code   RO         3569    x$fpl$d2f           fz_wm.l(d2f.o)
    0x080045fa   0x080045fa   0x00000002   PAD
    0x080045fc   0x080045fc   0x00000150   Code   RO         3571    x$fpl$dadd          fz_wm.l(daddsub_clz.o)
    0x0800474c   0x0800474c   0x00000010   Code   RO         3716    x$fpl$dcheck1       fz_wm.l(dcheck1.o)
    0x0800475c   0x0800475c   0x00000018   Code   RO         3739    x$fpl$dcmpinf       fz_wm.l(dcmpi.o)
    0x08004774   0x08004774   0x000002b0   Code   RO         3578    x$fpl$ddiv          fz_wm.l(ddiv.o)
    0x08004a24   0x08004a24   0x0000005a   Code   RO         3581    x$fpl$dfixu         fz_wm.l(dfixu.o)
    0x08004a7e   0x08004a7e   0x0000002e   Code   RO         3586    x$fpl$dflt          fz_wm.l(dflt_clz.o)
    0x08004aac   0x08004aac   0x00000026   Code   RO         3585    x$fpl$dfltu         fz_wm.l(dflt_clz.o)
    0x08004ad2   0x08004ad2   0x00000002   PAD
    0x08004ad4   0x08004ad4   0x00000078   Code   RO         3718    x$fpl$dleqf         fz_wm.l(dleqf.o)
    0x08004b4c   0x08004b4c   0x00000154   Code   RO         3591    x$fpl$dmul          fz_wm.l(dmul.o)
    0x08004ca0   0x08004ca0   0x0000009c   Code   RO         3630    x$fpl$dnaninf       fz_wm.l(dnaninf.o)
    0x08004d3c   0x08004d3c   0x0000000c   Code   RO         3632    x$fpl$dretinf       fz_wm.l(dretinf.o)
    0x08004d48   0x08004d48   0x0000006c   Code   RO         3634    x$fpl$drleqf        fz_wm.l(drleqf.o)
    0x08004db4   0x08004db4   0x00000016   Code   RO         3572    x$fpl$drsb          fz_wm.l(daddsub_clz.o)
    0x08004dca   0x08004dca   0x00000002   PAD
    0x08004dcc   0x08004dcc   0x00000198   Code   RO         3720    x$fpl$dsqrt         fz_wm.l(dsqrt_umaal.o)
    0x08004f64   0x08004f64   0x000001d4   Code   RO         3573    x$fpl$dsub          fz_wm.l(daddsub_clz.o)
    0x08005138   0x08005138   0x00000056   Code   RO         3593    x$fpl$f2d           fz_wm.l(f2d.o)
    0x0800518e   0x0800518e   0x0000008c   Code   RO         3636    x$fpl$fnaninf       fz_wm.l(fnaninf.o)
    0x0800521a   0x0800521a   0x0000000a   Code   RO         3813    x$fpl$fpinit        fz_wm.l(fpinit.o)
    0x08005224   0x08005224   0x0000000a   Code   RO         3638    x$fpl$fretinf       fz_wm.l(fretinf.o)
    0x0800522e   0x0800522e   0x00000064   Code   RO         3741    x$fpl$retnan        fz_wm.l(retnan.o)
    0x08005292   0x08005292   0x0000005c   Code   RO         3640    x$fpl$scalbn        fz_wm.l(scalbn.o)
    0x080052ee   0x080052ee   0x00000030   Code   RO         3796    x$fpl$trapveneer    fz_wm.l(trapv.o)
    0x0800531e   0x0800531e   0x00000000   Code   RO         3642    x$fpl$usenofp       fz_wm.l(usenofp.o)
    0x0800531e   0x0800531e   0x00000008   Data   RO         1189    .constdata          stm32f4xx_hal_dma.o
    0x08005326   0x08005326   0x00000010   Data   RO         3227    .constdata          system_stm32f4xx.o
    0x08005336   0x08005336   0x00000008   Data   RO         3228    .constdata          system_stm32f4xx.o
    0x0800533e   0x0800533e   0x00000002   PAD
    0x08005340   0x08005340   0x00000088   Data   RO         3610    .constdata          m_wm.l(pow.o)
    0x080053c8   0x080053c8   0x00000098   Data   RO         3646    .constdata          m_wm.l(atan.o)
    0x08005460   0x08005460   0x00000008   Data   RO         3681    .constdata          m_wm.l(qnan.o)
    0x08005468   0x08005468   0x00000804   Data   RO         3550    .rodata.sinTable_f32  arm_cortexM4lf_math.lib(arm_common_tables.o)
    0x08005c6c   0x08005c6c   0x00000020   Data   RO         3869    Region$$Table       anon$$obj.o


    Execution Region RW_IRAM1 (Exec base: 0x20000000, Load base: 0x08005c8c, Size: 0x00000880, Max: 0x00010000, ABSOLUTE)

    Exec Addr    Load Addr    Size         Type   Attr      Idx    E Section Name        Object

    0x20000000   0x08005c8c   0x00000014   Data   RW           23    .data               main.o
    0x20000014   0x08005ca0   0x0000000c   Data   RW         1658    .data               stm32f4xx_hal.o
    0x20000020   0x08005cac   0x00000004   Data   RW         3229    .data               system_stm32f4xx.o
    0x20000024   0x08005cb0   0x00000001   Data   RW         3385    .data               euler_angles.o
    0x20000025   0x08005cb1   0x00000003   PAD
    0x20000028        -       0x00000118   Zero   RW           20    .bss                main.o
    0x20000140        -       0x00000060   Zero   RW           21    .bss                main.o
    0x200001a0        -       0x00000060   Zero   RW           22    .bss                main.o
    0x20000200        -       0x00000014   Zero   RW         3274    .bss                icm_20948.o
    0x20000214        -       0x0000000c   Zero   RW         3384    .bss                euler_angles.o
    0x20000220        -       0x00000060   Zero   RW         3723    .bss                c_w.l(libspace.o)
    0x20000280        -       0x00000200   Zero   RW            2    HEAP                startup_stm32f401xc.o
    0x20000480        -       0x00000400   Zero   RW            1    STACK               startup_stm32f401xc.o


==============================================================================

Image component sizes


      Code (inc. data)   RO Data    RW Data    ZI Data      Debug   Object Name

       768         42          0          1         12       3513   euler_angles.o
       874         38          0          0         20       9119   icm_20948.o
       556         32          0          0          0      18545   imu_data.o
       752         76          0         20        472     449437   main.o
        64         26        404          0       1536        884   startup_stm32f401xc.o
       180         28          0         12          0       9589   stm32f4xx_hal.o
       198         14          0          0          0      34063   stm32f4xx_hal_cortex.o
       938         16          8          0          0       6778   stm32f4xx_hal_dma.o
       490         34          0          0          0       2288   stm32f4xx_hal_gpio.o
       432         54          0          0          0       3326   stm32f4xx_hal_msp.o
      1348         76          0          0          0       5500   stm32f4xx_hal_rcc.o
      2800         56          0          0          0      18422   stm32f4xx_hal_spi.o
       996         50          0          0          0      10837   stm32f4xx_hal_tim.o
       128         20          0          0          0       2645   stm32f4xx_hal_tim_ex.o
       720         10          0          0          0       5096   stm32f4xx_hal_uart.o
        68         24          0          0          0       6566   stm32f4xx_it.o
        16          4         24          4          0       1247   system_stm32f4xx.o

    ----------------------------------------------------------------------
     11356        600        470         40       2040     587855   Object Totals
         0          0         32          0          0          0   (incl. Generated)
        28          0          2          3          0          0   (incl. Padding)

    ----------------------------------------------------------------------

      Code (inc. data)   RO Data    RW Data    ZI Data      Debug   Library Member Name

         0          0       2052          0          0       6294   arm_common_tables.o
       152         12          0          0          0       1104   arm_cos_f32.o
       144         12          0          0          0       1092   arm_sin_f32.o
         8          0          0          0          0         68   __main.o
         0          0          0          0          0          0   __rtentry.o
        12          0          0          0          0          0   __rtentry2.o
         6          0          0          0          0          0   __rtentry4.o
        52          8          0          0          0          0   __scatter.o
        26          0          0          0          0          0   __scatter_copy.o
        28          0          0          0          0          0   __scatter_zi.o
        22          0          0          0          0        100   _rserrno.o
        18          0          0          0          0         80   exit.o
         6          0          0          0          0        152   heapauxi.o
         0          0          0          0          0          0   indicate_semi.o
         2          0          0          0          0          0   libinit.o
         6          0          0          0          0          0   libinit2.o
         2          0          0          0          0          0   libshutdown.o
         2          0          0          0          0          0   libshutdown2.o
         8          4          0          0         96         68   libspace.o
       238          0          0          0          0        100   lludivv7m.o
         8          4          0          0          0         68   rt_errno_addr_intlibspace.o
        78          0          0          0          0         80   rt_memclr_w.o
       100          0          0          0          0         80   rt_memcpy_w.o
         2          0          0          0          0          0   rtexit.o
        10          0          0          0          0          0   rtexit2.o
        12          4          0          0          0         68   sys_exit.o
        74          0          0          0          0         80   sys_stackheap_outer.o
         2          0          0          0          0         68   use_no_semi.o
        24          0          0          0          0        164   basic.o
        98          4          0          0          0        140   d2f.o
       826         16          0          0          0        492   daddsub_clz.o
        16          4          0          0          0        116   dcheck1.o
        24          0          0          0          0        116   dcmpi.o
       688        140          0          0          0        256   ddiv.o
        90          4          0          0          0        140   dfixu.o
        84          0          0          0          0        232   dflt_clz.o
       120          4          0          0          0        140   dleqf.o
       340         12          0          0          0        152   dmul.o
       156          4          0          0          0        140   dnaninf.o
        12          0          0          0          0        116   dretinf.o
       108          0          0          0          0        128   drleqf.o
       408         56          0          0          0        168   dsqrt_umaal.o
        86          4          0          0          0        132   f2d.o
       140          4          0          0          0        132   fnaninf.o
        10          0          0          0          0        116   fpinit.o
        10          0          0          0          0        116   fretinf.o
       100          0          0          0          0        116   retnan.o
        92          0          0          0          0        116   scalbn.o
        48          0          0          0          0        116   trapv.o
         0          0          0          0          0          0   usenofp.o
       744        106        152          0          0        352   atan.o
       496         64          0          0          0        192   atan2.o
       184         44          0          0          0        744   dunder.o
        24          0          0          0          0        124   fabs.o
        48          0          0          0          0        124   fpclassify.o
       248          0          0          0          0        152   poly.o
      3152        296        136          0          0        352   pow.o
         0          0          8          0          0          0   qnan.o
       110          0          0          0          0        148   sqrt.o

    ----------------------------------------------------------------------
      9518        806       2348          0         96      15034   Library Totals
        14          0          0          0          0          0   (incl. Padding)

    ----------------------------------------------------------------------

      Code (inc. data)   RO Data    RW Data    ZI Data      Debug   Library Name

       296         24       2052          0          0       8490   arm_cortexM4lf_math.lib
       722         20          0          0         96       1012   c_w.l
      3480        252          0          0          0       3344   fz_wm.l
      5006        510        296          0          0       2188   m_wm.l

    ----------------------------------------------------------------------
      9518        806       2348          0         96      15034   Library Totals

    ----------------------------------------------------------------------

==============================================================================


      Code (inc. data)   RO Data    RW Data    ZI Data      Debug   

     20874       1406       2818         40       2136     588957   Grand Totals
     20874       1406       2818         40       2136     588957   ELF Image Totals
     20874       1406       2818         40          0          0   ROM Totals

==============================================================================

    Total RO  Size (Code + RO Data)                23692 (  23.14kB)
    Total RW  Size (RW Data + ZI Data)              2176 (   2.13kB)
    Total ROM Size (Code + RO Data + RW Data)      23732 (  23.18kB)

==============================================================================

