Component: ARM Compiler 5.06 update 6 (build 750) Tool: armlink [4d35ed]

==============================================================================

Section Cross References

    startup_stm32f401xc.o(STACK) refers (Special) to heapauxi.o(.text) for __use_two_region_memory
    startup_stm32f401xc.o(HEAP) refers (Special) to heapauxi.o(.text) for __use_two_region_memory
    startup_stm32f401xc.o(RESET) refers (Special) to heapauxi.o(.text) for __use_two_region_memory
    startup_stm32f401xc.o(RESET) refers to startup_stm32f401xc.o(STACK) for __initial_sp
    startup_stm32f401xc.o(RESET) refers to startup_stm32f401xc.o(.text) for Reset_Handler
    startup_stm32f401xc.o(RESET) refers to stm32f4xx_it.o(i.NMI_Handler) for NMI_Handler
    startup_stm32f401xc.o(RESET) refers to stm32f4xx_it.o(i.HardFault_Handler) for HardFault_Handler
    startup_stm32f401xc.o(RESET) refers to stm32f4xx_it.o(i.MemManage_Handler) for MemManage_Handler
    startup_stm32f401xc.o(RESET) refers to stm32f4xx_it.o(i.BusFault_Handler) for BusFault_Handler
    startup_stm32f401xc.o(RESET) refers to stm32f4xx_it.o(i.UsageFault_Handler) for UsageFault_Handler
    startup_stm32f401xc.o(RESET) refers to stm32f4xx_it.o(i.SVC_Handler) for SVC_Handler
    startup_stm32f401xc.o(RESET) refers to stm32f4xx_it.o(i.DebugMon_Handler) for DebugMon_Handler
    startup_stm32f401xc.o(RESET) refers to stm32f4xx_it.o(i.PendSV_Handler) for PendSV_Handler
    startup_stm32f401xc.o(RESET) refers to stm32f4xx_it.o(i.SysTick_Handler) for SysTick_Handler
    startup_stm32f401xc.o(RESET) refers to stm32f4xx_it.o(i.DMA1_Stream3_IRQHandler) for DMA1_Stream3_IRQHandler
    startup_stm32f401xc.o(RESET) refers to stm32f4xx_it.o(i.DMA1_Stream4_IRQHandler) for DMA1_Stream4_IRQHandler
    startup_stm32f401xc.o(RESET) refers to stm32f4xx_it.o(i.TIM4_IRQHandler) for TIM4_IRQHandler
    startup_stm32f401xc.o(RESET) refers to stm32f4xx_it.o(i.SPI2_IRQHandler) for SPI2_IRQHandler
    startup_stm32f401xc.o(.text) refers (Special) to heapauxi.o(.text) for __use_two_region_memory
    startup_stm32f401xc.o(.text) refers to system_stm32f4xx.o(i.SystemInit) for SystemInit
    startup_stm32f401xc.o(.text) refers to __main.o(!!!main) for __main
    startup_stm32f401xc.o(.text) refers to startup_stm32f401xc.o(HEAP) for Heap_Mem
    startup_stm32f401xc.o(.text) refers to startup_stm32f401xc.o(STACK) for Stack_Mem
    main.o(i.HAL_TIM_PeriodElapsedCallback) refers to main.o(.data) for .data
    main.o(i.MX_GPIO_Init) refers to rt_memclr_w.o(.text) for __aeabi_memclr4
    main.o(i.MX_GPIO_Init) refers to stm32f4xx_hal_gpio.o(i.HAL_GPIO_WritePin) for HAL_GPIO_WritePin
    main.o(i.MX_GPIO_Init) refers to stm32f4xx_hal_gpio.o(i.HAL_GPIO_Init) for HAL_GPIO_Init
    main.o(i.MX_SPI2_Init) refers to stm32f4xx_hal_spi.o(i.HAL_SPI_Init) for HAL_SPI_Init
    main.o(i.MX_SPI2_Init) refers to main.o(.bss) for .bss
    main.o(i.MX_TIM4_Init) refers to stm32f4xx_hal_tim.o(i.HAL_TIM_Base_Init) for HAL_TIM_Base_Init
    main.o(i.MX_TIM4_Init) refers to stm32f4xx_hal_tim.o(i.HAL_TIM_ConfigClockSource) for HAL_TIM_ConfigClockSource
    main.o(i.MX_TIM4_Init) refers to stm32f4xx_hal_tim_ex.o(i.HAL_TIMEx_MasterConfigSynchronization) for HAL_TIMEx_MasterConfigSynchronization
    main.o(i.MX_TIM4_Init) refers to dflt_clz.o(x$fpl$dfltu) for __aeabi_ui2d
    main.o(i.MX_TIM4_Init) refers to ddiv.o(x$fpl$ddiv) for __aeabi_ddiv
    main.o(i.MX_TIM4_Init) refers to daddsub_clz.o(x$fpl$dsub) for __aeabi_dsub
    main.o(i.MX_TIM4_Init) refers to dfixu.o(x$fpl$dfixu) for __aeabi_d2uiz
    main.o(i.MX_TIM4_Init) refers to stm32f4xx_hal_tim.o(i.HAL_TIM_Base_Start_IT) for HAL_TIM_Base_Start_IT
    main.o(i.MX_TIM4_Init) refers to main.o(.bss) for .bss
    main.o(i.MX_TIM4_Init) refers to system_stm32f4xx.o(.data) for SystemCoreClock
    main.o(i.SystemClock_Config) refers to rt_memclr_w.o(.text) for __aeabi_memclr4
    main.o(i.SystemClock_Config) refers to stm32f4xx_hal_rcc.o(i.HAL_RCC_OscConfig) for HAL_RCC_OscConfig
    main.o(i.SystemClock_Config) refers to stm32f4xx_hal_rcc.o(i.HAL_RCC_ClockConfig) for HAL_RCC_ClockConfig
    main.o(i.main) refers to stm32f4xx_hal.o(i.HAL_Init) for HAL_Init
    main.o(i.main) refers to main.o(i.SystemClock_Config) for SystemClock_Config
    main.o(i.main) refers to main.o(i.MX_GPIO_Init) for MX_GPIO_Init
    main.o(i.main) refers to stm32f4xx_hal_cortex.o(i.HAL_NVIC_SetPriority) for HAL_NVIC_SetPriority
    main.o(i.main) refers to stm32f4xx_hal_cortex.o(i.HAL_NVIC_EnableIRQ) for HAL_NVIC_EnableIRQ
    main.o(i.main) refers to main.o(i.MX_SPI2_Init) for MX_SPI2_Init
    main.o(i.main) refers to main.o(i.MX_TIM4_Init) for MX_TIM4_Init
    main.o(i.main) refers to stm32f4xx_hal_uart.o(i.HAL_UART_Init) for HAL_UART_Init
    main.o(i.main) refers to stm32f4xx_hal.o(i.HAL_Delay) for HAL_Delay
    main.o(i.main) refers to icm_20948.o(i.icm_20948_init) for icm_20948_init
[...]
    .constdata                               0x080067a0   Section        4  sys_io.o(.constdata)
    .constdata                               0x080067a4   Section        4  sys_io.o(.constdata)
    .constdata                               0x080067a8   Section        4  sys_io.o(.constdata)
    .data                                    0x20000000   Section       20  main.o(.data)
    timer_flag                               0x20000000   Data           1  main.o(.data)
    .data                                    0x20000014   Section       12  stm32f4xx_hal.o(.data)
    .data                                    0x20000020   Section        4  system_stm32f4xx.o(.data)
    .data                                    0x20000024   Section      312  attitude_kalman_extended.o(.data)
    run_first                                0x20000024   Data           1  attitude_kalman_extended.o(.data)
    lx                                       0x20000028   Data           4  attitude_kalman_extended.o(.data)
    ly                                       0x2000002c   Data           4  attitude_kalman_extended.o(.data)
    mag_hor                                  0x20000030   Data           4  attitude_kalman_extended.o(.data)
    mag_ver                                  0x20000034   Data           4  attitude_kalman_extended.o(.data)
    cov_gyro_inst                            0x20000038   Data           8  attitude_kalman_extended.o(.data)
    gyro2quat_cov_inst                       0x20000040   Data           8  attitude_kalman_extended.o(.data)
    gyro2quat_cov2_inst                      0x20000048   Data           8  attitude_kalman_extended.o(.data)
    cov_gyro_quat_temp_inst                  0x20000050   Data           8  attitude_kalman_extended.o(.data)
    cov_gyro_quat_inst                       0x20000058   Data           8  attitude_kalman_extended.o(.data)
    gain_numerator_inst                      0x20000060   Data           8  attitude_kalman_extended.o(.data)
    cov_pred_inst                            0x20000068   Data           8  attitude_kalman_extended.o(.data)
    cov_meas_inst                            0x20000070   Data           8  attitude_kalman_extended.o(.data)
    gain_matrix_inst                         0x20000078   Data           8  attitude_kalman_extended.o(.data)
    meas_pred_diff_inst                      0x20000080   Data           8  attitude_kalman_extended.o(.data)
    quat_correct_inst                        0x20000088   Data           8  attitude_kalman_extended.o(.data)
    kh_inst                                  0x20000090   Data           8  attitude_kalman_extended.o(.data)
    jh_inst                                  0x20000098   Data           8  attitude_kalman_extended.o(.data)
    jh_tran_inst                             0x200000a0   Data           8  attitude_kalman_extended.o(.data)
    cov_meas                                 0x200000a8   Data         144  attitude_kalman_extended.o(.data)
    cov_gyro                                 0x20000138   Data          36  attitude_kalman_extended.o(.data)
    .data                                    0x2000015c   Section        4  stdio_streams.o(.data)
    .data                                    0x20000160   Section        4  stdio_streams.o(.data)
    .data                                    0x20000164   Section        4  stdio_streams.o(.data)
    .bss                                     0x20000168   Section      284  main.o(.bss)
    .bss                                     0x20000284   Section       96  main.o(.bss)
    .bss                                     0x200002e4   Section       96  main.o(.bss)
    .bss                                     0x20000344   Section       20  icm_20948.o(.bss)
    data_rx                                  0x20000344   Data          20  icm_20948.o(.bss)
    .bss                                     0x20000358   Section      888  attitude_kalman_extended.o(.bss)
    cov_gyro_quat                            0x20000358   Data          64  attitude_kalman_extended.o(.bss)
    qgyro                                    0x20000398   Data          16  attitude_kalman_extended.o(.bss)
    gyro2quat_cov                            0x200003a8   Data          64  attitude_kalman_extended.o(.bss)
    gyro2quat_cov2                           0x200003e8   Data          48  attitude_kalman_extended.o(.bss)
    cov_gyro_quat_temp                       0x20000418   Data          64  attitude_kalman_extended.o(.bss)
    gain_numerator                           0x20000458   Data          96  attitude_kalman_extended.o(.bss)
    cov_pred                                 0x200004b8   Data         144  attitude_kalman_extended.o(.bss)
    gain_matrix                              0x20000548   Data          96  attitude_kalman_extended.o(.bss)
    meas_pred_diff                           0x200005a8   Data          24  attitude_kalman_extended.o(.bss)
    quat_correct                             0x200005c0   Data          16  attitude_kalman_extended.o(.bss)
    kh                                       0x200005d0   Data          64  attitude_kalman_extended.o(.bss)
    jh                                       0x20000610   Data          96  attitude_kalman_extended.o(.bss)
    jh_transpose                             0x20000670   Data          96  attitude_kalman_extended.o(.bss)
    .bss                                     0x200006d0   Section       84  stdio_streams.o(.bss)
    .bss                                     0x20000724   Section       84  stdio_streams.o(.bss)
    .bss                                     0x20000778   Section       84  stdio_streams.o(.bss)
    .bss                                     0x200007cc   Section       96  libspace.o(.bss)
    HEAP                                     0x20000830   Section      512  startup_stm32f401xc.o(HEAP)
    Heap_Mem                                 0x20000830   Data         512  startup_stm32f401xc.o(HEAP)
    STACK                                    0x20000a30   Section     1024  startup_stm32f401xc.o(STACK)
    Stack_Mem                                0x20000a30   Data        1024  startup_stm32f401xc.o(STACK)
    __initial_sp                             0x20000e30   Data           0  startup_stm32f401xc.o(STACK)

    Global Symbols

    Symbol Name                              Value     Ov Type        Size  Object(Section)

    BuildAttributes$$THM_ISAv4$E$P$D$K$B$S$7EM$VFPi3$EXTD16$VFPS$VFMA$PE$A:L22UL41UL21$X:L11$S22US41US21$IEEE1$IW$USESV6$~STKCKD$USESV7$~SHL$OTIME$ROPI$IEEEX$EBA8$UX$STANDARDLIB$REQ8$PRES8$EABIv2 0x00000000   Number         0  anon$$obj.o ABSOLUTE
    __ARM_use_no_argv                        0x00000000   Number         0  main.o ABSOLUTE
    __ARM_exceptions_init                     - Undefined Weak Reference
    __alloca_initialize                       - Undefined Weak Reference
    __arm_preinit_                            - Undefined Weak Reference
    __cpp_initialize__aeabi_                  - Undefined Weak Reference
    __cxa_finalize                            - Undefined Weak Reference
    __rt_locale                               - Undefined Weak Reference
    __sigvec_lookup                           - Undefined Weak Reference
    __user_heap_extent                        - Undefined Weak Reference
    _atexit_init                              - Undefined Weak Reference
    _call_atexit_fns                          - Undefined Weak Reference
    _clock_init                               - Undefined Weak Reference
    _fp_trap_init                             - Undefined Weak Reference
    _fp_trap_shutdown                         - Undefined Weak Reference
    _get_lc_collate                           - Undefined Weak Reference
    _get_lc_ctype                             - Undefined Weak Reference
    _get_lc_monetary                          - Undefined Weak Reference
    _get_lc_numeric                           - Undefined Weak Reference
    _get_lc_time                              - Undefined Weak Reference
    _getenv_init                              - Undefined Weak Reference
    _handle_redirection                       - Undefined Weak Reference
    _mutex_acquire                            - Undefined Weak Reference
    _mutex_free                               - Undefined Weak Reference
    _mutex_release                            - Undefined Weak Reference
    _printf_post_padding                      - Undefined Weak Reference
    _printf_pre_padding                       - Undefined Weak Reference
    _printf_truncate_signed                   - Undefined Weak Reference
    _printf_truncate_unsigned                 - Undefined Weak Reference
    _rand_init                                - Undefined Weak Reference
    _signal_finish                            - Undefined Weak Reference
    _signal_init                              - Undefined Weak Reference
    __Vectors_Size                           0x00000194   Number         0  startup_stm32f401xc.o ABSOLUTE
    __Vectors                                0x08000000   Data           4  startup_stm32f401xc.o(RESET)
    __Vectors_End                            0x08000194   Data           0  startup_stm32f401xc.o(RESET)
    __main                                   0x08000195   Thumb Code     8  __main.o(!!!main)
    __scatterload                            0x0800019d   Thumb Code     0  __scatter.o(!!!scatter)
    __scatterload_rt2                        0x0800019d   Thumb Code    44  __scatter.o(!!!scatter)
    __scatterload_rt2_thumb_only             0x0800019d   Thumb Code     0  __scatter.o(!!!scatter)
    __scatterload_null                       0x080001ab   Thumb Code     0  __scatter.o(!!!scatter)
    __decompress                             0x080001d1   Thumb Code    90  __dczerorl2.o(!!dczerorl2)
    __decompress1                            0x080001d1   Thumb Code     0  __dczerorl2.o(!!dczerorl2)
    __scatterload_zeroinit                   0x0800022d   Thumb Code    28  __scatter_zi.o(!!handler_zi)
    _printf_d                                0x08000249   Thumb Code     0  _printf_d.o(.ARM.Collect$$_printf_percent$$00000009)
    _printf_percent                          0x08000249   Thumb Code     0  _printf_percent.o(.ARM.Collect$$_printf_percent$$00000000)
    _printf_percent_end                      0x0800024f   Thumb Code     0  _printf_percent_end.o(.ARM.Collect$$_printf_percent$$00000017)
    __rt_lib_init                            0x08000253   Thumb Code     0  libinit.o(.ARM.Collect$$libinit$$00000000)
    __rt_lib_init_fp_1                       0x08000255   Thumb Code     0  libinit2.o(.ARM.Collect$$libinit$$00000001)
    __rt_lib_init_heap_2                     0x08000259   Thumb Code     0  libinit2.o(.ARM.Collect$$libinit$$00000005)
    __rt_lib_init_preinit_1                  0x08000259   Thumb Code     0  libinit2.o(.ARM.Collect$$libinit$$00000004)
    __rt_lib_init_atexit_1                   0x08000261   Thumb Code     0  libinit2.o(.ARM.Collect$$libinit$$0000001B)
    __rt_lib_init_clock_1                    0x08000261   Thumb Code     0  libinit2.o(.ARM.Collect$$libinit$$00000021)
    __rt_lib_init_fp_trap_1                  0x08000261   Thumb Code     0  libinit2.o(.ARM.Collect$$libinit$$0000001F)
    __rt_lib_init_getenv_1                   0x08000261   Thumb Code     0  libinit2.o(.ARM.Collect$$libinit$$00000023)
    __rt_lib_init_heap_1                     0x08000261   Thumb Code     0  libinit2.o(.ARM.Collect$$libinit$$0000000A)
    __rt_lib_init_lc_collate_1               0x08000261   Thumb Code     0  libinit2.o(.ARM.Collect$$libinit$$00000011)
    __rt_lib_init_lc_ctype_1                 0x08000261   Thumb Code     0  libinit2.o(.ARM.Collect$$libinit$$00000013)
    __rt_lib_init_lc_monetary_1              0x08000261   Thumb Code     0  libinit2.o(.ARM.Collect$$libinit$$00000015)
    __rt_lib_init_lc_numeric_1               0x08000261   Thumb Code     0  libinit2.o(.ARM.Collect$$libinit$$00000017)
    __rt_lib_init_lc_time_1                  0x08000261   Thumb Code     0  libinit2.o(.ARM.Collect$$libinit$$00000019)
    __rt_lib_init_rand_1                     0x08000261   Thumb Code     0  libinit2.o(.ARM.Collect$$libinit$$0000000E)
    __rt_lib_init_signal_1                   0x08000261   Thumb Code     0  libinit2.o(.ARM.Collect$$libinit$$0000001D)
    __rt_lib_init_stdio_2                    0x08000261   Thumb Code     0  libinit2.o(.ARM.Collect$$libinit$$00000024)
    __rt_lib_init_user_alloc_1               0x08000261   Thumb Code     0  libinit2.o(.ARM.Collect$$libinit$$0000000C)
    __rt_lib_init_alloca_1                   0x08000265   Thumb Code     0  libinit2.o(.ARM.Collect$$libinit$$0000002E)
    __rt_lib_init_argv_1                     0x08000265   Thumb Code     0  libinit2.o(.ARM.Collect$$libinit$$0000002C)
    __rt_lib_init_cpp_1                      0x08000265   Thumb Code     0  libinit2.o(.ARM.Collect$$libinit$$00000032)
    __rt_lib_init_exceptions_1               0x08000265   Thumb Code     0  libinit2.o(.ARM.Collect$$libinit$$00000030)
    __rt_lib_init_return                     0x08000265   Thumb Code     0  libinit2.o(.ARM.Collect$$libinit$$00000033)
    __rt_lib_init_stdio_1                    0x08000265   Thumb Code     0  libinit2.o(.ARM.Collect$$libinit$$00000025)
    __rt_lib_shutdown                        0x08000267   Thumb Code     0  libshutdown.o(.ARM.Collect$$libshutdown$$00000000)
    __rt_lib_shutdown_cpp_1                  0x08000269   Thumb Code     0  libshutdown2.o(.ARM.Collect$$libshutdown$$00000002)
    __rt_lib_shutdown_stdio_2                0x08000269   Thumb Code     0  libshutdown2.o(.ARM.Collect$$libshutdown$$00000003)
    __rt_lib_shutdown_fp_trap_1              0x0800026d   Thumb Code     0  libshutdown2.o(.ARM.Collect$$libshutdown$$00000007)
    __rt_lib_shutdown_heap_1                 0x0800026d   Thumb Code     0  libshutdown2.o(.ARM.Collect$$libshutdown$$0000000F)
    __rt_lib_shutdown_return                 0x0800026d   Thumb Code     0  libshutdown2.o(.ARM.Collect$$libshutdown$$00000010)
    __rt_lib_shutdown_signal_1               0x0800026d   Thumb Code     0  libshutdown2.o(.ARM.Collect$$libshutdown$$0000000A)
    __rt_lib_shutdown_stdio_1                0x0800026d   Thumb Code     0  libshutdown2.o(.ARM.Collect$$libshutdown$$00000004)
    __rt_lib_shutdown_user_alloc_1           0x0800026d   Thumb Code     0  libshutdown2.o(.ARM.Collect$$libshutdown$$0000000C)
    __rt_entry                               0x0800026f   Thumb Code     0  __rtentry.o(.ARM.Collect$$rtentry$$00000000)
    __rt_entry_presh_1                       0x0800026f   Thumb Code     0  __rtentry2.o(.ARM.Collect$$rtentry$$00000002)
    __rt_entry_sh                            0x0800026f   Thumb Code     0  __rtentry4.o(.ARM.Collect$$rtentry$$00000004)
    __rt_entry_li                            0x08000275   Thumb Code     0  __rtentry2.o(.ARM.Collect$$rtentry$$0000000A)
    __rt_entry_postsh_1                      0x08000275   Thumb Code     0  __rtentry2.o(.ARM.Collect$$rtentry$$00000009)
    __rt_entry_main                          0x08000279   Thumb Code     0  __rtentry2.o(.ARM.Collect$$rtentry$$0000000D)
    __rt_entry_postli_1                      0x08000279   Thumb Code     0  __rtentry2.o(.ARM.Collect$$rtentry$$0000000C)
    __rt_exit                                0x08000281   Thumb Code     0  rtexit.o(.ARM.Collect$$rtexit$$00000000)
    __rt_exit_ls                             0x08000283   Thumb Code     0  rtexit2.o(.ARM.Collect$$rtexit$$00000003)
    __rt_exit_prels_1                        0x08000283   Thumb Code     0  rtexit2.o(.ARM.Collect$$rtexit$$00000002)
    __rt_exit_exit                           0x08000287   Thumb Code     0  rtexit2.o(.ARM.Collect$$rtexit$$00000004)
    Reset_Handler                            0x0800028d   Thumb Code     8  startup_stm32f401xc.o(.text)
    _maybe_terminate_alloc                   0x0800028d   Thumb Code     0  maybetermalloc1.o(.emb_text)
    ADC_IRQHandler                           0x080002a7   Thumb Code     0  startup_stm32f401xc.o(.text)
    DMA1_Stream0_IRQHandler                  0x080002a7   Thumb Code     0  startup_stm32f401xc.o(.text)
    DMA1_Stream1_IRQHandler                  0x080002a7   Thumb Code     0  startup_stm32f401xc.o(.text)
    DMA1_Stream2_IRQHandler                  0x080002a7   Thumb Code     0  startup_stm32f401xc.o(.text)
    DMA1_Stream5_IRQHandler                  0x080002a7   Thumb Code     0  startup_stm32f401xc.o(.text)
    DMA1_Stream6_IRQHandler                  0x080002a7   Thumb Code     0  startup_stm32f401xc.o(.text)
    DMA1_Stream7_IRQHandler                  0x080002a7   Thumb Code     0  startup_stm32f401xc.o(.text)
    DMA2_Stream0_IRQHandler                  0x080002a7   Thumb Code     0  startup_stm32f401xc.o(.text)
    DMA2_Stream1_IRQHandler                  0x080002a7   Thumb Code     0  startup_stm32f401xc.o(.text)
    DMA2_Stream2_IRQHandler                  0x080002a7   Thumb Code     0  startup_stm32f401xc.o(.text)
    DMA2_Stream3_IRQHandler                  0x080002a7   Thumb Code     0  startup_stm32f401xc.o(.text)
    DMA2_Stream4_IRQHandler                  0x080002a7   Thumb Code     0  startup_stm32f401xc.o(.text)
    DMA2_Stream5_IRQHandler                  0x080002a7   Thumb Code     0  startup_stm32f401xc.o(.text)
    DMA2_Stream6_IRQHandler                  0x080002a7   Thumb Code     0  startup_stm32f401xc.o(.text)
    DMA2_Stream7_IRQHandler                  0x080002a7   Thumb Code     0  startup_stm32f401xc.o(.text)
    EXTI0_IRQHandler                         0x080002a7   Thumb Code     0  startup_stm32f401xc.o(.text)
    EXTI15_10_IRQHandler                     0x080002a7   Thumb Code     0  startup_stm32f401xc.o(.text)
    EXTI1_IRQHandler                         0x080002a7   Thumb Code     0  startup_stm32f401xc.o(.text)
    EXTI2_IRQHandler                         0x080002a7   Thumb Code     0  startup_stm32f401xc.o(.text)
    EXTI3_IRQHandler                         0x080002a7   Thumb Code     0  startup_stm32f401xc.o(.text)
    EXTI4_IRQHandler                         0x080002a7   Thumb Code     0  startup_stm32f401xc.o(.text)
    EXTI9_5_IRQHandler                       0x080002a7   Thumb Code     0  startup_stm32f401xc.o(.text)
    FLASH_IRQHandler                         0x080002a7   Thumb Code     0  startup_stm32f401xc.o(.text)
    FPU_IRQHandler                           0x080002a7   Thumb Code     0  startup_stm32f401xc.o(.text)
    I2C1_ER_IRQHandler                       0x080002a7   Thumb Code     0  startup_stm32f401xc.o(.text)
    I2C1_EV_IRQHandler                       0x080002a7   Thumb Code     0  startup_stm32f401xc.o(.text)
    I2C2_ER_IRQHandler                       0x080002a7   Thumb Code     0  startup_stm32f401xc.o(.text)
    I2C2_EV_IRQHandler                       0x080002a7   Thumb Code     0  startup_stm32f401xc.o(.text)
    I2C3_ER_IRQHandler                       0x080002a7   Thumb Code     0  startup_stm32f401xc.o(.text)
    I2C3_EV_IRQHandler                       0x080002a7   Thumb Code     0  startup_stm32f401xc.o(.text)
    OTG_FS_IRQHandler                        0x080002a7   Thumb Code     0  startup_stm32f401xc.o(.text)
    OTG_FS_WKUP_IRQHandler                   0x080002a7   Thumb Code     0  startup_stm32f401xc.o(.text)
    PVD_IRQHandler                           0x080002a7   Thumb Code     0  startup_stm32f401xc.o(.text)
    RCC_IRQHandler                           0x080002a7   Thumb Code     0  startup_stm32f401xc.o(.text)
    RTC_Alarm_IRQHandler                     0x080002a7   Thumb Code     0  startup_stm32f401xc.o(.text)
    RTC_WKUP_IRQHandler                      0x080002a7   Thumb Code     0  startup_stm32f401xc.o(.text)
    SDIO_IRQHandler                          0x080002a7   Thumb Code     0  startup_stm32f401xc.o(.text)
    SPI1_IRQHandler                          0x080002a7   Thumb Code     0  startup_stm32f401xc.o(.text)
    SPI3_IRQHandler                          0x080002a7   Thumb Code     0  startup_stm32f401xc.o(.text)
    SPI4_IRQHandler                          0x080002a7   Thumb Code     0  startup_stm32f401xc.o(.text)
    TAMP_STAMP_IRQHandler                    0x080002a7   Thumb Code     0  startup_stm32f401xc.o(.text)
    TIM1_BRK_TIM9_IRQHandler                 0x080002a7   Thumb Code     0  startup_stm32f401xc.o(.text)
    TIM1_CC_IRQHandler                       0x080002a7   Thumb Code     0  startup_stm32f401xc.o(.text)
    TIM1_TRG_COM_TIM11_IRQHandler            0x080002a7   Thumb Code     0  startup_stm32f401xc.o(.text)
    TIM1_UP_TIM10_IRQHandler                 0x080002a7   Thumb Code     0  startup_stm32f401xc.o(.text)
    TIM2_IRQHandler                          0x080002a7   Thumb Code     0  startup_stm32f401xc.o(.text)
    TIM3_IRQHandler                          0x080002a7   Thumb Code     0  startup_stm32f401xc.o(.text)
    TIM5_IRQHandler                          0x080002a7   Thumb Code     0  startup_stm32f401xc.o(.text)
    USART1_IRQHandler                        0x080002a7   Thumb Code     0  startup_stm32f401xc.o(.text)
    USART2_IRQHandler                        0x080002a7   Thumb Code     0  startup_stm32f401xc.o(.text)
    USART6_IRQHandler                        0x080002a7   Thumb Code     0  startup_stm32f401xc.o(.text)
    WWDG_IRQHandler                          0x080002a7   Thumb Code     0  startup_stm32f401xc.o(.text)
    __user_initial_stackheap                 0x080002a9   Thumb Code     0  startup_stm32f401xc.o(.text)
    malloc                                   0x080002cd   Thumb Code    94  h1_alloc.o(.text)
    free                                     0x0800032b   Thumb Code    78  h1_free.o(.text)
    __aeabi_uldivmod                         0x08000379   Thumb Code     0  lludivv7m.o(.text)
    _ll_udiv                                 0x08000379   Thumb Code   238  lludivv7m.o(.text)
    __2printf                                0x08000469   Thumb Code    20  noretval__2printf.o(.text)
    __printf                                 0x08000481   Thumb Code   104  __printf.o(.text)
    _printf_int_dec                          0x080004e9   Thumb Code   104  _printf_dec.o(.text)
    __aeabi_memcpy4                          0x08000561   Thumb Code     0  rt_memcpy_w.o(.text)
    __aeabi_memcpy8                          0x08000561   Thumb Code     0  rt_memcpy_w.o(.text)
    __rt_memcpy_w                            0x08000561   Thumb Code   100  rt_memcpy_w.o(.text)
    _memcpy_lastbytes_aligned                0x080005a9   Thumb Code     0  rt_memcpy_w.o(.text)
    __aeabi_memclr4                          0x080005c5   Thumb Code     0  rt_memclr_w.o(.text)
    __aeabi_memclr8                          0x080005c5   Thumb Code     0  rt_memclr_w.o(.text)
    __rt_memclr_w                            0x080005c5   Thumb Code    78  rt_memclr_w.o(.text)
    _memset_w                                0x080005c9   Thumb Code     0  rt_memclr_w.o(.text)
    __use_two_region_memory                  0x08000613   Thumb Code     2  heapauxi.o(.text)
    __rt_heap_escrow                         0x08000615   Thumb Code     2  heapauxi.o(.text)
    __rt_heap_expand                         0x08000617   Thumb Code     2  heapauxi.o(.text)
    __rt_heap_descriptor                     0x08000619   Thumb Code     8  rt_heap_descriptor_intlibspace.o(.text)
    __use_no_heap                            0x08000621   Thumb Code     2  hguard.o(.text)
    __heap$guard                             0x08000623   Thumb Code     2  hguard.o(.text)
    _terminate_user_alloc                    0x08000625   Thumb Code     2  init_alloc.o(.text)
    _init_user_alloc                         0x08000627   Thumb Code     2  init_alloc.o(.text)
    __Heap_Full                              0x08000629   Thumb Code    34  init_alloc.o(.text)
    __Heap_Broken                            0x0800064b   Thumb Code     6  init_alloc.o(.text)
    _init_alloc                              0x08000651   Thumb Code    94  init_alloc.o(.text)
    __Heap_Initialize                        0x080006af   Thumb Code    10  h1_init.o(.text)
    __Heap_DescSize                          0x080006b9   Thumb Code     4  h1_init.o(.text)
    __read_errno                             0x080006bd   Thumb Code    10  _rserrno.o(.text)
    __set_errno                              0x080006c7   Thumb Code    12  _rserrno.o(.text)
    _printf_int_common                       0x080006d3   Thumb Code   178  _printf_intcommon.o(.text)
    _printf_char_file                        0x08000785   Thumb Code    32  _printf_char_file.o(.text)
    __user_libspace                          0x080007a9   Thumb Code     8  libspace.o(.text)
    __user_perproc_libspace                  0x080007a9   Thumb Code     0  libspace.o(.text)
    __user_perthread_libspace                0x080007a9   Thumb Code     0  libspace.o(.text)
    __aeabi_errno_addr                       0x080007b1   Thumb Code     8  rt_errno_addr_intlibspace.o(.text)
    __errno$intlibspace                      0x080007b1   Thumb Code     0  rt_errno_addr_intlibspace.o(.text)
    __rt_errno_addr$intlibspace              0x080007b1   Thumb Code     0  rt_errno_addr_intlibspace.o(.text)
    __Heap_ProvideMemory                     0x080007b9   Thumb Code    52  h1_extend.o(.text)
    _printf_char_common                      0x080007f7   Thumb Code    32  _printf_char_common.o(.text)
    ferror                                   0x0800081d   Thumb Code     8  ferror.o(.text)
    _initio                                  0x08000825   Thumb Code   210  initio.o(.text)
    _terminateio                             0x080008f7   Thumb Code    56  initio.o(.text)
    __rt_SIGRTMEM                            0x0800095d   Thumb Code    14  defsig_rtmem_outer.o(.text)
    _sys_open                                0x0800096b   Thumb Code    20  sys_io.o(.text)
    _sys_close                               0x0800097f   Thumb Code    12  sys_io.o(.text)
    _sys_write                               0x0800098b   Thumb Code    16  sys_io.o(.text)
    _sys_read                                0x0800099b   Thumb Code    14  sys_io.o(.text)
    _sys_istty                               0x080009a9   Thumb Code    12  sys_io.o(.text)
    _sys_seek                                0x080009b5   Thumb Code    14  sys_io.o(.text)
    _sys_ensure                              0x080009c3   Thumb Code     2  sys_io.o(.text)
    _sys_flen                                0x080009c5   Thumb Code    12  sys_io.o(.text)
    __I$use$semihosting                      0x080009d1   Thumb Code     0  use_no_semi.o(.text)
    __use_no_semihosting_swi                 0x080009d1   Thumb Code     2  use_no_semi.o(.text)
    __semihosting_library_function           0x080009d3   Thumb Code     0  indicate_semi.o(.text)
    __user_setup_stackheap                   0x080009d3   Thumb Code    74  sys_stackheap_outer.o(.text)
    __flsbuf                                 0x08000a1d   Thumb Code   470  flsbuf.o(.text)
    __flsbuf_byte                            0x08000a1d   Thumb Code     0  flsbuf.o(.text)
    __flsbuf_wide                            0x08000a1d   Thumb Code     0  flsbuf.o(.text)
    setvbuf                                  0x08000bf3   Thumb Code    70  setvbuf.o(.text)
    freopen                                  0x08000c39   Thumb Code   158  fopen.o(.text)
    fopen                                    0x08000cd7   Thumb Code    74  fopen.o(.text)
    _fclose_internal                         0x08000d25   Thumb Code    76  fclose.o(.text)
    fclose                                   0x08000d25   Thumb Code     0  fclose.o(.text)
    exit                                     0x08000d71   Thumb Code    18  exit.o(.text)
    __sig_exit                               0x08000d83   Thumb Code    10  defsig_exit.o(.text)
    __rt_SIGRTRED                            0x08000d8d   Thumb Code    14  defsig_rtred_outer.o(.text)
    __rt_SIGRTMEM_inner                      0x08000d9d   Thumb Code    22  defsig_rtmem_inner.o(.text)
    _sys_exit                                0x08000ded   Thumb Code     8  sys_exit.o(.text)
    _fseek                                   0x08000df9   Thumb Code   242  fseek.o(.text)
    fseek                                    0x08000df9   Thumb Code     0  fseek.o(.text)
    _seterr                                  0x08000ef1   Thumb Code    20  stdio.o(.text)
    _writebuf                                0x08000f05   Thumb Code    84  stdio.o(.text)
    _fflush                                  0x08000f59   Thumb Code    70  stdio.o(.text)
    _deferredlazyseek                        0x08000f9f   Thumb Code    60  stdio.o(.text)
    __default_signal_display                 0x08000fe1   Thumb Code    50  defsig_general.o(.text)
    __rt_SIGRTRED_inner                      0x08001015   Thumb Code    14  defsig_rtred_inner.o(.text)
    strlen                                   0x08001049   Thumb Code    62  strlen.o(.text)
    _ttywrch                                 0x08001087   Thumb Code    14  sys_wrch.o(.text)
    _ftell_internal                          0x08001095   Thumb Code    66  ftell.o(.text)
    ftell                                    0x08001095   Thumb Code     0  ftell.o(.text)
    arm_mat_add_f32                          0x080010d9   Thumb Code   186  arm_mat_add_f32.o(.text.arm_mat_add_f32)
    arm_mat_init_f32                         0x08001193   Thumb Code     8  arm_mat_init_f32.o(.text.arm_mat_init_f32)
    arm_mat_inverse_f32                      0x0800119d   Thumb Code   756  arm_mat_inverse_f32.o(.text.arm_mat_inverse_f32)
    arm_mat_mult_f32                         0x08001491   Thumb Code   296  arm_mat_mult_f32.o(.text.arm_mat_mult_f32)
    arm_mat_sub_f32                          0x080015b9   Thumb Code   186  arm_mat_sub_f32.o(.text.arm_mat_sub_f32)
    arm_mat_trans_f32                        0x08001675   Thumb Code   162  arm_mat_trans_f32.o(.text.arm_mat_trans_f32)
    BusFault_Handler                         0x08001717   Thumb Code     2  stm32f4xx_it.o(i.BusFault_Handler)
    DMA1_Stream3_IRQHandler                  0x08001719   Thumb Code     6  stm32f4xx_it.o(i.DMA1_Stream3_IRQHandler)
    DMA1_Stream4_IRQHandler                  0x08001725   Thumb Code     6  stm32f4xx_it.o(i.DMA1_Stream4_IRQHandler)
    DebugMon_Handler                         0x080017d5   Thumb Code     2  stm32f4xx_it.o(i.DebugMon_Handler)
    Error_Handler                            0x080017d7   Thumb Code     4  main.o(i.Error_Handler)
    HAL_DMA_Abort_IT                         0x080017db   Thumb Code    36  stm32f4xx_hal_dma.o(i.HAL_DMA_Abort_IT)
    HAL_DMA_IRQHandler                       0x08001801   Thumb Code   412  stm32f4xx_hal_dma.o(i.HAL_DMA_IRQHandler)
    HAL_DMA_Init                             0x080019a1   Thumb Code   206  stm32f4xx_hal_dma.o(i.HAL_DMA_Init)
    HAL_DMA_Start_IT                         0x08001a75   Thumb Code   110  stm32f4xx_hal_dma.o(i.HAL_DMA_Start_IT)
    HAL_Delay                                0x08001ae5   Thumb Code    32  stm32f4xx_hal.o(i.HAL_Delay)
    HAL_GPIO_Init                            0x08001b09   Thumb Code   446  stm32f4xx_hal_gpio.o(i.HAL_GPIO_Init)
    HAL_GPIO_WritePin                        0x08001ce9   Thumb Code    10  stm32f4xx_hal_gpio.o(i.HAL_GPIO_WritePin)
    HAL_GetTick                              0x08001cf5   Thumb Code     6  stm32f4xx_hal.o(i.HAL_GetTick)
    HAL_IncTick                              0x08001d01   Thumb Code    12  stm32f4xx_hal.o(i.HAL_IncTick)
    HAL_Init                                 0x08001d11   Thumb Code    48  stm32f4xx_hal.o(i.HAL_Init)
    HAL_InitTick                             0x08001d45   Thumb Code    54  stm32f4xx_hal.o(i.HAL_InitTick)
    HAL_MspInit                              0x08001d85   Thumb Code    42  stm32f4xx_hal_msp.o(i.HAL_MspInit)
    HAL_NVIC_EnableIRQ                       0x08001db5   Thumb Code    26  stm32f4xx_hal_cortex.o(i.HAL_NVIC_EnableIRQ)
    HAL_NVIC_SetPriority                     0x08001dd1   Thumb Code    60  stm32f4xx_hal_cortex.o(i.HAL_NVIC_SetPriority)
    HAL_NVIC_SetPriorityGrouping             0x08001e11   Thumb Code    26  stm32f4xx_hal_cortex.o(i.HAL_NVIC_SetPriorityGrouping)
    HAL_RCC_ClockConfig                      0x08001e35   Thumb Code   288  stm32f4xx_hal_rcc.o(i.HAL_RCC_ClockConfig)
    HAL_RCC_GetPCLK1Freq                     0x08001f69   Thumb Code    20  stm32f4xx_hal_rcc.o(i.HAL_RCC_GetPCLK1Freq)
    HAL_RCC_GetPCLK2Freq                     0x08001f89   Thumb Code    20  stm32f4xx_hal_rcc.o(i.HAL_RCC_GetPCLK2Freq)
    HAL_RCC_GetSysClockFreq                  0x08001fa9   Thumb Code    88  stm32f4xx_hal_rcc.o(i.HAL_RCC_GetSysClockFreq)
    HAL_RCC_OscConfig                        0x0800200d   Thumb Code   856  stm32f4xx_hal_rcc.o(i.HAL_RCC_OscConfig)
    HAL_SPI_ErrorCallback                    0x08002379   Thumb Code     2  stm32f4xx_hal_spi.o(i.HAL_SPI_ErrorCallback)
    HAL_SPI_IRQHandler                       0x0800237d   Thumb Code   246  stm32f4xx_hal_spi.o(i.HAL_SPI_IRQHandler)
    HAL_SPI_Init                             0x08002479   Thumb Code   188  stm32f4xx_hal_spi.o(i.HAL_SPI_Init)
    HAL_SPI_MspInit                          0x08002535   Thumb Code   194  stm32f4xx_hal_msp.o(i.HAL_SPI_MspInit)
    HAL_SPI_Receive                          0x08002611   Thumb Code   340  stm32f4xx_hal_spi.o(i.HAL_SPI_Receive)
    HAL_SPI_Receive_DMA                      0x08002765   Thumb Code   218  stm32f4xx_hal_spi.o(i.HAL_SPI_Receive_DMA)
    HAL_SPI_RxCpltCallback                   0x0800284d   Thumb Code    12  icm_20948.o(i.HAL_SPI_RxCpltCallback)
    HAL_SPI_RxHalfCpltCallback               0x0800285d   Thumb Code     2  stm32f4xx_hal_spi.o(i.HAL_SPI_RxHalfCpltCallback)
    HAL_SPI_Transmit                         0x0800285f   Thumb Code   358  stm32f4xx_hal_spi.o(i.HAL_SPI_Transmit)
    HAL_SPI_TransmitReceive                  0x080029c5   Thumb Code   496  stm32f4xx_hal_spi.o(i.HAL_SPI_TransmitReceive)
    HAL_SPI_TransmitReceive_DMA              0x08002bb5   Thumb Code   252  stm32f4xx_hal_spi.o(i.HAL_SPI_TransmitReceive_DMA)
    HAL_SPI_TxRxCpltCallback                 0x08002cc5   Thumb Code     2  stm32f4xx_hal_spi.o(i.HAL_SPI_TxRxCpltCallback)
    HAL_SPI_TxRxHalfCpltCallback             0x08002cc7   Thumb Code     2  stm32f4xx_hal_spi.o(i.HAL_SPI_TxRxHalfCpltCallback)
    HAL_SYSTICK_Config                       0x08002cc9   Thumb Code    40  stm32f4xx_hal_cortex.o(i.HAL_SYSTICK_Config)
    HAL_TIMEx_BreakCallback                  0x08002cf1   Thumb Code     2  stm32f4xx_hal_tim_ex.o(i.HAL_TIMEx_BreakCallback)
    HAL_TIMEx_CommutCallback                 0x08002cf3   Thumb Code     2  stm32f4xx_hal_tim_ex.o(i.HAL_TIMEx_CommutCallback)
    HAL_TIMEx_MasterConfigSynchronization    0x08002cf5   Thumb Code   104  stm32f4xx_hal_tim_ex.o(i.HAL_TIMEx_MasterConfigSynchronization)
    HAL_TIM_Base_Init                        0x08002d71   Thumb Code    90  stm32f4xx_hal_tim.o(i.HAL_TIM_Base_Init)
    HAL_TIM_Base_MspInit                     0x08002dcd   Thumb Code    50  stm32f4xx_hal_msp.o(i.HAL_TIM_Base_MspInit)
    HAL_TIM_Base_Start_IT                    0x08002e09   Thumb Code    88  stm32f4xx_hal_tim.o(i.HAL_TIM_Base_Start_IT)
    HAL_TIM_ConfigClockSource                0x08002e75   Thumb Code   220  stm32f4xx_hal_tim.o(i.HAL_TIM_ConfigClockSource)
    HAL_TIM_IC_CaptureCallback               0x08002f51   Thumb Code     2  stm32f4xx_hal_tim.o(i.HAL_TIM_IC_CaptureCallback)
    HAL_TIM_IRQHandler                       0x08002f53   Thumb Code   304  stm32f4xx_hal_tim.o(i.HAL_TIM_IRQHandler)
    HAL_TIM_OC_DelayElapsedCallback          0x08003083   Thumb Code     2  stm32f4xx_hal_tim.o(i.HAL_TIM_OC_DelayElapsedCallback)
    HAL_TIM_PWM_PulseFinishedCallback        0x08003085   Thumb Code     2  stm32f4xx_hal_tim.o(i.HAL_TIM_PWM_PulseFinishedCallback)
    HAL_TIM_PeriodElapsedCallback            0x08003089   Thumb Code     8  main.o(i.HAL_TIM_PeriodElapsedCallback)
    HAL_TIM_TriggerCallback                  0x08003095   Thumb Code     2  stm32f4xx_hal_tim.o(i.HAL_TIM_TriggerCallback)
    HAL_UART_Init                            0x08003097   Thumb Code   100  stm32f4xx_hal_uart.o(i.HAL_UART_Init)
    HAL_UART_MspInit                         0x080030fd   Thumb Code    92  stm32f4xx_hal_msp.o(i.HAL_UART_MspInit)
    HAL_UART_Transmit                        0x08003165   Thumb Code   160  stm32f4xx_hal_uart.o(i.HAL_UART_Transmit)
    HardFault_Handler                        0x08003205   Thumb Code     2  stm32f4xx_it.o(i.HardFault_Handler)
    MemManage_Handler                        0x08003359   Thumb Code     2  stm32f4xx_it.o(i.MemManage_Handler)
    NMI_Handler                              0x0800335b   Thumb Code     2  stm32f4xx_it.o(i.NMI_Handler)
    PendSV_Handler                           0x0800335d   Thumb Code     2  stm32f4xx_it.o(i.PendSV_Handler)
    SPI2_IRQHandler                          0x08003361   Thumb Code     6  stm32f4xx_it.o(i.SPI2_IRQHandler)
    SVC_Handler                              0x080035fd   Thumb Code     2  stm32f4xx_it.o(i.SVC_Handler)
    SysTick_Handler                          0x080035ff   Thumb Code     4  stm32f4xx_it.o(i.SysTick_Handler)
    SystemClock_Config                       0x08003605   Thumb Code   120  main.o(i.SystemClock_Config)
    SystemInit                               0x08003685   Thumb Code    12  system_stm32f4xx.o(i.SystemInit)
    TIM4_IRQHandler                          0x08003695   Thumb Code     6  stm32f4xx_it.o(i.TIM4_IRQHandler)
    TIM_Base_SetConfig                       0x080036a1   Thumb Code   130  stm32f4xx_hal_tim.o(i.TIM_Base_SetConfig)
    TIM_ETR_SetConfig                        0x08003741   Thumb Code    20  stm32f4xx_hal_tim.o(i.TIM_ETR_SetConfig)
    UsageFault_Handler                       0x08003977   Thumb Code     2  stm32f4xx_it.o(i.UsageFault_Handler)
    __ARM_fpclassify                         0x08003979   Thumb Code    48  fpclassify.o(i.__ARM_fpclassify)
    __hardfp_pow                             0x080039c9   Thumb Code  3072  pow.o(i.__hardfp_pow)
    __kernel_poly                            0x08004619   Thumb Code   248  poly.o(i.__kernel_poly)
    __mathlib_dbl_divzero                    0x08004711   Thumb Code    28  dunder.o(i.__mathlib_dbl_divzero)
    __mathlib_dbl_infnan2                    0x08004741   Thumb Code    20  dunder.o(i.__mathlib_dbl_infnan2)
    __mathlib_dbl_invalid                    0x08004759   Thumb Code    24  dunder.o(i.__mathlib_dbl_invalid)
    __mathlib_dbl_overflow                   0x08004779   Thumb Code    24  dunder.o(i.__mathlib_dbl_overflow)
    __mathlib_dbl_underflow                  0x08004799   Thumb Code    24  dunder.o(i.__mathlib_dbl_underflow)
    acc2quat                                 0x080047b9   Thumb Code   156  imu2quaternion.o(i.acc2quat)
    accmag2quat                              0x08004859   Thumb Code   168  imu2quaternion.o(i.accmag2quat)
    attitude_init_extended                   0x08004a05   Thumb Code   158  attitude_kalman_extended.o(i.attitude_init_extended)
    fabs                                     0x08004d81   Thumb Code    24  fabs.o(i.fabs)
    fputc                                    0x08004d99   Thumb Code    26  fputc.o(i.fputc)
    icm_20948_init                           0x08004db3   Thumb Code   156  icm_20948.o(i.icm_20948_init)
    icm_20948_read_data                      0x08004e51   Thumb Code   116  icm_20948.o(i.icm_20948_read_data)
    icm_20948_read_reg                       0x08004ecd   Thumb Code    50  icm_20948.o(i.icm_20948_read_reg)
    icm_20948_write_reg                      0x08004f05   Thumb Code    40  icm_20948.o(i.icm_20948_write_reg)
    mag2quat                                 0x08004f31   Thumb Code   178  imu2quaternion.o(i.mag2quat)
    main                                     0x08004fe9   Thumb Code   258  main.o(i.main)
    quat_gyro                                0x080050fd   Thumb Code   134  imu2quaternion.o(i.quat_gyro)
    quat_mult                                0x08005183   Thumb Code    82  quaternion.o(i.quat_mult)
    quat_norm                                0x080051d5   Thumb Code    82  quaternion.o(i.quat_norm)
    quater2imu                               0x08005227   Thumb Code   134  quaternion2imu.o(i.quater2imu)
    run_kalman_extended                      0x08005349   Thumb Code   614  attitude_kalman_extended.o(i.run_kalman_extended)
    sensor2imu                               0x08005609   Thumb Code   524  imu_data.o(i.sensor2imu)
    sqrt                                     0x08005835   Thumb Code   110  sqrt.o(i.sqrt)
    vector_rotate                            0x080058a5   Thumb Code   166  quaternion.o(i.vector_rotate)
    __aeabi_dneg                             0x08005951   Thumb Code     0  basic.o(x$fpl$basic)
    _dneg                                    0x08005951   Thumb Code     6  basic.o(x$fpl$basic)
    __aeabi_fneg                             0x08005957   Thumb Code     0  basic.o(x$fpl$basic)
    _fneg                                    0x08005957   Thumb Code     6  basic.o(x$fpl$basic)
    _dabs                                    0x0800595d   Thumb Code     6  basic.o(x$fpl$basic)
    _fabs                                    0x08005963   Thumb Code     6  basic.o(x$fpl$basic)
    __aeabi_d2f                              0x08005969   Thumb Code     0  d2f.o(x$fpl$d2f)
    _d2f                                     0x08005969   Thumb Code    98  d2f.o(x$fpl$d2f)
    __aeabi_dadd                             0x080059cd   Thumb Code     0  daddsub_clz.o(x$fpl$dadd)
    _dadd                                    0x080059cd   Thumb Code   332  daddsub_clz.o(x$fpl$dadd)
    __fpl_dcheck_NaN1                        0x08005b1d   Thumb Code    10  dcheck1.o(x$fpl$dcheck1)
    __fpl_dcmp_Inf                           0x08005b2d   Thumb Code    24  dcmpi.o(x$fpl$dcmpinf)
    __aeabi_ddiv                             0x08005b45   Thumb Code     0  ddiv.o(x$fpl$ddiv)
    _ddiv                                    0x08005b45   Thumb Code   552  ddiv.o(x$fpl$ddiv)
    __aeabi_d2uiz                            0x08005df5   Thumb Code     0  dfixu.o(x$fpl$dfixu)
    _dfixu                                   0x08005df5   Thumb Code    90  dfixu.o(x$fpl$dfixu)
    __aeabi_i2d                              0x08005e4f   Thumb Code     0  dflt_clz.o(x$fpl$dflt)
    _dflt                                    0x08005e4f   Thumb Code    46  dflt_clz.o(x$fpl$dflt)
    __aeabi_ui2d                             0x08005e7d   Thumb Code     0  dflt_clz.o(x$fpl$dfltu)
    _dfltu                                   0x08005e7d   Thumb Code    38  dflt_clz.o(x$fpl$dfltu)
    __aeabi_cdcmple                          0x08005ea5   Thumb Code     0  dleqf.o(x$fpl$dleqf)
    _dcmple                                  0x08005ea5   Thumb Code   120  dleqf.o(x$fpl$dleqf)
    __fpl_dcmple_InfNaN                      0x08005f07   Thumb Code     0  dleqf.o(x$fpl$dleqf)
    __aeabi_dmul                             0x08005f1d   Thumb Code     0  dmul.o(x$fpl$dmul)
    _dmul                                    0x08005f1d   Thumb Code   332  dmul.o(x$fpl$dmul)
    __fpl_dnaninf                            0x08006071   Thumb Code   156  dnaninf.o(x$fpl$dnaninf)
    __fpl_dretinf                            0x0800610d   Thumb Code    12  dretinf.o(x$fpl$dretinf)
    __aeabi_cdrcmple                         0x08006119   Thumb Code     0  drleqf.o(x$fpl$drleqf)
    _drcmple                                 0x08006119   Thumb Code   108  drleqf.o(x$fpl$drleqf)
    __aeabi_drsub                            0x08006185   Thumb Code     0  daddsub_clz.o(x$fpl$drsb)
    _drsb                                    0x08006185   Thumb Code    22  daddsub_clz.o(x$fpl$drsb)
    _dsqrt                                   0x0800619d   Thumb Code   404  dsqrt_umaal.o(x$fpl$dsqrt)
    __aeabi_dsub                             0x08006335   Thumb Code     0  daddsub_clz.o(x$fpl$dsub)
    _dsub                                    0x08006335   Thumb Code   464  daddsub_clz.o(x$fpl$dsub)
    __aeabi_f2d                              0x08006509   Thumb Code     0  f2d.o(x$fpl$f2d)
    _f2d                                     0x08006509   Thumb Code    86  f2d.o(x$fpl$f2d)
    __fpl_fnaninf                            0x0800655f   Thumb Code   140  fnaninf.o(x$fpl$fnaninf)
    _fp_init                                 0x080065eb   Thumb Code    10  fpinit.o(x$fpl$fpinit)
    __fplib_config_fpu_vfp                   0x080065f3   Thumb Code     0  fpinit.o(x$fpl$fpinit)
    __fplib_config_pureend_doubles           0x080065f3   Thumb Code     0  fpinit.o(x$fpl$fpinit)
    __fpl_fretinf                            0x080065f5   Thumb Code    10  fretinf.o(x$fpl$fretinf)
    __fpl_return_NaN                         0x080065ff   Thumb Code   100  retnan.o(x$fpl$retnan)
    __ARM_scalbn                             0x08006663   Thumb Code    92  scalbn.o(x$fpl$scalbn)
    __fpl_cmpreturn                          0x080066bf   Thumb Code    48  trapv.o(x$fpl$trapveneer)
    __I$use$fp                               0x080066ee   Number         0  usenofp.o(x$fpl$usenofp)
    AHBPrescTable                            0x080066f6   Data          16  system_stm32f4xx.o(.constdata)
    APBPrescTable                            0x08006706   Data           8  system_stm32f4xx.o(.constdata)
    __mathlib_zero                           0x08006798   Data           8  qnan.o(.constdata)
    __stdin_name                             0x080067a0   Data           4  sys_io.o(.constdata)
    __stdout_name                            0x080067a4   Data           4  sys_io.o(.constdata)
    __stderr_name                            0x080067a8   Data           4  sys_io.o(.constdata)
    Region$$Table$$Base                      0x080067ac   Number         0  anon$$obj.o(Region$$Table)
    Region$$Table$$Limit                     0x080067cc   Number         0  anon$$obj.o(Region$$Table)
    kq                                       0x20000002   Data           2  main.o(.data)
    kq2                                      0x20000004   Data           2  main.o(.data)
    sum_gyro_x                               0x20000008   Data           4  main.o(.data)
    sum_gyro_y                               0x2000000c   Data           4  main.o(.data)
    sum_gyro_z                               0x20000010   Data           4  main.o(.data)
    uwTickFreq                               0x20000014   Data           1  stm32f4xx_hal.o(.data)
    uwTickPrio                               0x20000018   Data           4  stm32f4xx_hal.o(.data)
    uwTick                                   0x2000001c   Data           4  stm32f4xx_hal.o(.data)
    SystemCoreClock                          0x20000020   Data           4  system_stm32f4xx.o(.data)
    __aeabi_stdin                            0x2000015c   Data           4  stdio_streams.o(.data)
    __aeabi_stdout                           0x20000160   Data           4  stdio_streams.o(.data)
    __aeabi_stderr                           0x20000164   Data           4  stdio_streams.o(.data)
    hspi2                                    0x20000168   Data          88  main.o(.bss)
    htim4                                    0x200001c0   Data          72  main.o(.bss)
    huart2                                   0x20000208   Data          72  main.o(.bss)
    imu_norm_var                             0x20000250   Data          36  main.o(.bss)
    quat_temp                                0x20000274   Data          16  main.o(.bss)
    hdma_spi2_rx                             0x20000284   Data          96  main.o(.bss)
    hdma_spi2_tx                             0x200002e4   Data          96  main.o(.bss)
    __stdin                                  0x200006d0   Data          84  stdio_streams.o(.bss)
    __stdout                                 0x20000724   Data          84  stdio_streams.o(.bss)
    __stderr                                 0x20000778   Data          84  stdio_streams.o(.bss)
    __libspace_start                         0x200007cc   Data          96  libspace.o(.bss)
    __temporary_stack_top$libspace           0x2000082c   Data           0  libspace.o(.bss)



==============================================================================

Memory Map of the image

  Image Entry point : 0x08000195

  Load Region LR_IROM1 (Base: 0x08000000, Size: 0x00006934, Max: 0x00040000, ABSOLUTE, COMPRESSED[0x000067e8])

    Execution Region ER_IROM1 (Exec base: 0x08000000, Load base: 0x08000000, Size: 0x000067cc, Max: 0x00040000, ABSOLUTE)

    Exec Addr    Load Addr    Size         Type   Attr      Idx    E Section Name        Object

    0x08000000   0x08000000   0x00000194   Data   RO            3    RESET               startup_stm32f401xc.o
    0x08000194   0x08000194   0x00000008   Code   RO         3956  * !!!main             c_w.l(__main.o)
    0x0800019c   0x0800019c   0x00000034   Code   RO         4385    !!!scatter          c_w.l(__scatter.o)
    0x080001d0   0x080001d0   0x0000005a   Code   RO         4383    !!dczerorl2         c_w.l(__dczerorl2.o)
    0x0800022a   0x0800022a   0x00000002   PAD
    0x0800022c   0x0800022c   0x0000001c   Code   RO         4387    !!handler_zi        c_w.l(__scatter_zi.o)
    0x08000248   0x08000248   0x00000000   Code   RO         3949    .ARM.Collect$$_printf_percent$$00000000  c_w.l(_printf_percent.o)
    0x08000248   0x08000248   0x00000006   Code   RO         3948    .ARM.Collect$$_printf_percent$$00000009  c_w.l(_printf_d.o)
    0x0800024e   0x0800024e   0x00000004   Code   RO         4048    .ARM.Collect$$_printf_percent$$00000017  c_w.l(_printf_percent_end.o)
    0x08000252   0x08000252   0x00000002   Code   RO         4288    .ARM.Collect$$libinit$$00000000  c_w.l(libinit.o)
    0x08000254   0x08000254   0x00000004   Code   RO         4057    .ARM.Collect$$libinit$$00000001  c_w.l(libinit2.o)
    0x08000258   0x08000258   0x00000000   Code   RO         4060    .ARM.Collect$$libinit$$00000004  c_w.l(libinit2.o)
    0x08000258   0x08000258   0x00000008   Code   RO         4061    .ARM.Collect$$libinit$$00000005  c_w.l(libinit2.o)
    0x08000260   0x08000260   0x00000000   Code   RO         4063    .ARM.Collect$$libinit$$0000000A  c_w.l(libinit2.o)
    0x08000260   0x08000260   0x00000000   Code   RO         4065    .ARM.Collect$$libinit$$0000000C  c_w.l(libinit2.o)
    0x08000260   0x08000260   0x00000000   Code   RO         4067    .ARM.Collect$$libinit$$0000000E  c_w.l(libinit2.o)
    0x08000260   0x08000260   0x00000000   Code   RO         4070    .ARM.Collect$$libinit$$00000011  c_w.l(libinit2.o)
    0x08000260   0x08000260   0x00000000   Code   RO         4072    .ARM.Collect$$libinit$$00000013  c_w.l(libinit2.o)
    0x08000260   0x08000260   0x00000000   Code   RO         4074    .ARM.Collect$$libinit$$00000015  c_w.l(libinit2.o)
    0x08000260   0x08000260   0x00000000   Code   RO         4076    .ARM.Collect$$libinit$$00000017  c_w.l(libinit2.o)
    0x08000260   0x08000260   0x00000000   Code   RO         4078    .ARM.Collect$$libinit$$00000019  c_w.l(libinit2.o)
    0x08000260   0x08000260   0x00000000   Code   RO         4080    .ARM.Collect$$libinit$$0000001B  c_w.l(libinit2.o)
    0x08000260   0x08000260   0x00000000   Code   RO         4082    .ARM.Collect$$libinit$$0000001D  c_w.l(libinit2.o)
    0x08000260   0x08000260   0x00000000   Code   RO         4084    .ARM.Collect$$libinit$$0000001F  c_w.l(libinit2.o)
    0x08000260   0x08000260   0x00000000   Code   RO         4086    .ARM.Collect$$libinit$$00000021  c_w.l(libinit2.o)
    0x08000260   0x08000260   0x00000000   Code   RO         4088    .ARM.Collect$$libinit$$00000023  c_w.l(libinit2.o)
    0x08000260   0x08000260   0x00000004   Code   RO         4089    .ARM.Collect$$libinit$$00000024  c_w.l(libinit2.o)
    0x08000264   0x08000264   0x00000000   Code   RO         4090    .ARM.Collect$$libinit$$00000025  c_w.l(libinit2.o)
    0x08000264   0x08000264   0x00000000   Code   RO         4094    .ARM.Collect$$libinit$$0000002C  c_w.l(libinit2.o)
    0x08000264   0x08000264   0x00000000   Code   RO         4096    .ARM.Collect$$libinit$$0000002E  c_w.l(libinit2.o)
    0x08000264   0x08000264   0x00000000   Code   RO         4098    .ARM.Collect$$libinit$$00000030  c_w.l(libinit2.o)
    0x08000264   0x08000264   0x00000000   Code   RO         4100    .ARM.Collect$$libinit$$00000032  c_w.l(libinit2.o)
    0x08000264   0x08000264   0x00000002   Code   RO         4101    .ARM.Collect$$libinit$$00000033  c_w.l(libinit2.o)
    0x08000266   0x08000266   0x00000002   Code   RO         4380    .ARM.Collect$$libshutdown$$00000000  c_w.l(libshutdown.o)
    0x08000268   0x08000268   0x00000000   Code   RO         4290    .ARM.Collect$$libshutdown$$00000002  c_w.l(libshutdown2.o)
    0x08000268   0x08000268   0x00000004   Code   RO         4291    .ARM.Collect$$libshutdown$$00000003  c_w.l(libshutdown2.o)
    0x0800026c   0x0800026c   0x00000000   Code   RO         4292    .ARM.Collect$$libshutdown$$00000004  c_w.l(libshutdown2.o)
    0x0800026c   0x0800026c   0x00000000   Code   RO         4295    .ARM.Collect$$libshutdown$$00000007  c_w.l(libshutdown2.o)
    0x0800026c   0x0800026c   0x00000000   Code   RO         4298    .ARM.Collect$$libshutdown$$0000000A  c_w.l(libshutdown2.o)
    0x0800026c   0x0800026c   0x00000000   Code   RO         4300    .ARM.Collect$$libshutdown$$0000000C  c_w.l(libshutdown2.o)
    0x0800026c   0x0800026c   0x00000000   Code   RO         4303    .ARM.Collect$$libshutdown$$0000000F  c_w.l(libshutdown2.o)
    0x0800026c   0x0800026c   0x00000002   Code   RO         4304    .ARM.Collect$$libshutdown$$00000010  c_w.l(libshutdown2.o)
    0x0800026e   0x0800026e   0x00000000   Code   RO         4012    .ARM.Collect$$rtentry$$00000000  c_w.l(__rtentry.o)
    0x0800026e   0x0800026e   0x00000000   Code   RO         4174    .ARM.Collect$$rtentry$$00000002  c_w.l(__rtentry2.o)
    0x0800026e   0x0800026e   0x00000006   Code   RO         4186    .ARM.Collect$$rtentry$$00000004  c_w.l(__rtentry4.o)
    0x08000274   0x08000274   0x00000000   Code   RO         4176    .ARM.Collect$$rtentry$$00000009  c_w.l(__rtentry2.o)
    0x08000274   0x08000274   0x00000004   Code   RO         4177    .ARM.Collect$$rtentry$$0000000A  c_w.l(__rtentry2.o)
    0x08000278   0x08000278   0x00000000   Code   RO         4179    .ARM.Collect$$rtentry$$0000000C  c_w.l(__rtentry2.o)
    0x08000278   0x08000278   0x00000008   Code   RO         4180    .ARM.Collect$$rtentry$$0000000D  c_w.l(__rtentry2.o)
    0x08000280   0x08000280   0x00000002   Code   RO         4313    .ARM.Collect$$rtexit$$00000000  c_w.l(rtexit.o)
    0x08000282   0x08000282   0x00000000   Code   RO         4346    .ARM.Collect$$rtexit$$00000002  c_w.l(rtexit2.o)
    0x08000282   0x08000282   0x00000004   Code   RO         4347    .ARM.Collect$$rtexit$$00000003  c_w.l(rtexit2.o)
    0x08000286   0x08000286   0x00000006   Code   RO         4348    .ARM.Collect$$rtexit$$00000004  c_w.l(rtexit2.o)
    0x0800028c   0x0800028c   0x00000000   Code   RO         4197    .emb_text           c_w.l(maybetermalloc1.o)
    0x0800028c   0x0800028c   0x00000040   Code   RO            4    .text               startup_stm32f401xc.o
    0x080002cc   0x080002cc   0x0000005e   Code   RO         3860    .text               c_w.l(h1_alloc.o)
    0x0800032a   0x0800032a   0x0000004e   Code   RO         3862    .text               c_w.l(h1_free.o)
    0x08000378   0x08000378   0x000000ee   Code   RO         3918    .text               c_w.l(lludivv7m.o)
    0x08000466   0x08000466   0x00000002   PAD
    0x08000468   0x08000468   0x00000018   Code   RO         3922    .text               c_w.l(noretval__2printf.o)
    0x08000480   0x08000480   0x00000068   Code   RO         3924    .text               c_w.l(__printf.o)
    0x080004e8   0x080004e8   0x00000078   Code   RO         3926    .text               c_w.l(_printf_dec.o)
    0x08000560   0x08000560   0x00000064   Code   RO         3950    .text               c_w.l(rt_memcpy_w.o)
    0x080005c4   0x080005c4   0x0000004e   Code   RO         3952    .text               c_w.l(rt_memclr_w.o)
    0x08000612   0x08000612   0x00000006   Code   RO         3954    .text               c_w.l(heapauxi.o)
    0x08000618   0x08000618   0x00000008   Code   RO         4020    .text               c_w.l(rt_heap_descriptor_intlibspace.o)
    0x08000620   0x08000620   0x00000004   Code   RO         4022    .text               c_w.l(hguard.o)
    0x08000624   0x08000624   0x0000008a   Code   RO         4024    .text               c_w.l(init_alloc.o)
    0x080006ae   0x080006ae   0x0000000e   Code   RO         4028    .text               c_w.l(h1_init.o)
    0x080006bc   0x080006bc   0x00000016   Code   RO         4042    .text               c_w.l(_rserrno.o)
    0x080006d2   0x080006d2   0x000000b2   Code   RO         4044    .text               c_w.l(_printf_intcommon.o)
    0x08000784   0x08000784   0x00000024   Code   RO         4046    .text               c_w.l(_printf_char_file.o)
    0x080007a8   0x080007a8   0x00000008   Code   RO         4170    .text               c_w.l(libspace.o)
    0x080007b0   0x080007b0   0x00000008   Code   RO         4193    .text               c_w.l(rt_errno_addr_intlibspace.o)
    0x080007b8   0x080007b8   0x00000034   Code   RO         4199    .text               c_w.l(h1_extend.o)
    0x080007ec   0x080007ec   0x00000030   Code   RO         4203    .text               c_w.l(_printf_char_common.o)
    0x0800081c   0x0800081c   0x00000008   Code   RO         4205    .text               c_w.l(ferror.o)
    0x08000824   0x08000824   0x00000138   Code   RO         4211    .text               c_w.l(initio.o)
    0x0800095c   0x0800095c   0x0000000e   Code   RO         4219    .text               c_w.l(defsig_rtmem_outer.o)
    0x0800096a   0x0800096a   0x00000066   Code   RO         4236    .text               c_w.l(sys_io.o)
    0x080009d0   0x080009d0   0x00000002   Code   RO         4241    .text               c_w.l(use_no_semi.o)
    0x080009d2   0x080009d2   0x00000000   Code   RO         4243    .text               c_w.l(indicate_semi.o)
    0x080009d2   0x080009d2   0x0000004a   Code   RO         4244    .text               c_w.l(sys_stackheap_outer.o)
    0x08000a1c   0x08000a1c   0x000001d6   Code   RO         4252    .text               c_w.l(flsbuf.o)
    0x08000bf2   0x08000bf2   0x00000046   Code   RO         4254    .text               c_w.l(setvbuf.o)
    0x08000c38   0x08000c38   0x000000ec   Code   RO         4257    .text               c_w.l(fopen.o)
    0x08000d24   0x08000d24   0x0000004c   Code   RO         4259    .text               c_w.l(fclose.o)
    0x08000d70   0x08000d70   0x00000012   Code   RO         4265    .text               c_w.l(exit.o)
    0x08000d82   0x08000d82   0x0000000a   Code   RO         4267    .text               c_w.l(defsig_exit.o)
    0x08000d8c   0x08000d8c   0x0000000e   Code   RO         4273    .text               c_w.l(defsig_rtred_outer.o)
    0x08000d9a   0x08000d9a   0x00000002   PAD
    0x08000d9c   0x08000d9c   0x00000050   Code   RO         4277    .text               c_w.l(defsig_rtmem_inner.o)
    0x08000dec   0x08000dec   0x0000000c   Code   RO         4311    .text               c_w.l(sys_exit.o)
    0x08000df8   0x08000df8   0x000000f8   Code   RO         4321    .text               c_w.l(fseek.o)
    0x08000ef0   0x08000ef0   0x000000f0   Code   RO         4323    .text               c_w.l(stdio.o)
    0x08000fe0   0x08000fe0   0x00000032   Code   RO         4331    .text               c_w.l(defsig_general.o)
    0x08001012   0x08001012   0x00000002   PAD
    0x08001014   0x08001014   0x00000034   Code   RO         4335    .text               c_w.l(defsig_rtred_inner.o)
    0x08001048   0x08001048   0x0000003e   Code   RO         4339    .text               c_w.l(strlen.o)
    0x08001086   0x08001086   0x0000000e   Code   RO         4343    .text               c_w.l(sys_wrch.o)
    0x08001094   0x08001094   0x00000042   Code   RO         4356    .text               c_w.l(ftell.o)
    0x080010d6   0x080010d6   0x00000002   PAD
    0x080010d8   0x080010d8   0x000000ba   Code   RO         3682    .text.arm_mat_add_f32  arm_cortexM4lf_math.lib(arm_mat_add_f32.o)
    0x08001192   0x08001192   0x00000008   Code   RO         3691    .text.arm_mat_init_f32  arm_cortexM4lf_math.lib(arm_mat_init_f32.o)
    0x0800119a   0x0800119a   0x00000002   PAD
    0x0800119c   0x0800119c   0x000002f4   Code   RO         3699    .text.arm_mat_inverse_f32  arm_cortexM4lf_math.lib(arm_mat_inverse_f32.o)
    0x08001490   0x08001490   0x00000128   Code   RO         3708    .text.arm_mat_mult_f32  arm_cortexM4lf_math.lib(arm_mat_mult_f32.o)
    0x080015b8   0x080015b8   0x000000ba   Code   RO         3717    .text.arm_mat_sub_f32  arm_cortexM4lf_math.lib(arm_mat_sub_f32.o)
    0x08001672   0x08001672   0x00000002   PAD
    0x08001674   0x08001674   0x000000a2   Code   RO         3726    .text.arm_mat_trans_f32  arm_cortexM4lf_math.lib(arm_mat_trans_f32.o)
    0x08001716   0x08001716   0x00000002   Code   RO          221    i.BusFault_Handler  stm32f4xx_it.o
    0x08001718   0x08001718   0x0000000c   Code   RO          222    i.DMA1_Stream3_IRQHandler  stm32f4xx_it.o
    0x08001724   0x08001724   0x0000000c   Code   RO          223    i.DMA1_Stream4_IRQHandler  stm32f4xx_it.o
    0x08001730   0x08001730   0x00000028   Code   RO         1187    i.DMA_CalcBaseAndBitshift  stm32f4xx_hal_dma.o
    0x08001758   0x08001758   0x00000054   Code   RO         1188    i.DMA_CheckFifoParam  stm32f4xx_hal_dma.o
    0x080017ac   0x080017ac   0x00000028   Code   RO         1189    i.DMA_SetConfig     stm32f4xx_hal_dma.o
    0x080017d4   0x080017d4   0x00000002   Code   RO          224    i.DebugMon_Handler  stm32f4xx_it.o
    0x080017d6   0x080017d6   0x00000004   Code   RO           13    i.Error_Handler     main.o
    0x080017da   0x080017da   0x00000024   Code   RO         1191    i.HAL_DMA_Abort_IT  stm32f4xx_hal_dma.o
    0x080017fe   0x080017fe   0x00000002   PAD
    0x08001800   0x08001800   0x000001a0   Code   RO         1195    i.HAL_DMA_IRQHandler  stm32f4xx_hal_dma.o
    0x080019a0   0x080019a0   0x000000d4   Code   RO         1196    i.HAL_DMA_Init      stm32f4xx_hal_dma.o
    0x08001a74   0x08001a74   0x0000006e   Code   RO         1200    i.HAL_DMA_Start_IT  stm32f4xx_hal_dma.o
    0x08001ae2   0x08001ae2   0x00000002   PAD
    0x08001ae4   0x08001ae4   0x00000024   Code   RO         1651    i.HAL_Delay         stm32f4xx_hal.o
    0x08001b08   0x08001b08   0x000001e0   Code   RO         1083    i.HAL_GPIO_Init     stm32f4xx_hal_gpio.o
    0x08001ce8   0x08001ce8   0x0000000a   Code   RO         1087    i.HAL_GPIO_WritePin  stm32f4xx_hal_gpio.o
    0x08001cf2   0x08001cf2   0x00000002   PAD
    0x08001cf4   0x08001cf4   0x0000000c   Code   RO         1657    i.HAL_GetTick       stm32f4xx_hal.o
    0x08001d00   0x08001d00   0x00000010   Code   RO         1663    i.HAL_IncTick       stm32f4xx_hal.o
    0x08001d10   0x08001d10   0x00000034   Code   RO         1664    i.HAL_Init          stm32f4xx_hal.o
    0x08001d44   0x08001d44   0x00000040   Code   RO         1665    i.HAL_InitTick      stm32f4xx_hal.o
    0x08001d84   0x08001d84   0x00000030   Code   RO          321    i.HAL_MspInit       stm32f4xx_hal_msp.o
    0x08001db4   0x08001db4   0x0000001a   Code   RO         1499    i.HAL_NVIC_EnableIRQ  stm32f4xx_hal_cortex.o
    0x08001dce   0x08001dce   0x00000002   PAD
    0x08001dd0   0x08001dd0   0x00000040   Code   RO         1505    i.HAL_NVIC_SetPriority  stm32f4xx_hal_cortex.o
    0x08001e10   0x08001e10   0x00000024   Code   RO         1506    i.HAL_NVIC_SetPriorityGrouping  stm32f4xx_hal_cortex.o
    0x08001e34   0x08001e34   0x00000134   Code   RO          705    i.HAL_RCC_ClockConfig  stm32f4xx_hal_rcc.o
    0x08001f68   0x08001f68   0x00000020   Code   RO          712    i.HAL_RCC_GetPCLK1Freq  stm32f4xx_hal_rcc.o
    0x08001f88   0x08001f88   0x00000020   Code   RO          713    i.HAL_RCC_GetPCLK2Freq  stm32f4xx_hal_rcc.o
    0x08001fa8   0x08001fa8   0x00000064   Code   RO          714    i.HAL_RCC_GetSysClockFreq  stm32f4xx_hal_rcc.o
    0x0800200c   0x0800200c   0x0000036c   Code   RO          717    i.HAL_RCC_OscConfig  stm32f4xx_hal_rcc.o
    0x08002378   0x08002378   0x00000002   Code   RO          389    i.HAL_SPI_ErrorCallback  stm32f4xx_hal_spi.o
    0x0800237a   0x0800237a   0x00000002   PAD
    0x0800237c   0x0800237c   0x000000fc   Code   RO          392    i.HAL_SPI_IRQHandler  stm32f4xx_hal_spi.o
    0x08002478   0x08002478   0x000000bc   Code   RO          393    i.HAL_SPI_Init      stm32f4xx_hal_spi.o
    0x08002534   0x08002534   0x000000dc   Code   RO          323    i.HAL_SPI_MspInit   stm32f4xx_hal_msp.o
    0x08002610   0x08002610   0x00000154   Code   RO          396    i.HAL_SPI_Receive   stm32f4xx_hal_spi.o
    0x08002764   0x08002764   0x000000e8   Code   RO          397    i.HAL_SPI_Receive_DMA  stm32f4xx_hal_spi.o
    0x0800284c   0x0800284c   0x00000010   Code   RO         3276    i.HAL_SPI_RxCpltCallback  icm_20948.o
    0x0800285c   0x0800285c   0x00000002   Code   RO          400    i.HAL_SPI_RxHalfCpltCallback  stm32f4xx_hal_spi.o
    0x0800285e   0x0800285e   0x00000166   Code   RO          401    i.HAL_SPI_Transmit  stm32f4xx_hal_spi.o
    0x080029c4   0x080029c4   0x000001f0   Code   RO          402    i.HAL_SPI_TransmitReceive  stm32f4xx_hal_spi.o
    0x08002bb4   0x08002bb4   0x00000110   Code   RO          403    i.HAL_SPI_TransmitReceive_DMA  stm32f4xx_hal_spi.o
    0x08002cc4   0x08002cc4   0x00000002   Code   RO          409    i.HAL_SPI_TxRxCpltCallback  stm32f4xx_hal_spi.o
    0x08002cc6   0x08002cc6   0x00000002   Code   RO          410    i.HAL_SPI_TxRxHalfCpltCallback  stm32f4xx_hal_spi.o
    0x08002cc8   0x08002cc8   0x00000028   Code   RO         1510    i.HAL_SYSTICK_Config  stm32f4xx_hal_cortex.o
    0x08002cf0   0x08002cf0   0x00000002   Code   RO         2608    i.HAL_TIMEx_BreakCallback  stm32f4xx_hal_tim_ex.o
    0x08002cf2   0x08002cf2   0x00000002   Code   RO         2609    i.HAL_TIMEx_CommutCallback  stm32f4xx_hal_tim_ex.o
    0x08002cf4   0x08002cf4   0x0000007c   Code   RO         2627    i.HAL_TIMEx_MasterConfigSynchronization  stm32f4xx_hal_tim_ex.o
    0x08002d70   0x08002d70   0x0000005a   Code   RO         1904    i.HAL_TIM_Base_Init  stm32f4xx_hal_tim.o
    0x08002dca   0x08002dca   0x00000002   PAD
    0x08002dcc   0x08002dcc   0x0000003c   Code   RO          325    i.HAL_TIM_Base_MspInit  stm32f4xx_hal_msp.o
    0x08002e08   0x08002e08   0x0000006c   Code   RO         1909    i.HAL_TIM_Base_Start_IT  stm32f4xx_hal_tim.o
    0x08002e74   0x08002e74   0x000000dc   Code   RO         1913    i.HAL_TIM_ConfigClockSource  stm32f4xx_hal_tim.o
    0x08002f50   0x08002f50   0x00000002   Code   RO         1938    i.HAL_TIM_IC_CaptureCallback  stm32f4xx_hal_tim.o
    0x08002f52   0x08002f52   0x00000130   Code   RO         1952    i.HAL_TIM_IRQHandler  stm32f4xx_hal_tim.o
    0x08003082   0x08003082   0x00000002   Code   RO         1955    i.HAL_TIM_OC_DelayElapsedCallback  stm32f4xx_hal_tim.o
    0x08003084   0x08003084   0x00000002   Code   RO         1982    i.HAL_TIM_PWM_PulseFinishedCallback  stm32f4xx_hal_tim.o
    0x08003086   0x08003086   0x00000002   PAD
    0x08003088   0x08003088   0x0000000c   Code   RO           14    i.HAL_TIM_PeriodElapsedCallback  main.o
    0x08003094   0x08003094   0x00000002   Code   RO         1995    i.HAL_TIM_TriggerCallback  stm32f4xx_hal_tim.o
    0x08003096   0x08003096   0x00000064   Code   RO         2905    i.HAL_UART_Init     stm32f4xx_hal_uart.o
    0x080030fa   0x080030fa   0x00000002   PAD
    0x080030fc   0x080030fc   0x00000068   Code   RO          327    i.HAL_UART_MspInit  stm32f4xx_hal_msp.o
    0x08003164   0x08003164   0x000000a0   Code   RO         2913    i.HAL_UART_Transmit  stm32f4xx_hal_uart.o
    0x08003204   0x08003204   0x00000002   Code   RO          225    i.HardFault_Handler  stm32f4xx_it.o
    0x08003206   0x08003206   0x00000002   PAD
    0x08003208   0x08003208   0x00000060   Code   RO           15    i.MX_GPIO_Init      main.o
    0x08003268   0x08003268   0x00000040   Code   RO           16    i.MX_SPI2_Init      main.o
    0x080032a8   0x080032a8   0x000000b0   Code   RO           17    i.MX_TIM4_Init      main.o
    0x08003358   0x08003358   0x00000002   Code   RO          226    i.MemManage_Handler  stm32f4xx_it.o
    0x0800335a   0x0800335a   0x00000002   Code   RO          227    i.NMI_Handler       stm32f4xx_it.o
    0x0800335c   0x0800335c   0x00000002   Code   RO          228    i.PendSV_Handler    stm32f4xx_it.o
    0x0800335e   0x0800335e   0x00000002   PAD
    0x08003360   0x08003360   0x0000000c   Code   RO          229    i.SPI2_IRQHandler   stm32f4xx_it.o
    0x0800336c   0x0800336c   0x00000010   Code   RO          420    i.SPI_DMAAbortOnError  stm32f4xx_hal_spi.o
    0x0800337c   0x0800337c   0x00000022   Code   RO          421    i.SPI_DMAError      stm32f4xx_hal_spi.o
    0x0800339e   0x0800339e   0x0000000a   Code   RO          422    i.SPI_DMAHalfReceiveCplt  stm32f4xx_hal_spi.o
    0x080033a8   0x080033a8   0x0000000a   Code   RO          424    i.SPI_DMAHalfTransmitReceiveCplt  stm32f4xx_hal_spi.o
    0x080033b2   0x080033b2   0x0000006a   Code   RO          425    i.SPI_DMAReceiveCplt  stm32f4xx_hal_spi.o
    0x0800341c   0x0800341c   0x0000005a   Code   RO          428    i.SPI_DMATransmitReceiveCplt  stm32f4xx_hal_spi.o
    0x08003476   0x08003476   0x0000005c   Code   RO          430    i.SPI_EndRxTransaction  stm32f4xx_hal_spi.o
    0x080034d2   0x080034d2   0x00000002   PAD
    0x080034d4   0x080034d4   0x0000006c   Code   RO          431    i.SPI_EndRxTxTransaction  stm32f4xx_hal_spi.o
    0x08003540   0x08003540   0x000000bc   Code   RO          436    i.SPI_WaitFlagStateUntilTimeout  stm32f4xx_hal_spi.o
    0x080035fc   0x080035fc   0x00000002   Code   RO          230    i.SVC_Handler       stm32f4xx_it.o
    0x080035fe   0x080035fe   0x00000004   Code   RO          231    i.SysTick_Handler   stm32f4xx_it.o
    0x08003602   0x08003602   0x00000002   PAD
    0x08003604   0x08003604   0x00000080   Code   RO           18    i.SystemClock_Config  main.o
    0x08003684   0x08003684   0x00000010   Code   RO         3239    i.SystemInit        system_stm32f4xx.o
    0x08003694   0x08003694   0x0000000c   Code   RO          232    i.TIM4_IRQHandler   stm32f4xx_it.o
    0x080036a0   0x080036a0   0x000000a0   Code   RO         1997    i.TIM_Base_SetConfig  stm32f4xx_hal_tim.o
    0x08003740   0x08003740   0x00000014   Code   RO         2008    i.TIM_ETR_SetConfig  stm32f4xx_hal_tim.o
    0x08003754   0x08003754   0x00000010   Code   RO         2009    i.TIM_ITRx_SetConfig  stm32f4xx_hal_tim.o
    0x08003764   0x08003764   0x00000022   Code   RO         2015    i.TIM_TI1_ConfigInputStage  stm32f4xx_hal_tim.o
    0x08003786   0x08003786   0x00000024   Code   RO         2017    i.TIM_TI2_ConfigInputStage  stm32f4xx_hal_tim.o
    0x080037aa   0x080037aa   0x0000004e   Code   RO         2928    i.UART_EndRxTransfer  stm32f4xx_hal_uart.o
    0x080037f8   0x080037f8   0x0000010c   Code   RO         2931    i.UART_SetConfig    stm32f4xx_hal_uart.o
    0x08003904   0x08003904   0x00000072   Code   RO         2934    i.UART_WaitOnFlagUntilTimeout  stm32f4xx_hal_uart.o
    0x08003976   0x08003976   0x00000002   Code   RO          233    i.UsageFault_Handler  stm32f4xx_it.o
    0x08003978   0x08003978   0x00000030   Code   RO         4151    i.__ARM_fpclassify  m_wm.l(fpclassify.o)
    0x080039a8   0x080039a8   0x00000020   Code   RO         1512    i.__NVIC_SetPriority  stm32f4xx_hal_cortex.o
    0x080039c8   0x080039c8   0x00000c50   Code   RO         3996    i.__hardfp_pow      m_wm.l(pow.o)
    0x08004618   0x08004618   0x000000f8   Code   RO         4153    i.__kernel_poly     m_wm.l(poly.o)
    0x08004710   0x08004710   0x00000030   Code   RO         4131    i.__mathlib_dbl_divzero  m_wm.l(dunder.o)
    0x08004740   0x08004740   0x00000014   Code   RO         4133    i.__mathlib_dbl_infnan2  m_wm.l(dunder.o)
    0x08004754   0x08004754   0x00000004   PAD
    0x08004758   0x08004758   0x00000020   Code   RO         4134    i.__mathlib_dbl_invalid  m_wm.l(dunder.o)
    0x08004778   0x08004778   0x00000020   Code   RO         4135    i.__mathlib_dbl_overflow  m_wm.l(dunder.o)
    0x08004798   0x08004798   0x00000020   Code   RO         4137    i.__mathlib_dbl_underflow  m_wm.l(dunder.o)
    0x080047b8   0x080047b8   0x000000a0   Code   RO         3498    i.acc2quat          imu2quaternion.o
    0x08004858   0x08004858   0x000000ac   Code   RO         3499    i.accmag2quat       imu2quaternion.o
    0x08004904   0x08004904   0x00000010   Code   RO         3277    i.activate_imu      icm_20948.o
    0x08004914   0x08004914   0x000000b2   Code   RO         3278    i.ak09916_mag_init  icm_20948.o
    0x080049c6   0x080049c6   0x0000003e   Code   RO         3279    i.ak09916_write_reg  icm_20948.o
    0x08004a04   0x08004a04   0x000000b0   Code   RO         3606    i.attitude_init_extended  attitude_kalman_extended.o
    0x08004ab4   0x08004ab4   0x00000158   Code   RO         3607    i.covariance_gyro_extended  attitude_kalman_extended.o
    0x08004c0c   0x08004c0c   0x000000f0   Code   RO         3608    i.covariance_imu_predicted  attitude_kalman_extended.o
    0x08004cfc   0x08004cfc   0x00000074   Code   RO         3609    i.covariance_update  attitude_kalman_extended.o
    0x08004d70   0x08004d70   0x00000010   Code   RO         3280    i.deactivate_imu    icm_20948.o
    0x08004d80   0x08004d80   0x00000018   Code   RO         4147    i.fabs              m_wm.l(fabs.o)
    0x08004d98   0x08004d98   0x0000001a   Code   RO         4208    i.fputc             c_w.l(fputc.o)
    0x08004db2   0x08004db2   0x0000009c   Code   RO         3281    i.icm_20948_init    icm_20948.o
    0x08004e4e   0x08004e4e   0x00000002   PAD
    0x08004e50   0x08004e50   0x0000007c   Code   RO         3282    i.icm_20948_read_data  icm_20948.o
    0x08004ecc   0x08004ecc   0x00000038   Code   RO         3283    i.icm_20948_read_reg  icm_20948.o
    0x08004f04   0x08004f04   0x0000002c   Code   RO         3284    i.icm_20948_write_reg  icm_20948.o
    0x08004f30   0x08004f30   0x000000b8   Code   RO         3500    i.mag2quat          imu2quaternion.o
    0x08004fe8   0x08004fe8   0x00000114   Code   RO           19    i.main              main.o
    0x080050fc   0x080050fc   0x00000086   Code   RO         3501    i.quat_gyro         imu2quaternion.o
    0x08005182   0x08005182   0x00000052   Code   RO         3438    i.quat_mult         quaternion.o
    0x080051d4   0x080051d4   0x00000052   Code   RO         3439    i.quat_norm         quaternion.o
    0x08005226   0x08005226   0x00000086   Code   RO         3579    i.quater2imu        quaternion2imu.o
    0x080052ac   0x080052ac   0x0000009a   Code   RO         3285    i.remove_gyro_bias  icm_20948.o
    0x08005346   0x08005346   0x00000002   PAD
    0x08005348   0x08005348   0x0000028c   Code   RO         3611    i.run_kalman_extended  attitude_kalman_extended.o
    0x080055d4   0x080055d4   0x00000034   Code   RO         3286    i.sel_user_bank     icm_20948.o
    0x08005608   0x08005608   0x0000022c   Code   RO         3364    i.sensor2imu        imu_data.o
    0x08005834   0x08005834   0x0000006e   Code   RO         4158    i.sqrt              m_wm.l(sqrt.o)
    0x080058a2   0x080058a2   0x00000002   PAD
    0x080058a4   0x080058a4   0x000000ac   Code   RO         3441    i.vector_rotate     quaternion.o
    0x08005950   0x08005950   0x00000018   Code   RO         4102    x$fpl$basic         fz_wm.l(basic.o)
    0x08005968   0x08005968   0x00000062   Code   RO         3958    x$fpl$d2f           fz_wm.l(d2f.o)
    0x080059ca   0x080059ca   0x00000002   PAD
    0x080059cc   0x080059cc   0x00000150   Code   RO         3960    x$fpl$dadd          fz_wm.l(daddsub_clz.o)
    0x08005b1c   0x08005b1c   0x00000010   Code   RO         4228    x$fpl$dcheck1       fz_wm.l(dcheck1.o)
    0x08005b2c   0x08005b2c   0x00000018   Code   RO         4307    x$fpl$dcmpinf       fz_wm.l(dcmpi.o)
    0x08005b44   0x08005b44   0x000002b0   Code   RO         3967    x$fpl$ddiv          fz_wm.l(ddiv.o)
    0x08005df4   0x08005df4   0x0000005a   Code   RO         3970    x$fpl$dfixu         fz_wm.l(dfixu.o)
    0x08005e4e   0x08005e4e   0x0000002e   Code   RO         3975    x$fpl$dflt          fz_wm.l(dflt_clz.o)
    0x08005e7c   0x08005e7c   0x00000026   Code   RO         3974    x$fpl$dfltu         fz_wm.l(dflt_clz.o)
    0x08005ea2   0x08005ea2   0x00000002   PAD
    0x08005ea4   0x08005ea4   0x00000078   Code   RO         4230    x$fpl$dleqf         fz_wm.l(dleqf.o)
    0x08005f1c   0x08005f1c   0x00000154   Code   RO         3980    x$fpl$dmul          fz_wm.l(dmul.o)
    0x08006070   0x08006070   0x0000009c   Code   RO         4104    x$fpl$dnaninf       fz_wm.l(dnaninf.o)
    0x0800610c   0x0800610c   0x0000000c   Code   RO         4106    x$fpl$dretinf       fz_wm.l(dretinf.o)
    0x08006118   0x08006118   0x0000006c   Code   RO         4108    x$fpl$drleqf        fz_wm.l(drleqf.o)
    0x08006184   0x08006184   0x00000016   Code   RO         3961    x$fpl$drsb          fz_wm.l(daddsub_clz.o)
    0x0800619a   0x0800619a   0x00000002   PAD
    0x0800619c   0x0800619c   0x00000198   Code   RO         4232    x$fpl$dsqrt         fz_wm.l(dsqrt_umaal.o)
    0x08006334   0x08006334   0x000001d4   Code   RO         3962    x$fpl$dsub          fz_wm.l(daddsub_clz.o)
    0x08006508   0x08006508   0x00000056   Code   RO         3982    x$fpl$f2d           fz_wm.l(f2d.o)
    0x0800655e   0x0800655e   0x0000008c   Code   RO         4110    x$fpl$fnaninf       fz_wm.l(fnaninf.o)
    0x080065ea   0x080065ea   0x0000000a   Code   RO         4234    x$fpl$fpinit        fz_wm.l(fpinit.o)
    0x080065f4   0x080065f4   0x0000000a   Code   RO         4112    x$fpl$fretinf       fz_wm.l(fretinf.o)
    0x080065fe   0x080065fe   0x00000064   Code   RO         4309    x$fpl$retnan        fz_wm.l(retnan.o)
    0x08006662   0x08006662   0x0000005c   Code   RO         4114    x$fpl$scalbn        fz_wm.l(scalbn.o)
    0x080066be   0x080066be   0x00000030   Code   RO         4341    x$fpl$trapveneer    fz_wm.l(trapv.o)
    0x080066ee   0x080066ee   0x00000000   Code   RO         4116    x$fpl$usenofp       fz_wm.l(usenofp.o)
    0x080066ee   0x080066ee   0x00000008   Data   RO         1202    .constdata          stm32f4xx_hal_dma.o
    0x080066f6   0x080066f6   0x00000010   Data   RO         3240    .constdata          system_stm32f4xx.o
    0x08006706   0x08006706   0x00000008   Data   RO         3241    .constdata          system_stm32f4xx.o
    0x0800670e   0x0800670e   0x00000002   PAD
    0x08006710   0x08006710   0x00000088   Data   RO         3999    .constdata          m_wm.l(pow.o)
    0x08006798   0x08006798   0x00000008   Data   RO         4155    .constdata          m_wm.l(qnan.o)
    0x080067a0   0x080067a0   0x00000004   Data   RO         4237    .constdata          c_w.l(sys_io.o)
    0x080067a4   0x080067a4   0x00000004   Data   RO         4238    .constdata          c_w.l(sys_io.o)
    0x080067a8   0x080067a8   0x00000004   Data   RO         4239    .constdata          c_w.l(sys_io.o)
    0x080067ac   0x080067ac   0x00000020   Data   RO         4381    Region$$Table       anon$$obj.o


    Execution Region RW_IRAM1 (Exec base: 0x20000000, Load base: 0x080067cc, Size: 0x00000e30, Max: 0x00010000, ABSOLUTE, COMPRESSED[0x0000001c])

    Exec Addr    Load Addr    Size         Type   Attr      Idx    E Section Name        Object

    0x20000000   COMPRESSED   0x00000014   Data   RW           24    .data               main.o
    0x20000014   COMPRESSED   0x0000000c   Data   RW         1671    .data               stm32f4xx_hal.o
    0x20000020   COMPRESSED   0x00000004   Data   RW         3242    .data               system_stm32f4xx.o
    0x20000024   COMPRESSED   0x00000138   Data   RW         3613    .data               attitude_kalman_extended.o
    0x2000015c   COMPRESSED   0x00000004   Data   RW         4052    .data               c_w.l(stdio_streams.o)
    0x20000160   COMPRESSED   0x00000004   Data   RW         4053    .data               c_w.l(stdio_streams.o)
    0x20000164   COMPRESSED   0x00000004   Data   RW         4054    .data               c_w.l(stdio_streams.o)
    0x20000168        -       0x0000011c   Zero   RW           20    .bss                main.o
    0x20000284        -       0x00000060   Zero   RW           21    .bss                main.o
    0x200002e4        -       0x00000060   Zero   RW           22    .bss                main.o
    0x20000344        -       0x00000014   Zero   RW         3287    .bss                icm_20948.o
    0x20000358        -       0x00000378   Zero   RW         3612    .bss                attitude_kalman_extended.o
    0x200006d0        -       0x00000054   Zero   RW         4049    .bss                c_w.l(stdio_streams.o)
    0x20000724        -       0x00000054   Zero   RW         4050    .bss                c_w.l(stdio_streams.o)
    0x20000778        -       0x00000054   Zero   RW         4051    .bss                c_w.l(stdio_streams.o)
    0x200007cc        -       0x00000060   Zero   RW         4171    .bss                c_w.l(libspace.o)
    0x2000082c   COMPRESSED   0x00000004   PAD
    0x20000830        -       0x00000200   Zero   RW            2    HEAP                startup_stm32f401xc.o
    0x20000a30        -       0x00000400   Zero   RW            1    STACK               startup_stm32f401xc.o


==============================================================================

Image component sizes


      Code (inc. data)   RO Data    RW Data    ZI Data      Debug   Object Name

         0          0          0          0          0       1044   attitude_complementary.o
      1528         78          0        312        888       6111   attitude_kalman_extended.o
       874         38          0          0         20       9119   icm_20948.o
       650         14          0          0          0       4052   imu2quaternion.o
       556         32          0          0          0      18545   imu_data.o
       756         76          0         20        476     449939   main.o
       336          6          0          0          0       2880   quaternion.o
       134          0          0          0          0       1053   quaternion2imu.o
        64         26        404          0       1536        884   startup_stm32f401xc.o
       180         28          0         12          0       9589   stm32f4xx_hal.o
       198         14          0          0          0      34063   stm32f4xx_hal_cortex.o
       938         16          8          0          0       6778   stm32f4xx_hal_dma.o
       490         34          0          0          0       2288   stm32f4xx_hal_gpio.o
       432         54          0          0          0       3326   stm32f4xx_hal_msp.o
      1348         76          0          0          0       5500   stm32f4xx_hal_rcc.o
      2800         56          0          0          0      18422   stm32f4xx_hal_spi.o
       996         50          0          0          0      10837   stm32f4xx_hal_tim.o
       128         20          0          0          0       2645   stm32f4xx_hal_tim_ex.o
       720         10          0          0          0       5096   stm32f4xx_hal_uart.o
        68         24          0          0          0       6566   stm32f4xx_it.o
        16          4         24          4          0       1247   system_stm32f4xx.o

    ----------------------------------------------------------------------
     13240        656        470        348       2920     599984   Object Totals
         0          0         32          0          0          0   (incl. Generated)
        28          0          2          0          0          0   (incl. Padding)

    ----------------------------------------------------------------------

      Code (inc. data)   RO Data    RW Data    ZI Data      Debug   Library Member Name

       186          0          0          0          0       1797   arm_mat_add_f32.o
         8          0          0          0          0        841   arm_mat_init_f32.o
       756          4          0          0          0       3732   arm_mat_inverse_f32.o
       296          4          0          0          0       2300   arm_mat_mult_f32.o
       186          0          0          0          0       1795   arm_mat_sub_f32.o
       162          0          0          0          0       1865   arm_mat_trans_f32.o
        90          0          0          0          0          0   __dczerorl2.o
         8          0          0          0          0         68   __main.o
       104          0          0          0          0         84   __printf.o
         0          0          0          0          0          0   __rtentry.o
        12          0          0          0          0          0   __rtentry2.o
         6          0          0          0          0          0   __rtentry4.o
        52          8          0          0          0          0   __scatter.o
        28          0          0          0          0          0   __scatter_zi.o
        48          6          0          0          0         96   _printf_char_common.o
        36          4          0          0          0         80   _printf_char_file.o
         6          0          0          0          0          0   _printf_d.o
       120         16          0          0          0         92   _printf_dec.o
       178          0          0          0          0         88   _printf_intcommon.o
         0          0          0          0          0          0   _printf_percent.o
         4          0          0          0          0          0   _printf_percent_end.o
        22          0          0          0          0        100   _rserrno.o
        10          0          0          0          0         68   defsig_exit.o
        50          0          0          0          0         88   defsig_general.o
        80         58          0          0          0         76   defsig_rtmem_inner.o
        14          0          0          0          0         80   defsig_rtmem_outer.o
        52         38          0          0          0         76   defsig_rtred_inner.o
        14          0          0          0          0         80   defsig_rtred_outer.o
        18          0          0          0          0         80   exit.o
        76          0          0          0          0         88   fclose.o
         8          0          0          0          0         68   ferror.o
       470          0          0          0          0         88   flsbuf.o
       236          4          0          0          0        128   fopen.o
        26          0          0          0          0         68   fputc.o
       248          6          0          0          0         84   fseek.o
        66          0          0          0          0         76   ftell.o
        94          0          0          0          0         80   h1_alloc.o
        52          0          0          0          0         68   h1_extend.o
        78          0          0          0          0         80   h1_free.o
        14          0          0          0          0         84   h1_init.o
         6          0          0          0          0        152   heapauxi.o
         4          0          0          0          0        136   hguard.o
         0          0          0          0          0          0   indicate_semi.o
       138          0          0          0          0        168   init_alloc.o
       312         46          0          0          0        112   initio.o
         2          0          0          0          0          0   libinit.o
        18          0          0          0          0          0   libinit2.o
         2          0          0          0          0          0   libshutdown.o
         6          0          0          0          0          0   libshutdown2.o
         8          4          0          0         96         68   libspace.o
       238          0          0          0          0        100   lludivv7m.o
         0          0          0          0          0          0   maybetermalloc1.o
        24          4          0          0          0         84   noretval__2printf.o
         8          4          0          0          0         68   rt_errno_addr_intlibspace.o
         8          4          0          0          0         68   rt_heap_descriptor_intlibspace.o
        78          0          0          0          0         80   rt_memclr_w.o
       100          0          0          0          0         80   rt_memcpy_w.o
         2          0          0          0          0          0   rtexit.o
        10          0          0          0          0          0   rtexit2.o
        70          0          0          0          0         80   setvbuf.o
       240          6          0          0          0        156   stdio.o
         0          0          0         12        252          0   stdio_streams.o
        62          0          0          0          0         76   strlen.o
        12          4          0          0          0         68   sys_exit.o
       102          0         12          0          0        240   sys_io.o
        74          0          0          0          0         80   sys_stackheap_outer.o
        14          0          0          0          0         76   sys_wrch.o
         2          0          0          0          0         68   use_no_semi.o
        24          0          0          0          0        164   basic.o
        98          4          0          0          0        140   d2f.o
       826         16          0          0          0        492   daddsub_clz.o
        16          4          0          0          0        116   dcheck1.o
        24          0          0          0          0        116   dcmpi.o
       688        140          0          0          0        256   ddiv.o
        90          4          0          0          0        140   dfixu.o
        84          0          0          0          0        232   dflt_clz.o
       120          4          0          0          0        140   dleqf.o
       340         12          0          0          0        152   dmul.o
       156          4          0          0          0        140   dnaninf.o
        12          0          0          0          0        116   dretinf.o
       108          0          0          0          0        128   drleqf.o
       408         56          0          0          0        168   dsqrt_umaal.o
        86          4          0          0          0        132   f2d.o
       140          4          0          0          0        132   fnaninf.o
        10          0          0          0          0        116   fpinit.o
        10          0          0          0          0        116   fretinf.o
       100          0          0          0          0        116   retnan.o
        92          0          0          0          0        116   scalbn.o
        48          0          0          0          0        116   trapv.o
         0          0          0          0          0          0   usenofp.o
       164         44          0          0          0        620   dunder.o
        24          0          0          0          0        124   fabs.o
        48          0          0          0          0        124   fpclassify.o
       248          0          0          0          0        152   poly.o
      3152        296        136          0          0        352   pow.o
         0          0          8          0          0          0   qnan.o
       110          0          0          0          0        148   sqrt.o

    ----------------------------------------------------------------------
     12706        812        156         12        352      21222   Library Totals
        26          0          0          0          4          0   (incl. Padding)

    ----------------------------------------------------------------------

      Code (inc. data)   RO Data    RW Data    ZI Data      Debug   Library Name

      1594          8          0          0          0      12330   arm_cortexM4lf_math.lib
      3860        212         12         12        348       4028   c_w.l
      3480        252          0          0          0       3344   fz_wm.l
      3746        340        144          0          0       1520   m_wm.l

    ----------------------------------------------------------------------
     12706        812        156         12        352      21222   Library Totals

    ----------------------------------------------------------------------

==============================================================================


      Code (inc. data)   RO Data    RW Data    ZI Data      Debug   

     25946       1468        626        360       3272     605494   Grand Totals
     25946       1468        626         28       3272     605494   ELF Image Totals (compressed)
     25946       1468        626         28          0          0   ROM Totals

==============================================================================

    Total RO  Size (Code + RO Data)                26572 (  25.95kB)
    Total RW  Size (RW Data + ZI Data)              3632 (   3.55kB)
    Total ROM Size (Code + RO Data + RW Data)      26600 (  25.98kB)

==============================================================================

